Component: Arm Compiler for Embedded 6.18 Tool: armlink [5e4cc100]

==============================================================================

Section Cross References

    startup_stm32g070xx.o(RESET) refers to startup_stm32g070xx.o(STACK) for __initial_sp
    startup_stm32g070xx.o(RESET) refers to startup_stm32g070xx.o(.text) for Reset_Handler
    startup_stm32g070xx.o(RESET) refers to stm32g0xx_it.o(.text.NMI_Handler) for NMI_Handler
    startup_stm32g070xx.o(RESET) refers to stm32g0xx_it.o(.text.HardFault_Handler) for HardFault_Handler
    startup_stm32g070xx.o(RESET) refers to stm32g0xx_it.o(.text.SVC_Handler) for SVC_Handler
    startup_stm32g070xx.o(RESET) refers to stm32g0xx_it.o(.text.PendSV_Handler) for PendSV_Handler
    startup_stm32g070xx.o(RESET) refers to stm32g0xx_it.o(.text.SysTick_Handler) for SysTick_Handler
    startup_stm32g070xx.o(RESET) refers to stm32g0xx_it.o(.text.USART2_IRQHandler) for USART2_IRQHandler
    startup_stm32g070xx.o(RESET) refers to stm32g0xx_it.o(.text.USART3_4_IRQHandler) for USART3_4_IRQHandler
    startup_stm32g070xx.o(.text) refers to system_stm32g0xx.o(.text.SystemInit) for SystemInit
    startup_stm32g070xx.o(.text) refers to entry.o(.ARM.Collect$$$$00000000) for __main
    main.o(.text.HAL_UART_RxCpltCallback) refers to stm32g0xx_hal_uart.o(.text.HAL_UART_Receive_IT) for HAL_UART_Receive_IT
    main.o(.text.HAL_UART_RxCpltCallback) refers to main.o(.bss..L_MergedGlobals.14) for [Anonymous Symbol]
    main.o(.text.HAL_UART_RxCpltCallback) refers to main.o(.bss.huart3) for huart3
    main.o(.ARM.exidx.text.HAL_UART_RxCpltCallback) refers to main.o(.text.HAL_UART_RxCpltCallback) for [Anonymous Symbol]
    main.o(.text.get_time) refers to stm32g0xx_hal_rtc.o(.text.HAL_RTC_GetTime) for HAL_RTC_GetTime
    main.o(.text.get_time) refers to stm32g0xx_hal_rtc.o(.text.HAL_RTC_GetDate) for HAL_RTC_GetDate
    main.o(.text.get_time) refers to printf6.o(i.__0sprintf$6) for __2sprintf
    main.o(.text.get_time) refers to main.o(.bss..L_MergedGlobals.14) for [Anonymous Symbol]
    main.o(.text.get_time) refers to main.o(.rodata.str1.1) for [Anonymous Symbol]
    main.o(.ARM.exidx.text.get_time) refers to main.o(.text.get_time) for [Anonymous Symbol]
    main.o(.text.clearBuf) refers to strlen.o(.text) for strlen
    main.o(.text.clearBuf) refers to main.o(.bss..L_MergedGlobals.14) for [Anonymous Symbol]
    main.o(.ARM.exidx.text.clearBuf) refers to main.o(.text.clearBuf) for [Anonymous Symbol]
    main.o(.text.main) refers to stm32g0xx_hal.o(.text.HAL_Init) for HAL_Init
    main.o(.text.main) refers to main.o(.text.SystemClock_Config) for SystemClock_Config
    main.o(.text.main) refers to stm32g0xx_hal_gpio.o(.text.HAL_GPIO_WritePin) for HAL_GPIO_WritePin
    main.o(.text.main) refers to stm32g0xx_hal_gpio.o(.text.HAL_GPIO_Init) for HAL_GPIO_Init
    main.o(.text.main) refers to stm32g0xx_hal_tim.o(.text.HAL_TIM_Base_Init) for HAL_TIM_Base_Init
    main.o(.text.main) refers to stm32g0xx_hal_tim.o(.text.HAL_TIM_ConfigClockSource) for HAL_TIM_ConfigClockSource
    main.o(.text.main) refers to stm32g0xx_hal_tim_ex.o(.text.HAL_TIMEx_MasterConfigSynchronization) for HAL_TIMEx_MasterConfigSynchronization
    main.o(.text.main) refers to stm32g0xx_hal_uart.o(.text.HAL_UART_Init) for HAL_UART_Init
    main.o(.text.main) refers to stm32g0xx_hal_uart_ex.o(.text.HAL_UARTEx_SetTxFifoThreshold) for HAL_UARTEx_SetTxFifoThreshold
    main.o(.text.main) refers to stm32g0xx_hal_uart_ex.o(.text.HAL_UARTEx_SetRxFifoThreshold) for HAL_UARTEx_SetRxFifoThreshold
    main.o(.text.main) refers to stm32g0xx_hal_uart_ex.o(.text.HAL_UARTEx_DisableFifoMode) for HAL_UARTEx_DisableFifoMode
    main.o(.text.main) refers to stm32g0xx_hal_rtc.o(.text.HAL_RTC_Init) for HAL_RTC_Init
    main.o(.text.main) refers to stm32g0xx_hal_tim.o(.text.HAL_TIM_Base_Start) for HAL_TIM_Base_Start
    main.o(.text.main) refers to main.o(.text.init) for init
    main.o(.text.main) refers to stm32g0xx_hal_uart.o(.text.HAL_UART_Receive_IT) for HAL_UART_Receive_IT
    main.o(.text.main) refers to stm32g0xx_hal_rtc_ex.o(.text.HAL_RTCEx_BKUPRead) for HAL_RTCEx_BKUPRead
    main.o(.text.main) refers to stm32g0xx_hal.o(.text.HAL_Delay) for HAL_Delay
    main.o(.text.main) refers to stm32g0xx_hal_rtc.o(.text.HAL_RTC_GetTime) for HAL_RTC_GetTime
    main.o(.text.main) refers to stm32g0xx_hal_rtc.o(.text.HAL_RTC_GetDate) for HAL_RTC_GetDate
    main.o(.text.main) refers to printf6.o(i.__0sprintf$6) for __2sprintf
    main.o(.text.main) refers to strncpy.o(.text) for strncpy
    main.o(.text.main) refers to memcmp.o(.text) for memcmp
    main.o(.text.main) refers to main.o(.text.CMD_101_Write) for CMD_101_Write
    main.o(.text.main) refers to stm32g0xx_hal_uart.o(.text.HAL_UART_Transmit_IT) for HAL_UART_Transmit_IT
    main.o(.text.main) refers to strlen.o(.text) for strlen
    main.o(.text.main) refers to main.o(.bss.htim1) for htim1
[...]
    Removing stm32g0xx_hal_tim_ex.o(.text.HAL_TIMEx_PWMN_Stop_IT), (196 bytes).
    Removing stm32g0xx_hal_tim_ex.o(.ARM.exidx.text.HAL_TIMEx_PWMN_Stop_IT), (8 bytes).
    Removing stm32g0xx_hal_tim_ex.o(.text.HAL_TIMEx_PWMN_Start_DMA), (392 bytes).
    Removing stm32g0xx_hal_tim_ex.o(.ARM.exidx.text.HAL_TIMEx_PWMN_Start_DMA), (8 bytes).
    Removing stm32g0xx_hal_tim_ex.o(.text.HAL_TIMEx_PWMN_Stop_DMA), (200 bytes).
    Removing stm32g0xx_hal_tim_ex.o(.ARM.exidx.text.HAL_TIMEx_PWMN_Stop_DMA), (8 bytes).
    Removing stm32g0xx_hal_tim_ex.o(.text.HAL_TIMEx_OnePulseN_Start), (178 bytes).
    Removing stm32g0xx_hal_tim_ex.o(.ARM.exidx.text.HAL_TIMEx_OnePulseN_Start), (8 bytes).
    Removing stm32g0xx_hal_tim_ex.o(.text.HAL_TIMEx_OnePulseN_Stop), (160 bytes).
    Removing stm32g0xx_hal_tim_ex.o(.ARM.exidx.text.HAL_TIMEx_OnePulseN_Stop), (8 bytes).
    Removing stm32g0xx_hal_tim_ex.o(.text.HAL_TIMEx_OnePulseN_Start_IT), (192 bytes).
    Removing stm32g0xx_hal_tim_ex.o(.ARM.exidx.text.HAL_TIMEx_OnePulseN_Start_IT), (8 bytes).
    Removing stm32g0xx_hal_tim_ex.o(.text.HAL_TIMEx_OnePulseN_Stop_IT), (172 bytes).
    Removing stm32g0xx_hal_tim_ex.o(.ARM.exidx.text.HAL_TIMEx_OnePulseN_Stop_IT), (8 bytes).
    Removing stm32g0xx_hal_tim_ex.o(.text.HAL_TIMEx_ConfigCommutEvent), (92 bytes).
    Removing stm32g0xx_hal_tim_ex.o(.ARM.exidx.text.HAL_TIMEx_ConfigCommutEvent), (8 bytes).
    Removing stm32g0xx_hal_tim_ex.o(.text.HAL_TIMEx_ConfigCommutEvent_IT), (92 bytes).
    Removing stm32g0xx_hal_tim_ex.o(.ARM.exidx.text.HAL_TIMEx_ConfigCommutEvent_IT), (8 bytes).
    Removing stm32g0xx_hal_tim_ex.o(.text.HAL_TIMEx_ConfigCommutEvent_DMA), (124 bytes).
    Removing stm32g0xx_hal_tim_ex.o(.ARM.exidx.text.HAL_TIMEx_ConfigCommutEvent_DMA), (8 bytes).
    Removing stm32g0xx_hal_tim_ex.o(.text.TIMEx_DMACommutationCplt), (16 bytes).
    Removing stm32g0xx_hal_tim_ex.o(.ARM.exidx.text.TIMEx_DMACommutationCplt), (8 bytes).
    Removing stm32g0xx_hal_tim_ex.o(.text.TIMEx_DMACommutationHalfCplt), (16 bytes).
    Removing stm32g0xx_hal_tim_ex.o(.ARM.exidx.text.TIMEx_DMACommutationHalfCplt), (8 bytes).
    Removing stm32g0xx_hal_tim_ex.o(.ARM.exidx.text.HAL_TIMEx_MasterConfigSynchronization), (8 bytes).
    Removing stm32g0xx_hal_tim_ex.o(.text.HAL_TIMEx_ConfigBreakDeadTime), (180 bytes).
    Removing stm32g0xx_hal_tim_ex.o(.ARM.exidx.text.HAL_TIMEx_ConfigBreakDeadTime), (8 bytes).
    Removing stm32g0xx_hal_tim_ex.o(.text.HAL_TIMEx_ConfigBreakInput), (84 bytes).
    Removing stm32g0xx_hal_tim_ex.o(.ARM.exidx.text.HAL_TIMEx_ConfigBreakInput), (8 bytes).
    Removing stm32g0xx_hal_tim_ex.o(.text.HAL_TIMEx_RemapConfig), (40 bytes).
    Removing stm32g0xx_hal_tim_ex.o(.ARM.exidx.text.HAL_TIMEx_RemapConfig), (8 bytes).
    Removing stm32g0xx_hal_tim_ex.o(.text.HAL_TIMEx_TISelection), (76 bytes).
    Removing stm32g0xx_hal_tim_ex.o(.ARM.exidx.text.HAL_TIMEx_TISelection), (8 bytes).
    Removing stm32g0xx_hal_tim_ex.o(.text.HAL_TIMEx_GroupChannel5), (50 bytes).
    Removing stm32g0xx_hal_tim_ex.o(.ARM.exidx.text.HAL_TIMEx_GroupChannel5), (8 bytes).
    Removing stm32g0xx_hal_tim_ex.o(.text.HAL_TIMEx_DisarmBreakInput), (68 bytes).
    Removing stm32g0xx_hal_tim_ex.o(.ARM.exidx.text.HAL_TIMEx_DisarmBreakInput), (8 bytes).
    Removing stm32g0xx_hal_tim_ex.o(.text.HAL_TIMEx_ReArmBreakInput), (88 bytes).
    Removing stm32g0xx_hal_tim_ex.o(.ARM.exidx.text.HAL_TIMEx_ReArmBreakInput), (8 bytes).
    Removing stm32g0xx_hal_tim_ex.o(.text.HAL_TIMEx_CommutCallback), (2 bytes).
    Removing stm32g0xx_hal_tim_ex.o(.ARM.exidx.text.HAL_TIMEx_CommutCallback), (8 bytes).
    Removing stm32g0xx_hal_tim_ex.o(.text.HAL_TIMEx_CommutHalfCpltCallback), (2 bytes).
    Removing stm32g0xx_hal_tim_ex.o(.ARM.exidx.text.HAL_TIMEx_CommutHalfCpltCallback), (8 bytes).
    Removing stm32g0xx_hal_tim_ex.o(.text.HAL_TIMEx_BreakCallback), (2 bytes).
    Removing stm32g0xx_hal_tim_ex.o(.ARM.exidx.text.HAL_TIMEx_BreakCallback), (8 bytes).
    Removing stm32g0xx_hal_tim_ex.o(.text.HAL_TIMEx_Break2Callback), (2 bytes).
    Removing stm32g0xx_hal_tim_ex.o(.ARM.exidx.text.HAL_TIMEx_Break2Callback), (8 bytes).
    Removing stm32g0xx_hal_tim_ex.o(.text.HAL_TIMEx_HallSensor_GetState), (6 bytes).
    Removing stm32g0xx_hal_tim_ex.o(.ARM.exidx.text.HAL_TIMEx_HallSensor_GetState), (8 bytes).
    Removing stm32g0xx_hal_tim_ex.o(.text.HAL_TIMEx_GetChannelNState), (32 bytes).
    Removing stm32g0xx_hal_tim_ex.o(.ARM.exidx.text.HAL_TIMEx_GetChannelNState), (8 bytes).
    Removing stm32g0xx_hal_uart.o(.text), (0 bytes).
    Removing stm32g0xx_hal_uart.o(.ARM.exidx.text.HAL_UART_Init), (8 bytes).
    Removing stm32g0xx_hal_uart.o(.text.HAL_UART_MspInit), (2 bytes).
    Removing stm32g0xx_hal_uart.o(.ARM.exidx.text.HAL_UART_MspInit), (8 bytes).
    Removing stm32g0xx_hal_uart.o(.ARM.exidx.text.UART_SetConfig), (8 bytes).
    Removing stm32g0xx_hal_uart.o(.ARM.exidx.text.UART_AdvFeatureConfig), (8 bytes).
    Removing stm32g0xx_hal_uart.o(.ARM.exidx.text.UART_CheckIdleState), (8 bytes).
    Removing stm32g0xx_hal_uart.o(.text.HAL_HalfDuplex_Init), (116 bytes).
    Removing stm32g0xx_hal_uart.o(.ARM.exidx.text.HAL_HalfDuplex_Init), (8 bytes).
    Removing stm32g0xx_hal_uart.o(.text.HAL_LIN_Init), (146 bytes).
    Removing stm32g0xx_hal_uart.o(.ARM.exidx.text.HAL_LIN_Init), (8 bytes).
    Removing stm32g0xx_hal_uart.o(.text.HAL_MultiProcessor_Init), (148 bytes).
    Removing stm32g0xx_hal_uart.o(.ARM.exidx.text.HAL_MultiProcessor_Init), (8 bytes).
    Removing stm32g0xx_hal_uart.o(.text.HAL_UART_DeInit), (58 bytes).
    Removing stm32g0xx_hal_uart.o(.ARM.exidx.text.HAL_UART_DeInit), (8 bytes).
    Removing stm32g0xx_hal_uart.o(.text.HAL_UART_MspDeInit), (2 bytes).
    Removing stm32g0xx_hal_uart.o(.ARM.exidx.text.HAL_UART_MspDeInit), (8 bytes).
    Removing stm32g0xx_hal_uart.o(.text.HAL_UART_Transmit), (264 bytes).
    Removing stm32g0xx_hal_uart.o(.ARM.exidx.text.HAL_UART_Transmit), (8 bytes).
    Removing stm32g0xx_hal_uart.o(.text.UART_WaitOnFlagUntilTimeout), (256 bytes).
    Removing stm32g0xx_hal_uart.o(.ARM.exidx.text.UART_WaitOnFlagUntilTimeout), (8 bytes).
    Removing stm32g0xx_hal_uart.o(.text.HAL_UART_Receive), (324 bytes).
    Removing stm32g0xx_hal_uart.o(.ARM.exidx.text.HAL_UART_Receive), (8 bytes).
    Removing stm32g0xx_hal_uart.o(.ARM.exidx.text.HAL_UART_Transmit_IT), (8 bytes).
    Removing stm32g0xx_hal_uart.o(.ARM.exidx.text.UART_TxISR_16BIT_FIFOEN), (8 bytes).
    Removing stm32g0xx_hal_uart.o(.ARM.exidx.text.UART_TxISR_8BIT_FIFOEN), (8 bytes).
    Removing stm32g0xx_hal_uart.o(.ARM.exidx.text.UART_TxISR_16BIT), (8 bytes).
    Removing stm32g0xx_hal_uart.o(.ARM.exidx.text.UART_TxISR_8BIT), (8 bytes).
    Removing stm32g0xx_hal_uart.o(.ARM.exidx.text.HAL_UART_Receive_IT), (8 bytes).
    Removing stm32g0xx_hal_uart.o(.ARM.exidx.text.UART_Start_Receive_IT), (8 bytes).
    Removing stm32g0xx_hal_uart.o(.text.HAL_UART_Transmit_DMA), (180 bytes).
    Removing stm32g0xx_hal_uart.o(.ARM.exidx.text.HAL_UART_Transmit_DMA), (8 bytes).
    Removing stm32g0xx_hal_uart.o(.text.UART_DMATransmitCplt), (46 bytes).
    Removing stm32g0xx_hal_uart.o(.ARM.exidx.text.UART_DMATransmitCplt), (8 bytes).
    Removing stm32g0xx_hal_uart.o(.text.UART_DMATxHalfCplt), (10 bytes).
    Removing stm32g0xx_hal_uart.o(.ARM.exidx.text.UART_DMATxHalfCplt), (8 bytes).
    Removing stm32g0xx_hal_uart.o(.text.UART_DMAError), (128 bytes).
    Removing stm32g0xx_hal_uart.o(.ARM.exidx.text.UART_DMAError), (8 bytes).
    Removing stm32g0xx_hal_uart.o(.text.HAL_UART_Receive_DMA), (196 bytes).
    Removing stm32g0xx_hal_uart.o(.ARM.exidx.text.HAL_UART_Receive_DMA), (8 bytes).
    Removing stm32g0xx_hal_uart.o(.text.UART_Start_Receive_DMA), (128 bytes).
    Removing stm32g0xx_hal_uart.o(.ARM.exidx.text.UART_Start_Receive_DMA), (8 bytes).
    Removing stm32g0xx_hal_uart.o(.text.HAL_UART_DMAPause), (80 bytes).
    Removing stm32g0xx_hal_uart.o(.ARM.exidx.text.HAL_UART_DMAPause), (8 bytes).
    Removing stm32g0xx_hal_uart.o(.text.HAL_UART_DMAResume), (86 bytes).
    Removing stm32g0xx_hal_uart.o(.ARM.exidx.text.HAL_UART_DMAResume), (8 bytes).
    Removing stm32g0xx_hal_uart.o(.text.HAL_UART_DMAStop), (192 bytes).
    Removing stm32g0xx_hal_uart.o(.ARM.exidx.text.HAL_UART_DMAStop), (8 bytes).
    Removing stm32g0xx_hal_uart.o(.text.HAL_UART_Abort), (204 bytes).
    Removing stm32g0xx_hal_uart.o(.ARM.exidx.text.HAL_UART_Abort), (8 bytes).
    Removing stm32g0xx_hal_uart.o(.text.HAL_UART_AbortTransmit), (110 bytes).
    Removing stm32g0xx_hal_uart.o(.ARM.exidx.text.HAL_UART_AbortTransmit), (8 bytes).
    Removing stm32g0xx_hal_uart.o(.text.HAL_UART_AbortReceive), (128 bytes).
    Removing stm32g0xx_hal_uart.o(.ARM.exidx.text.HAL_UART_AbortReceive), (8 bytes).
    Removing stm32g0xx_hal_uart.o(.text.HAL_UART_Abort_IT), (240 bytes).
    Removing stm32g0xx_hal_uart.o(.ARM.exidx.text.HAL_UART_Abort_IT), (8 bytes).
    Removing stm32g0xx_hal_uart.o(.text.UART_DMATxAbortCallback), (76 bytes).
    Removing stm32g0xx_hal_uart.o(.ARM.exidx.text.UART_DMATxAbortCallback), (8 bytes).
    Removing stm32g0xx_hal_uart.o(.text.UART_DMARxAbortCallback), (66 bytes).
    Removing stm32g0xx_hal_uart.o(.ARM.exidx.text.UART_DMARxAbortCallback), (8 bytes).
    Removing stm32g0xx_hal_uart.o(.text.HAL_UART_AbortCpltCallback), (2 bytes).
    Removing stm32g0xx_hal_uart.o(.ARM.exidx.text.HAL_UART_AbortCpltCallback), (8 bytes).
    Removing stm32g0xx_hal_uart.o(.text.HAL_UART_AbortTransmit_IT), (136 bytes).
    Removing stm32g0xx_hal_uart.o(.ARM.exidx.text.HAL_UART_AbortTransmit_IT), (8 bytes).
    Removing stm32g0xx_hal_uart.o(.text.UART_DMATxOnlyAbortCallback), (44 bytes).
    Removing stm32g0xx_hal_uart.o(.ARM.exidx.text.UART_DMATxOnlyAbortCallback), (8 bytes).
    Removing stm32g0xx_hal_uart.o(.text.HAL_UART_AbortTransmitCpltCallback), (2 bytes).
    Removing stm32g0xx_hal_uart.o(.ARM.exidx.text.HAL_UART_AbortTransmitCpltCallback), (8 bytes).
    Removing stm32g0xx_hal_uart.o(.text.HAL_UART_AbortReceive_IT), (156 bytes).
    Removing stm32g0xx_hal_uart.o(.ARM.exidx.text.HAL_UART_AbortReceive_IT), (8 bytes).
    Removing stm32g0xx_hal_uart.o(.text.UART_DMARxOnlyAbortCallback), (38 bytes).
    Removing stm32g0xx_hal_uart.o(.ARM.exidx.text.UART_DMARxOnlyAbortCallback), (8 bytes).
    Removing stm32g0xx_hal_uart.o(.text.HAL_UART_AbortReceiveCpltCallback), (2 bytes).
    Removing stm32g0xx_hal_uart.o(.ARM.exidx.text.HAL_UART_AbortReceiveCpltCallback), (8 bytes).
    Removing stm32g0xx_hal_uart.o(.ARM.exidx.text.HAL_UART_IRQHandler), (8 bytes).
    Removing stm32g0xx_hal_uart.o(.ARM.exidx.text.UART_DMAAbortOnError), (8 bytes).
    Removing stm32g0xx_hal_uart.o(.ARM.exidx.text.HAL_UART_ErrorCallback), (8 bytes).
    Removing stm32g0xx_hal_uart.o(.ARM.exidx.text.HAL_UARTEx_RxEventCallback), (8 bytes).
    Removing stm32g0xx_hal_uart.o(.ARM.exidx.text.HAL_UART_TxCpltCallback), (8 bytes).
    Removing stm32g0xx_hal_uart.o(.text.HAL_UART_TxHalfCpltCallback), (2 bytes).
    Removing stm32g0xx_hal_uart.o(.ARM.exidx.text.HAL_UART_TxHalfCpltCallback), (8 bytes).
    Removing stm32g0xx_hal_uart.o(.text.HAL_UART_RxCpltCallback), (2 bytes).
    Removing stm32g0xx_hal_uart.o(.ARM.exidx.text.HAL_UART_RxCpltCallback), (8 bytes).
    Removing stm32g0xx_hal_uart.o(.text.HAL_UART_RxHalfCpltCallback), (2 bytes).
    Removing stm32g0xx_hal_uart.o(.ARM.exidx.text.HAL_UART_RxHalfCpltCallback), (8 bytes).
    Removing stm32g0xx_hal_uart.o(.text.HAL_UART_ReceiverTimeout_Config), (16 bytes).
    Removing stm32g0xx_hal_uart.o(.ARM.exidx.text.HAL_UART_ReceiverTimeout_Config), (8 bytes).
    Removing stm32g0xx_hal_uart.o(.text.HAL_UART_EnableReceiverTimeout), (48 bytes).
    Removing stm32g0xx_hal_uart.o(.ARM.exidx.text.HAL_UART_EnableReceiverTimeout), (8 bytes).
    Removing stm32g0xx_hal_uart.o(.text.HAL_UART_DisableReceiverTimeout), (48 bytes).
    Removing stm32g0xx_hal_uart.o(.ARM.exidx.text.HAL_UART_DisableReceiverTimeout), (8 bytes).
    Removing stm32g0xx_hal_uart.o(.text.HAL_MultiProcessor_EnableMuteMode), (46 bytes).
    Removing stm32g0xx_hal_uart.o(.ARM.exidx.text.HAL_MultiProcessor_EnableMuteMode), (8 bytes).
    Removing stm32g0xx_hal_uart.o(.text.HAL_MultiProcessor_DisableMuteMode), (46 bytes).
    Removing stm32g0xx_hal_uart.o(.ARM.exidx.text.HAL_MultiProcessor_DisableMuteMode), (8 bytes).
    Removing stm32g0xx_hal_uart.o(.text.HAL_MultiProcessor_EnterMuteMode), (12 bytes).
    Removing stm32g0xx_hal_uart.o(.ARM.exidx.text.HAL_MultiProcessor_EnterMuteMode), (8 bytes).
    Removing stm32g0xx_hal_uart.o(.text.HAL_HalfDuplex_EnableTransmitter), (48 bytes).
    Removing stm32g0xx_hal_uart.o(.ARM.exidx.text.HAL_HalfDuplex_EnableTransmitter), (8 bytes).
    Removing stm32g0xx_hal_uart.o(.text.HAL_HalfDuplex_EnableReceiver), (48 bytes).
    Removing stm32g0xx_hal_uart.o(.ARM.exidx.text.HAL_HalfDuplex_EnableReceiver), (8 bytes).
    Removing stm32g0xx_hal_uart.o(.text.HAL_LIN_SendBreak), (40 bytes).
    Removing stm32g0xx_hal_uart.o(.ARM.exidx.text.HAL_LIN_SendBreak), (8 bytes).
    Removing stm32g0xx_hal_uart.o(.text.HAL_UART_GetState), (12 bytes).
    Removing stm32g0xx_hal_uart.o(.ARM.exidx.text.HAL_UART_GetState), (8 bytes).
    Removing stm32g0xx_hal_uart.o(.text.HAL_UART_GetError), (6 bytes).
    Removing stm32g0xx_hal_uart.o(.ARM.exidx.text.HAL_UART_GetError), (8 bytes).
    Removing stm32g0xx_hal_uart.o(.ARM.exidx.text.UART_RxISR_16BIT_FIFOEN), (8 bytes).
    Removing stm32g0xx_hal_uart.o(.ARM.exidx.text.UART_RxISR_8BIT_FIFOEN), (8 bytes).
    Removing stm32g0xx_hal_uart.o(.ARM.exidx.text.UART_RxISR_16BIT), (8 bytes).
    Removing stm32g0xx_hal_uart.o(.ARM.exidx.text.UART_RxISR_8BIT), (8 bytes).
    Removing stm32g0xx_hal_uart.o(.text.UART_DMAReceiveCplt), (86 bytes).
    Removing stm32g0xx_hal_uart.o(.ARM.exidx.text.UART_DMAReceiveCplt), (8 bytes).
    Removing stm32g0xx_hal_uart.o(.text.UART_DMARxHalfCplt), (28 bytes).
    Removing stm32g0xx_hal_uart.o(.ARM.exidx.text.UART_DMARxHalfCplt), (8 bytes).
    Removing stm32g0xx_hal_uart_ex.o(.text), (0 bytes).
    Removing stm32g0xx_hal_uart_ex.o(.text.HAL_RS485Ex_Init), (144 bytes).
    Removing stm32g0xx_hal_uart_ex.o(.ARM.exidx.text.HAL_RS485Ex_Init), (8 bytes).
    Removing stm32g0xx_hal_uart_ex.o(.ARM.exidx.text.HAL_UARTEx_WakeupCallback), (8 bytes).
    Removing stm32g0xx_hal_uart_ex.o(.ARM.exidx.text.HAL_UARTEx_RxFifoFullCallback), (8 bytes).
    Removing stm32g0xx_hal_uart_ex.o(.ARM.exidx.text.HAL_UARTEx_TxFifoEmptyCallback), (8 bytes).
    Removing stm32g0xx_hal_uart_ex.o(.text.HAL_MultiProcessorEx_AddressLength_Set), (48 bytes).
    Removing stm32g0xx_hal_uart_ex.o(.ARM.exidx.text.HAL_MultiProcessorEx_AddressLength_Set), (8 bytes).
    Removing stm32g0xx_hal_uart_ex.o(.text.HAL_UARTEx_StopModeWakeUpSourceConfig), (144 bytes).
    Removing stm32g0xx_hal_uart_ex.o(.ARM.exidx.text.HAL_UARTEx_StopModeWakeUpSourceConfig), (8 bytes).
    Removing stm32g0xx_hal_uart_ex.o(.text.HAL_UARTEx_EnableStopMode), (34 bytes).
    Removing stm32g0xx_hal_uart_ex.o(.ARM.exidx.text.HAL_UARTEx_EnableStopMode), (8 bytes).
    Removing stm32g0xx_hal_uart_ex.o(.text.HAL_UARTEx_DisableStopMode), (34 bytes).
    Removing stm32g0xx_hal_uart_ex.o(.ARM.exidx.text.HAL_UARTEx_DisableStopMode), (8 bytes).
    Removing stm32g0xx_hal_uart_ex.o(.text.HAL_UARTEx_EnableFifoMode), (112 bytes).
    Removing stm32g0xx_hal_uart_ex.o(.ARM.exidx.text.HAL_UARTEx_EnableFifoMode), (8 bytes).
    Removing stm32g0xx_hal_uart_ex.o(.ARM.exidx.text.HAL_UARTEx_DisableFifoMode), (8 bytes).
    Removing stm32g0xx_hal_uart_ex.o(.ARM.exidx.text.HAL_UARTEx_SetTxFifoThreshold), (8 bytes).
    Removing stm32g0xx_hal_uart_ex.o(.ARM.exidx.text.HAL_UARTEx_SetRxFifoThreshold), (8 bytes).
    Removing stm32g0xx_hal_uart_ex.o(.text.HAL_UARTEx_ReceiveToIdle), (504 bytes).
    Removing stm32g0xx_hal_uart_ex.o(.ARM.exidx.text.HAL_UARTEx_ReceiveToIdle), (8 bytes).
    Removing stm32g0xx_hal_uart_ex.o(.text.HAL_UARTEx_ReceiveToIdle_IT), (104 bytes).
    Removing stm32g0xx_hal_uart_ex.o(.ARM.exidx.text.HAL_UARTEx_ReceiveToIdle_IT), (8 bytes).
    Removing stm32g0xx_hal_uart_ex.o(.text.HAL_UARTEx_ReceiveToIdle_DMA), (104 bytes).
    Removing stm32g0xx_hal_uart_ex.o(.ARM.exidx.text.HAL_UARTEx_ReceiveToIdle_DMA), (8 bytes).
    Removing system_stm32g0xx.o(.text), (0 bytes).
    Removing system_stm32g0xx.o(.ARM.exidx.text.SystemInit), (8 bytes).
    Removing system_stm32g0xx.o(.text.SystemCoreClockUpdate), (144 bytes).
    Removing system_stm32g0xx.o(.ARM.exidx.text.SystemCoreClockUpdate), (8 bytes).
    Removing dadd.o(.text), (356 bytes).
    Removing dmul.o(.text), (208 bytes).
    Removing ddiv.o(.text), (240 bytes).
    Removing dfixul.o(.text), (64 bytes).
    Removing cdrcmple.o(.text), (40 bytes).
    Removing depilogue.o(.text), (190 bytes).
    Removing depilogue.o(i.__ARM_clz), (46 bytes).

927 unused section(s) (total 45814 bytes) removed from the image.

==============================================================================

Image Symbol Table

    Local Symbols

    Symbol Name                              Value     Ov Type        Size  Object(Section)

    ../clib/division.s                       0x00000000   Number         0  aeabi_sdivfast.o ABSOLUTE
    ../clib/division.s                       0x00000000   Number         0  aeabi_sdivfast_div0.o ABSOLUTE
    ../clib/microlib/division.c              0x00000000   Number         0  uidiv.o ABSOLUTE
    ../clib/microlib/division.c              0x00000000   Number         0  uidiv_div0.o ABSOLUTE
    ../clib/microlib/division.c              0x00000000   Number         0  idiv_div0.o ABSOLUTE
    ../clib/microlib/division.c              0x00000000   Number         0  idiv0.o ABSOLUTE
    ../clib/microlib/division.c              0x00000000   Number         0  uldiv.o ABSOLUTE
    ../clib/microlib/init/entry.s            0x00000000   Number         0  entry.o ABSOLUTE
    ../clib/microlib/init/entry.s            0x00000000   Number         0  entry2.o ABSOLUTE
    ../clib/microlib/init/entry.s            0x00000000   Number         0  entry5.o ABSOLUTE
    ../clib/microlib/init/entry.s            0x00000000   Number         0  entry7a.o ABSOLUTE
    ../clib/microlib/init/entry.s            0x00000000   Number         0  entry7b.o ABSOLUTE
    ../clib/microlib/init/entry.s            0x00000000   Number         0  entry8a.o ABSOLUTE
    ../clib/microlib/init/entry.s            0x00000000   Number         0  entry8b.o ABSOLUTE
    ../clib/microlib/init/entry.s            0x00000000   Number         0  entry9a.o ABSOLUTE
    ../clib/microlib/init/entry.s            0x00000000   Number         0  entry9b.o ABSOLUTE
    ../clib/microlib/init/entry.s            0x00000000   Number         0  entry10a.o ABSOLUTE
    ../clib/microlib/init/entry.s            0x00000000   Number         0  entry10b.o ABSOLUTE
    ../clib/microlib/init/entry.s            0x00000000   Number         0  entry11a.o ABSOLUTE
    ../clib/microlib/init/entry.s            0x00000000   Number         0  entry11b.o ABSOLUTE
    ../clib/microlib/longlong.c              0x00000000   Number         0  llshl.o ABSOLUTE
    ../clib/microlib/longlong.c              0x00000000   Number         0  llushr.o ABSOLUTE
    ../clib/microlib/longlong.c              0x00000000   Number         0  llsshr.o ABSOLUTE
    ../clib/microlib/printf/printf.c         0x00000000   Number         0  printfb.o ABSOLUTE
    ../clib/microlib/printf/printf.c         0x00000000   Number         0  printf0.o ABSOLUTE
    ../clib/microlib/printf/printf.c         0x00000000   Number         0  printf1.o ABSOLUTE
    ../clib/microlib/printf/printf.c         0x00000000   Number         0  printf2.o ABSOLUTE
    ../clib/microlib/printf/printf.c         0x00000000   Number         0  printf3.o ABSOLUTE
    ../clib/microlib/printf/printf.c         0x00000000   Number         0  printf4.o ABSOLUTE
    ../clib/microlib/printf/printf.c         0x00000000   Number         0  printf5.o ABSOLUTE
    ../clib/microlib/printf/printf.c         0x00000000   Number         0  printf6.o ABSOLUTE
    ../clib/microlib/printf/printf.c         0x00000000   Number         0  printf7.o ABSOLUTE
    ../clib/microlib/printf/printf.c         0x00000000   Number         0  printf8.o ABSOLUTE
    ../clib/microlib/printf/printf.c         0x00000000   Number         0  printfa.o ABSOLUTE
    ../clib/microlib/printf/stubs.s          0x00000000   Number         0  printfstubs.o ABSOLUTE
    ../clib/microlib/stdio/fputc.c           0x00000000   Number         0  fputc.o ABSOLUTE
    ../clib/microlib/stdio/fputc.c           0x00000000   Number         0  fputc_h.o ABSOLUTE
    ../clib/microlib/stdio/semi.s            0x00000000   Number         0  semi.o ABSOLUTE
    ../clib/microlib/stdio/streams.c         0x00000000   Number         0  stdout.o ABSOLUTE
    ../clib/microlib/string/memcmp.c         0x00000000   Number         0  memcmp.o ABSOLUTE
    ../clib/microlib/string/strlen.c         0x00000000   Number         0  strlen.o ABSOLUTE
    ../clib/microlib/string/strncpy.c        0x00000000   Number         0  strncpy.o ABSOLUTE
    ../clib/microlib/stubs.s                 0x00000000   Number         0  iusefp.o ABSOLUTE
    ../clib/microlib/stubs.s                 0x00000000   Number         0  iusesemip.o ABSOLUTE
    ../fplib/microlib/fpadd.c                0x00000000   Number         0  dadd.o ABSOLUTE
    ../fplib/microlib/fpdiv.c                0x00000000   Number         0  ddiv.o ABSOLUTE
    ../fplib/microlib/fpepilogue.c           0x00000000   Number         0  depilogue.o ABSOLUTE
    ../fplib/microlib/fpfix.c                0x00000000   Number         0  dfixul.o ABSOLUTE
    ../fplib/microlib/fpmul.c                0x00000000   Number         0  dmul.o ABSOLUTE
    cdrcmple.s                               0x00000000   Number         0  cdrcmple.o ABSOLUTE
    dc.s                                     0x00000000   Number         0  dc.o ABSOLUTE
    handlers.s                               0x00000000   Number         0  handlers.o ABSOLUTE
    init.s                                   0x00000000   Number         0  init.o ABSOLUTE
    main.c                                   0x00000000   Number         0  main.o ABSOLUTE
    startup_stm32g070xx.s                    0x00000000   Number         0  startup_stm32g070xx.o ABSOLUTE
    stm32g0xx_hal.c                          0x00000000   Number         0  stm32g0xx_hal.o ABSOLUTE
    stm32g0xx_hal_cortex.c                   0x00000000   Number         0  stm32g0xx_hal_cortex.o ABSOLUTE
    stm32g0xx_hal_dma.c                      0x00000000   Number         0  stm32g0xx_hal_dma.o ABSOLUTE
    stm32g0xx_hal_dma_ex.c                   0x00000000   Number         0  stm32g0xx_hal_dma_ex.o ABSOLUTE
    stm32g0xx_hal_exti.c                     0x00000000   Number         0  stm32g0xx_hal_exti.o ABSOLUTE
    stm32g0xx_hal_flash.c                    0x00000000   Number         0  stm32g0xx_hal_flash.o ABSOLUTE
    stm32g0xx_hal_flash_ex.c                 0x00000000   Number         0  stm32g0xx_hal_flash_ex.o ABSOLUTE
    stm32g0xx_hal_gpio.c                     0x00000000   Number         0  stm32g0xx_hal_gpio.o ABSOLUTE
    stm32g0xx_hal_msp.c                      0x00000000   Number         0  stm32g0xx_hal_msp.o ABSOLUTE
    stm32g0xx_hal_pwr.c                      0x00000000   Number         0  stm32g0xx_hal_pwr.o ABSOLUTE
    stm32g0xx_hal_pwr_ex.c                   0x00000000   Number         0  stm32g0xx_hal_pwr_ex.o ABSOLUTE
    stm32g0xx_hal_rcc.c                      0x00000000   Number         0  stm32g0xx_hal_rcc.o ABSOLUTE
    stm32g0xx_hal_rcc_ex.c                   0x00000000   Number         0  stm32g0xx_hal_rcc_ex.o ABSOLUTE
    stm32g0xx_hal_rtc.c                      0x00000000   Number         0  stm32g0xx_hal_rtc.o ABSOLUTE
    stm32g0xx_hal_rtc_ex.c                   0x00000000   Number         0  stm32g0xx_hal_rtc_ex.o ABSOLUTE
    stm32g0xx_hal_tim.c                      0x00000000   Number         0  stm32g0xx_hal_tim.o ABSOLUTE
    stm32g0xx_hal_tim_ex.c                   0x00000000   Number         0  stm32g0xx_hal_tim_ex.o ABSOLUTE
    stm32g0xx_hal_uart.c                     0x00000000   Number         0  stm32g0xx_hal_uart.o ABSOLUTE
    stm32g0xx_hal_uart_ex.c                  0x00000000   Number         0  stm32g0xx_hal_uart_ex.o ABSOLUTE
    stm32g0xx_it.c                           0x00000000   Number         0  stm32g0xx_it.o ABSOLUTE
    stm32g0xx_ll_dma.c                       0x00000000   Number         0  stm32g0xx_ll_dma.o ABSOLUTE
    stm32g0xx_ll_rcc.c                       0x00000000   Number         0  stm32g0xx_ll_rcc.o ABSOLUTE
    system_stm32g0xx.c                       0x00000000   Number         0  system_stm32g0xx.o ABSOLUTE
    RESET                                    0x08000000   Section      184  startup_stm32g070xx.o(RESET)
    .ARM.Collect$$$$00000000                 0x080000b8   Section        0  entry.o(.ARM.Collect$$$$00000000)
    .ARM.Collect$$$$00000001                 0x080000b8   Section        4  entry2.o(.ARM.Collect$$$$00000001)
    .ARM.Collect$$$$00000004                 0x080000bc   Section        4  entry5.o(.ARM.Collect$$$$00000004)
    .ARM.Collect$$$$00000008                 0x080000c0   Section        0  entry7b.o(.ARM.Collect$$$$00000008)
    .ARM.Collect$$$$0000000A                 0x080000c0   Section        0  entry8b.o(.ARM.Collect$$$$0000000A)
    .ARM.Collect$$$$0000000B                 0x080000c0   Section        8  entry9a.o(.ARM.Collect$$$$0000000B)
    __lit__00000000                          0x080000c8   Data           4  entry2.o(.ARM.Collect$$$$00002712)
    .ARM.Collect$$$$0000000D                 0x080000c8   Section        0  entry10a.o(.ARM.Collect$$$$0000000D)
    .ARM.Collect$$$$0000000F                 0x080000c8   Section        0  entry11a.o(.ARM.Collect$$$$0000000F)
    .ARM.Collect$$$$00002712                 0x080000c8   Section        4  entry2.o(.ARM.Collect$$$$00002712)
    .text                                    0x080000cc   Section       28  startup_stm32g070xx.o(.text)
    .text                                    0x080000e8   Section        0  strncpy.o(.text)
    .text                                    0x08000102   Section        0  strlen.o(.text)
    .text                                    0x08000110   Section        0  memcmp.o(.text)
    .text                                    0x0800012a   Section        0  uidiv_div0.o(.text)
    .text                                    0x08000168   Section       36  init.o(.text)
    [Anonymous Symbol]                       0x0800018c   Section        0  main.o(.text.CMD_100_Command)
    [Anonymous Symbol]                       0x08000368   Section        0  main.o(.text.CMD_101_Write)
    __arm_cp.7_1                             0x08000388   Number         4  main.o(.text.CMD_101_Write)
    [Anonymous Symbol]                       0x080008b4   Section        0  stm32g0xx_hal_dma.o(.text.HAL_DMA_Abort)
    [Anonymous Symbol]                       0x08000924   Section        0  stm32g0xx_hal_dma.o(.text.HAL_DMA_Abort_IT)
    __arm_cp.5_0                             0x08000994   Number         4  stm32g0xx_hal_dma.o(.text.HAL_DMA_Abort_IT)
    __arm_cp.5_1                             0x08000998   Number         4  stm32g0xx_hal_dma.o(.text.HAL_DMA_Abort_IT)
    [Anonymous Symbol]                       0x0800099c   Section        0  stm32g0xx_hal.o(.text.HAL_Delay)
    [Anonymous Symbol]                       0x080009bc   Section        0  stm32g0xx_hal_gpio.o(.text.HAL_GPIO_Init)
    __arm_cp.0_0                             0x08000b58   Number         4  stm32g0xx_hal_gpio.o(.text.HAL_GPIO_Init)
    __arm_cp.0_1                             0x08000b5c   Number         4  stm32g0xx_hal_gpio.o(.text.HAL_GPIO_Init)
    __arm_cp.0_2                             0x08000b60   Number         4  stm32g0xx_hal_gpio.o(.text.HAL_GPIO_Init)
    __arm_cp.0_3                             0x08000b64   Number         4  stm32g0xx_hal_gpio.o(.text.HAL_GPIO_Init)
    __arm_cp.0_4                             0x08000b68   Number         4  stm32g0xx_hal_gpio.o(.text.HAL_GPIO_Init)
    __arm_cp.0_5                             0x08000b6c   Number         4  stm32g0xx_hal_gpio.o(.text.HAL_GPIO_Init)
    [Anonymous Symbol]                       0x08000b70   Section        0  stm32g0xx_hal_gpio.o(.text.HAL_GPIO_WritePin)
    [Anonymous Symbol]                       0x08000b80   Section        0  stm32g0xx_hal.o(.text.HAL_GetTick)
    [Anonymous Symbol]                       0x08000b88   Section        0  stm32g0xx_hal.o(.text.HAL_IncTick)
    __arm_cp.5_1                             0x08000b98   Number         4  stm32g0xx_hal.o(.text.HAL_IncTick)
    [Anonymous Symbol]                       0x08000b9c   Section        0  stm32g0xx_hal.o(.text.HAL_Init)
    __arm_cp.0_0                             0x08000bc4   Number         4  stm32g0xx_hal.o(.text.HAL_Init)
    [Anonymous Symbol]                       0x08000bc8   Section        0  stm32g0xx_hal.o(.text.HAL_InitTick)
    __arm_cp.1_0                             0x08000c08   Number         4  stm32g0xx_hal.o(.text.HAL_InitTick)
    [Anonymous Symbol]                       0x08000c0c   Section        0  stm32g0xx_hal_msp.o(.text.HAL_MspInit)
    __arm_cp.0_0                             0x08000c40   Number         4  stm32g0xx_hal_msp.o(.text.HAL_MspInit)
    [Anonymous Symbol]                       0x08000c44   Section        0  stm32g0xx_hal_cortex.o(.text.HAL_NVIC_EnableIRQ)
    __arm_cp.1_0                             0x08000c58   Number         4  stm32g0xx_hal_cortex.o(.text.HAL_NVIC_EnableIRQ)
    [Anonymous Symbol]                       0x08000c5c   Section        0  stm32g0xx_hal_cortex.o(.text.HAL_NVIC_SetPriority)
    __arm_cp.0_0                             0x08000c94   Number         4  stm32g0xx_hal_cortex.o(.text.HAL_NVIC_SetPriority)
    __arm_cp.0_1                             0x08000c98   Number         4  stm32g0xx_hal_cortex.o(.text.HAL_NVIC_SetPriority)
    [Anonymous Symbol]                       0x08000c9c   Section        0  stm32g0xx_hal_pwr_ex.o(.text.HAL_PWREx_ControlVoltageScaling)
    __arm_cp.13_0                            0x08000d10   Number         4  stm32g0xx_hal_pwr_ex.o(.text.HAL_PWREx_ControlVoltageScaling)
    __arm_cp.13_1                            0x08000d14   Number         4  stm32g0xx_hal_pwr_ex.o(.text.HAL_PWREx_ControlVoltageScaling)
    __arm_cp.13_2                            0x08000d18   Number         4  stm32g0xx_hal_pwr_ex.o(.text.HAL_PWREx_ControlVoltageScaling)
    [Anonymous Symbol]                       0x08000d1c   Section        0  stm32g0xx_hal_pwr.o(.text.HAL_PWR_EnableBkUpAccess)
    [Anonymous Symbol]                       0x08000d2c   Section        0  stm32g0xx_hal_rcc_ex.o(.text.HAL_RCCEx_PeriphCLKConfig)
    __arm_cp.0_0                             0x08000e90   Number         4  stm32g0xx_hal_rcc_ex.o(.text.HAL_RCCEx_PeriphCLKConfig)
    __arm_cp.0_1                             0x08000e94   Number         4  stm32g0xx_hal_rcc_ex.o(.text.HAL_RCCEx_PeriphCLKConfig)
    __arm_cp.0_2                             0x08000e98   Number         4  stm32g0xx_hal_rcc_ex.o(.text.HAL_RCCEx_PeriphCLKConfig)
    __arm_cp.0_4                             0x08000e9c   Number         4  stm32g0xx_hal_rcc_ex.o(.text.HAL_RCCEx_PeriphCLKConfig)
    [Anonymous Symbol]                       0x08000ea0   Section        0  stm32g0xx_hal_rcc.o(.text.HAL_RCC_ClockConfig)
    __arm_cp.2_0                             0x08001088   Number         4  stm32g0xx_hal_rcc.o(.text.HAL_RCC_ClockConfig)
    __arm_cp.2_1                             0x0800108c   Number         4  stm32g0xx_hal_rcc.o(.text.HAL_RCC_ClockConfig)
    __arm_cp.2_5                             0x08001090   Number         4  stm32g0xx_hal_rcc.o(.text.HAL_RCC_ClockConfig)
    __arm_cp.2_6                             0x08001094   Number         4  stm32g0xx_hal_rcc.o(.text.HAL_RCC_ClockConfig)
    __arm_cp.2_7                             0x08001098   Number         4  stm32g0xx_hal_rcc.o(.text.HAL_RCC_ClockConfig)
    [Anonymous Symbol]                       0x0800109c   Section        0  stm32g0xx_hal_rcc.o(.text.HAL_RCC_GetPCLK1Freq)
    __arm_cp.6_0                             0x080010b8   Number         4  stm32g0xx_hal_rcc.o(.text.HAL_RCC_GetPCLK1Freq)
    __arm_cp.6_2                             0x080010bc   Number         4  stm32g0xx_hal_rcc.o(.text.HAL_RCC_GetPCLK1Freq)
    [Anonymous Symbol]                       0x080010c0   Section        0  stm32g0xx_hal_rcc.o(.text.HAL_RCC_GetSysClockFreq)
    __arm_cp.3_0                             0x0800113c   Number         4  stm32g0xx_hal_rcc.o(.text.HAL_RCC_GetSysClockFreq)
    __arm_cp.3_1                             0x08001140   Number         4  stm32g0xx_hal_rcc.o(.text.HAL_RCC_GetSysClockFreq)
    __arm_cp.3_2                             0x08001144   Number         4  stm32g0xx_hal_rcc.o(.text.HAL_RCC_GetSysClockFreq)
    [Anonymous Symbol]                       0x08001148   Section        0  stm32g0xx_hal_rcc.o(.text.HAL_RCC_OscConfig)
    __arm_cp.1_0                             0x08001550   Number         4  stm32g0xx_hal_rcc.o(.text.HAL_RCC_OscConfig)
    __arm_cp.1_1                             0x08001554   Number         4  stm32g0xx_hal_rcc.o(.text.HAL_RCC_OscConfig)
    __arm_cp.1_2                             0x08001558   Number         4  stm32g0xx_hal_rcc.o(.text.HAL_RCC_OscConfig)
    __arm_cp.1_3                             0x0800155c   Number         4  stm32g0xx_hal_rcc.o(.text.HAL_RCC_OscConfig)
    __arm_cp.1_4                             0x08001560   Number         4  stm32g0xx_hal_rcc.o(.text.HAL_RCC_OscConfig)
    __arm_cp.1_5                             0x08001564   Number         4  stm32g0xx_hal_rcc.o(.text.HAL_RCC_OscConfig)
    __arm_cp.1_6                             0x08001568   Number         4  stm32g0xx_hal_rcc.o(.text.HAL_RCC_OscConfig)
    __arm_cp.1_7                             0x0800156c   Number         4  stm32g0xx_hal_rcc.o(.text.HAL_RCC_OscConfig)
    [Anonymous Symbol]                       0x08001570   Section        0  stm32g0xx_hal_rtc_ex.o(.text.HAL_RTCEx_BKUPRead)
    [Anonymous Symbol]                       0x08001582   Section        0  stm32g0xx_hal_rtc_ex.o(.text.HAL_RTCEx_BKUPWrite)
    [Anonymous Symbol]                       0x08001594   Section        0  stm32g0xx_hal_rtc.o(.text.HAL_RTC_GetDate)
    [Anonymous Symbol]                       0x080015e4   Section        0  stm32g0xx_hal_rtc.o(.text.HAL_RTC_GetTime)
    __arm_cp.8_0                             0x0800164c   Number         4  stm32g0xx_hal_rtc.o(.text.HAL_RTC_GetTime)
    [Anonymous Symbol]                       0x08001650   Section        0  stm32g0xx_hal_rtc.o(.text.HAL_RTC_Init)
    __arm_cp.0_0                             0x08001718   Number         4  stm32g0xx_hal_rtc.o(.text.HAL_RTC_Init)
    [Anonymous Symbol]                       0x0800171c   Section        0  stm32g0xx_hal_msp.o(.text.HAL_RTC_MspInit)
    __arm_cp.1_0                             0x0800174c   Number         4  stm32g0xx_hal_msp.o(.text.HAL_RTC_MspInit)
    __arm_cp.1_1                             0x08001750   Number         4  stm32g0xx_hal_msp.o(.text.HAL_RTC_MspInit)
    [Anonymous Symbol]                       0x08001754   Section        0  stm32g0xx_hal_rtc.o(.text.HAL_RTC_SetDate)
    [Anonymous Symbol]                       0x08001884   Section        0  stm32g0xx_hal_rtc.o(.text.HAL_RTC_SetTime)
    __arm_cp.6_0                             0x080019d8   Number         4  stm32g0xx_hal_rtc.o(.text.HAL_RTC_SetTime)
    [Anonymous Symbol]                       0x080019dc   Section        0  stm32g0xx_hal.o(.text.HAL_SYSCFG_StrobeDBattpinsConfig)
    __arm_cp.27_0                            0x080019ec   Number         4  stm32g0xx_hal.o(.text.HAL_SYSCFG_StrobeDBattpinsConfig)
    [Anonymous Symbol]                       0x080019f0   Section        0  stm32g0xx_hal_cortex.o(.text.HAL_SYSTICK_Config)
    __arm_cp.4_0                             0x08001a18   Number         4  stm32g0xx_hal_cortex.o(.text.HAL_SYSTICK_Config)
    __arm_cp.4_1                             0x08001a1c   Number         4  stm32g0xx_hal_cortex.o(.text.HAL_SYSTICK_Config)
    __arm_cp.4_2                             0x08001a20   Number         4  stm32g0xx_hal_cortex.o(.text.HAL_SYSTICK_Config)
    [Anonymous Symbol]                       0x08001a24   Section        0  stm32g0xx_hal_tim_ex.o(.text.HAL_TIMEx_MasterConfigSynchronization)
    [Anonymous Symbol]                       0x08001a84   Section        0  stm32g0xx_hal_tim.o(.text.HAL_TIM_Base_Init)
    __arm_cp.0_2                             0x08001b4c   Number         4  stm32g0xx_hal_tim.o(.text.HAL_TIM_Base_Init)
    __arm_cp.0_4                             0x08001b50   Number         4  stm32g0xx_hal_tim.o(.text.HAL_TIM_Base_Init)
    __arm_cp.0_5                             0x08001b54   Number         4  stm32g0xx_hal_tim.o(.text.HAL_TIM_Base_Init)
    __arm_cp.0_6                             0x08001b58   Number         4  stm32g0xx_hal_tim.o(.text.HAL_TIM_Base_Init)
    __arm_cp.0_7                             0x08001b5c   Number         4  stm32g0xx_hal_tim.o(.text.HAL_TIM_Base_Init)
    [Anonymous Symbol]                       0x08001b60   Section        0  stm32g0xx_hal_msp.o(.text.HAL_TIM_Base_MspInit)
    __arm_cp.3_1                             0x08001b88   Number         4  stm32g0xx_hal_msp.o(.text.HAL_TIM_Base_MspInit)
    [Anonymous Symbol]                       0x08001b8c   Section        0  stm32g0xx_hal_tim.o(.text.HAL_TIM_Base_Start)
    __arm_cp.5_0                             0x08001bd8   Number         4  stm32g0xx_hal_tim.o(.text.HAL_TIM_Base_Start)
    __arm_cp.5_1                             0x08001bdc   Number         4  stm32g0xx_hal_tim.o(.text.HAL_TIM_Base_Start)
    __arm_cp.5_2                             0x08001be0   Number         4  stm32g0xx_hal_tim.o(.text.HAL_TIM_Base_Start)
    __arm_cp.5_3                             0x08001be4   Number         4  stm32g0xx_hal_tim.o(.text.HAL_TIM_Base_Start)
    [Anonymous Symbol]                       0x08001be8   Section        0  stm32g0xx_hal_tim.o(.text.HAL_TIM_ConfigClockSource)
    __arm_cp.90_0                            0x08001d20   Number         4  stm32g0xx_hal_tim.o(.text.HAL_TIM_ConfigClockSource)
    __arm_cp.90_1                            0x08001d24   Number         4  stm32g0xx_hal_tim.o(.text.HAL_TIM_ConfigClockSource)
    [Anonymous Symbol]                       0x08001d28   Section        0  stm32g0xx_hal_uart_ex.o(.text.HAL_UARTEx_DisableFifoMode)
    [Anonymous Symbol]                       0x08001d5e   Section        0  stm32g0xx_hal_uart.o(.text.HAL_UARTEx_RxEventCallback)
    [Anonymous Symbol]                       0x08001d60   Section        0  stm32g0xx_hal_uart_ex.o(.text.HAL_UARTEx_RxFifoFullCallback)
    [Anonymous Symbol]                       0x08001d64   Section        0  stm32g0xx_hal_uart_ex.o(.text.HAL_UARTEx_SetRxFifoThreshold)
    [Anonymous Symbol]                       0x08001ddc   Section        0  stm32g0xx_hal_uart_ex.o(.text.HAL_UARTEx_SetTxFifoThreshold)
    __arm_cp.10_0                            0x08001e54   Number         4  stm32g0xx_hal_uart_ex.o(.text.HAL_UARTEx_SetTxFifoThreshold)
    __arm_cp.10_1                            0x08001e58   Number         4  stm32g0xx_hal_uart_ex.o(.text.HAL_UARTEx_SetTxFifoThreshold)
    [Anonymous Symbol]                       0x08001e5c   Section        0  stm32g0xx_hal_uart_ex.o(.text.HAL_UARTEx_TxFifoEmptyCallback)
    [Anonymous Symbol]                       0x08001e5e   Section        0  stm32g0xx_hal_uart_ex.o(.text.HAL_UARTEx_WakeupCallback)
    [Anonymous Symbol]                       0x08001e60   Section        0  stm32g0xx_hal_uart.o(.text.HAL_UART_ErrorCallback)
    [Anonymous Symbol]                       0x08001e64   Section        0  stm32g0xx_hal_uart.o(.text.HAL_UART_IRQHandler)
    __arm_cp.42_0                            0x0800220c   Number         4  stm32g0xx_hal_uart.o(.text.HAL_UART_IRQHandler)
    __arm_cp.42_1                            0x08002210   Number         4  stm32g0xx_hal_uart.o(.text.HAL_UART_IRQHandler)
    __arm_cp.42_2                            0x08002214   Number         4  stm32g0xx_hal_uart.o(.text.HAL_UART_IRQHandler)
    __arm_cp.42_3                            0x08002218   Number         4  stm32g0xx_hal_uart.o(.text.HAL_UART_IRQHandler)
    [Anonymous Symbol]                       0x0800221c   Section        0  stm32g0xx_hal_uart.o(.text.HAL_UART_Init)
    [Anonymous Symbol]                       0x08002288   Section        0  stm32g0xx_hal_msp.o(.text.HAL_UART_MspInit)
    __arm_cp.5_0                             0x08002350   Number         4  stm32g0xx_hal_msp.o(.text.HAL_UART_MspInit)
    __arm_cp.5_1                             0x08002354   Number         4  stm32g0xx_hal_msp.o(.text.HAL_UART_MspInit)
    __arm_cp.5_2                             0x08002358   Number         4  stm32g0xx_hal_msp.o(.text.HAL_UART_MspInit)
    __arm_cp.5_3                             0x0800235c   Number         4  stm32g0xx_hal_msp.o(.text.HAL_UART_MspInit)
    [Anonymous Symbol]                       0x08002360   Section        0  stm32g0xx_hal_uart.o(.text.HAL_UART_Receive_IT)
    [Anonymous Symbol]                       0x080023ac   Section        0  main.o(.text.HAL_UART_RxCpltCallback)
    __arm_cp.0_0                             0x080023bc   Number         4  main.o(.text.HAL_UART_RxCpltCallback)
    __arm_cp.0_1                             0x080023c0   Number         4  main.o(.text.HAL_UART_RxCpltCallback)
    [Anonymous Symbol]                       0x080023c4   Section        0  stm32g0xx_hal_uart.o(.text.HAL_UART_Transmit_IT)
    __arm_cp.13_0                            0x0800246c   Number         4  stm32g0xx_hal_uart.o(.text.HAL_UART_Transmit_IT)
    __arm_cp.13_1                            0x08002470   Number         4  stm32g0xx_hal_uart.o(.text.HAL_UART_Transmit_IT)
    __arm_cp.13_2                            0x08002474   Number         4  stm32g0xx_hal_uart.o(.text.HAL_UART_Transmit_IT)
    __arm_cp.13_3                            0x08002478   Number         4  stm32g0xx_hal_uart.o(.text.HAL_UART_Transmit_IT)
    [Anonymous Symbol]                       0x0800247c   Section        0  stm32g0xx_hal_uart.o(.text.HAL_UART_TxCpltCallback)
    [Anonymous Symbol]                       0x0800247e   Section        0  stm32g0xx_it.o(.text.HardFault_Handler)
    [Anonymous Symbol]                       0x08002480   Section        0  stm32g0xx_it.o(.text.NMI_Handler)
    [Anonymous Symbol]                       0x08002482   Section        0  stm32g0xx_it.o(.text.PendSV_Handler)
    [Anonymous Symbol]                       0x08002484   Section        0  stm32g0xx_hal_rtc.o(.text.RTC_ExitInitMode)
    __arm_cp.3_0                             0x08002518   Number         4  stm32g0xx_hal_rtc.o(.text.RTC_ExitInitMode)
    [Anonymous Symbol]                       0x0800251c   Section        0  stm32g0xx_it.o(.text.SVC_Handler)
    [Anonymous Symbol]                       0x0800251e   Section        0  stm32g0xx_it.o(.text.SysTick_Handler)
    [Anonymous Symbol]                       0x08002528   Section        0  main.o(.text.SystemClock_Config)
    __arm_cp.4_0                             0x080025e0   Number         4  main.o(.text.SystemClock_Config)
    [Anonymous Symbol]                       0x080025e4   Section        0  system_stm32g0xx.o(.text.SystemInit)
    __arm_cp.0_0                             0x080025f0   Number         4  system_stm32g0xx.o(.text.SystemInit)
    [Anonymous Symbol]                       0x080025f4   Section        0  stm32g0xx_hal_uart.o(.text.UART_AdvFeatureConfig)
    [Anonymous Symbol]                       0x080026c8   Section        0  stm32g0xx_hal_uart.o(.text.UART_CheckIdleState)
    __arm_cp.4_0                             0x080027f0   Number         4  stm32g0xx_hal_uart.o(.text.UART_CheckIdleState)
    UART_DMAAbortOnError                     0x080027f5   Thumb Code    22  stm32g0xx_hal_uart.o(.text.UART_DMAAbortOnError)
    [Anonymous Symbol]                       0x080027f4   Section        0  stm32g0xx_hal_uart.o(.text.UART_DMAAbortOnError)
    UART_RxISR_16BIT                         0x0800280b   Thumb Code   120  stm32g0xx_hal_uart.o(.text.UART_RxISR_16BIT)
    [Anonymous Symbol]                       0x0800280a   Section        0  stm32g0xx_hal_uart.o(.text.UART_RxISR_16BIT)
    UART_RxISR_16BIT_FIFOEN                  0x08002885   Thumb Code   336  stm32g0xx_hal_uart.o(.text.UART_RxISR_16BIT_FIFOEN)
    [Anonymous Symbol]                       0x08002884   Section        0  stm32g0xx_hal_uart.o(.text.UART_RxISR_16BIT_FIFOEN)
    __arm_cp.61_1                            0x080029d4   Number         4  stm32g0xx_hal_uart.o(.text.UART_RxISR_16BIT_FIFOEN)
    UART_RxISR_8BIT                          0x080029d9   Thumb Code   124  stm32g0xx_hal_uart.o(.text.UART_RxISR_8BIT)
    [Anonymous Symbol]                       0x080029d8   Section        0  stm32g0xx_hal_uart.o(.text.UART_RxISR_8BIT)
    UART_RxISR_8BIT_FIFOEN                   0x08002a55   Thumb Code   340  stm32g0xx_hal_uart.o(.text.UART_RxISR_8BIT_FIFOEN)
    [Anonymous Symbol]                       0x08002a54   Section        0  stm32g0xx_hal_uart.o(.text.UART_RxISR_8BIT_FIFOEN)
    __arm_cp.62_0                            0x08002ba8   Number         4  stm32g0xx_hal_uart.o(.text.UART_RxISR_8BIT_FIFOEN)
    [Anonymous Symbol]                       0x08002bac   Section        0  stm32g0xx_hal_uart.o(.text.UART_SetConfig)
    __arm_cp.2_0                             0x08002d00   Number         4  stm32g0xx_hal_uart.o(.text.UART_SetConfig)
    __arm_cp.2_1                             0x08002d04   Number         4  stm32g0xx_hal_uart.o(.text.UART_SetConfig)
    __arm_cp.2_2                             0x08002d08   Number         4  stm32g0xx_hal_uart.o(.text.UART_SetConfig)
    __arm_cp.2_3                             0x08002d0c   Number         4  stm32g0xx_hal_uart.o(.text.UART_SetConfig)
    __arm_cp.2_4                             0x08002d10   Number         4  stm32g0xx_hal_uart.o(.text.UART_SetConfig)
    __arm_cp.2_5                             0x08002d14   Number         4  stm32g0xx_hal_uart.o(.text.UART_SetConfig)
    __arm_cp.2_6                             0x08002d18   Number         4  stm32g0xx_hal_uart.o(.text.UART_SetConfig)
    __arm_cp.2_7                             0x08002d1c   Number         4  stm32g0xx_hal_uart.o(.text.UART_SetConfig)
    __arm_cp.2_8                             0x08002d20   Number         4  stm32g0xx_hal_uart.o(.text.UART_SetConfig)
    __arm_cp.2_9                             0x08002d24   Number         4  stm32g0xx_hal_uart.o(.text.UART_SetConfig)
    __arm_cp.2_10                            0x08002d28   Number         4  stm32g0xx_hal_uart.o(.text.UART_SetConfig)
    __arm_cp.2_11                            0x08002d2c   Number         4  stm32g0xx_hal_uart.o(.text.UART_SetConfig)
    __arm_cp.2_12                            0x08002d30   Number         4  stm32g0xx_hal_uart.o(.text.UART_SetConfig)
    [Anonymous Symbol]                       0x08002d34   Section        0  stm32g0xx_hal_uart.o(.text.UART_Start_Receive_IT)
    __arm_cp.19_1                            0x08002e04   Number         4  stm32g0xx_hal_uart.o(.text.UART_Start_Receive_IT)
    __arm_cp.19_2                            0x08002e08   Number         4  stm32g0xx_hal_uart.o(.text.UART_Start_Receive_IT)
    __arm_cp.19_3                            0x08002e0c   Number         4  stm32g0xx_hal_uart.o(.text.UART_Start_Receive_IT)
    __arm_cp.19_4                            0x08002e10   Number         4  stm32g0xx_hal_uart.o(.text.UART_Start_Receive_IT)
    UART_TxISR_16BIT                         0x08002e15   Thumb Code    64  stm32g0xx_hal_uart.o(.text.UART_TxISR_16BIT)
    [Anonymous Symbol]                       0x08002e14   Section        0  stm32g0xx_hal_uart.o(.text.UART_TxISR_16BIT)
    UART_TxISR_16BIT_FIFOEN                  0x08002e55   Thumb Code    88  stm32g0xx_hal_uart.o(.text.UART_TxISR_16BIT_FIFOEN)
    [Anonymous Symbol]                       0x08002e54   Section        0  stm32g0xx_hal_uart.o(.text.UART_TxISR_16BIT_FIFOEN)
    __arm_cp.14_0                            0x08002eac   Number         4  stm32g0xx_hal_uart.o(.text.UART_TxISR_16BIT_FIFOEN)
    UART_TxISR_8BIT                          0x08002eb1   Thumb Code    60  stm32g0xx_hal_uart.o(.text.UART_TxISR_8BIT)
    [Anonymous Symbol]                       0x08002eb0   Section        0  stm32g0xx_hal_uart.o(.text.UART_TxISR_8BIT)
    UART_TxISR_8BIT_FIFOEN                   0x08002eed   Thumb Code    82  stm32g0xx_hal_uart.o(.text.UART_TxISR_8BIT_FIFOEN)
    [Anonymous Symbol]                       0x08002eec   Section        0  stm32g0xx_hal_uart.o(.text.UART_TxISR_8BIT_FIFOEN)
    [Anonymous Symbol]                       0x08002f40   Section        0  stm32g0xx_it.o(.text.USART2_IRQHandler)
    [Anonymous Symbol]                       0x08002f4c   Section        0  stm32g0xx_it.o(.text.USART3_4_IRQHandler)
    __arm_cp.6_0                             0x08002f58   Number         4  stm32g0xx_it.o(.text.USART3_4_IRQHandler)
    [Anonymous Symbol]                       0x08002f5c   Section        0  main.o(.text.init)
    [Anonymous Symbol]                       0x08002f9c   Section        0  main.o(.text.main)
    __arm_cp.3_22                            0x080032a0   Number         4  main.o(.text.main)
    __arm_cp.3_23                            0x080032a4   Number         4  main.o(.text.main)
    __arm_cp.3_25                            0x080032ac   Number         4  main.o(.text.main)
    __arm_cp.3_26                            0x080032b0   Number         4  main.o(.text.main)
    __arm_cp.3_27                            0x080032b4   Number         4  main.o(.text.main)
    __arm_cp.3_28                            0x080032b8   Number         4  main.o(.text.main)
    __arm_cp.3_2                             0x080034c4   Number         4  main.o(.text.main)
    __arm_cp.3_7                             0x080034c8   Number         4  main.o(.text.main)
    __arm_cp.3_8                             0x080034cc   Number         4  main.o(.text.main)
    __arm_cp.3_9                             0x080034d0   Number         4  main.o(.text.main)
    __arm_cp.3_10                            0x080034d4   Number         4  main.o(.text.main)
    __arm_cp.3_11                            0x080034d8   Number         4  main.o(.text.main)
    __arm_cp.3_12                            0x080034dc   Number         4  main.o(.text.main)
    __arm_cp.3_13                            0x080034e0   Number         4  main.o(.text.main)
    __arm_cp.3_14                            0x080034e4   Number         4  main.o(.text.main)
    __arm_cp.3_18                            0x08003500   Number         4  main.o(.text.main)
    __arm_cp.3_19                            0x08003504   Number         4  main.o(.text.main)
    __arm_cp.3_20                            0x08003508   Number         4  main.o(.text.main)
    __arm_cp.3_21                            0x0800350c   Number         4  main.o(.text.main)
    i.__0sprintf$6                           0x08003510   Section        0  printf6.o(i.__0sprintf$6)
    i.__scatterload_copy                     0x08003538   Section       14  handlers.o(i.__scatterload_copy)
    i.__scatterload_null                     0x08003546   Section        2  handlers.o(i.__scatterload_null)
    i.__scatterload_zeroinit                 0x08003548   Section       14  handlers.o(i.__scatterload_zeroinit)
    _printf_core                             0x08003559   Thumb Code   768  printf6.o(i._printf_core)
    i._printf_core                           0x08003558   Section        0  printf6.o(i._printf_core)
    _printf_post_padding                     0x0800385d   Thumb Code    32  printf6.o(i._printf_post_padding)
    i._printf_post_padding                   0x0800385c   Section        0  printf6.o(i._printf_post_padding)
    _printf_pre_padding                      0x0800387d   Thumb Code    44  printf6.o(i._printf_pre_padding)
    i._printf_pre_padding                    0x0800387c   Section        0  printf6.o(i._printf_pre_padding)
    _sputc                                   0x080038a9   Thumb Code    10  printf6.o(i._sputc)
    i._sputc                                 0x080038a8   Section        0  printf6.o(i._sputc)
    [Anonymous Symbol]                       0x080038b2   Section        0  main.o(.rodata..Lswitch.table.convertNumber)
    [Anonymous Symbol]                       0x0800393c   Section        0  stm32g0xx_hal_uart.o(.rodata.cst16)
    [Anonymous Symbol]                       0x0800394c   Section        0  stm32g0xx_hal_uart_ex.o(.rodata.cst8)
    [Anonymous Symbol]                       0x0800395c   Section        0  main.o(.rodata.str1.1)
    [Anonymous Symbol]                       0x20000000   Section        0  main.o(.data..L_MergedGlobals)
    [Anonymous Symbol]                       0x20000040   Section        0  stm32g0xx_hal.o(.data..L_MergedGlobals)
    [Anonymous Symbol]                       0x20000050   Section        0  main.o(.bss..L_MergedGlobals.14)
    STACK                                    0x20000238   Section     1024  startup_stm32g070xx.o(STACK)

    Global Symbols

    Symbol Name                              Value     Ov Type        Size  Object(Section)

    BuildAttributes$$THM_ISAv3M$S$PE$A:L22$X:L11$S22$IEEE1$IW$~IW$USESV6$~STKCKD$USESV7$~SHL$OTIME$ROPI$EBA8$MICROLIB$REQ8$PRES8$EABIv2 0x00000000   Number         0  anon$$obj.o ABSOLUTE
    _printf_a                                0x00000000   Number         0  printfstubs.o ABSOLUTE
    _printf_c                                0x00000000   Number         0  printfstubs.o ABSOLUTE
    _printf_charcount                        0x00000000   Number         0  printfstubs.o ABSOLUTE
    _printf_d                                0x00000000   Number         0  printfstubs.o ABSOLUTE
    _printf_e                                0x00000000   Number         0  printfstubs.o ABSOLUTE
    _printf_f                                0x00000000   Number         0  printfstubs.o ABSOLUTE
    _printf_flags                            0x00000000   Number         0  printfstubs.o ABSOLUTE
    _printf_fp_dec                           0x00000000   Number         0  printfstubs.o ABSOLUTE
    _printf_fp_hex                           0x00000000   Number         0  printfstubs.o ABSOLUTE
    _printf_g                                0x00000000   Number         0  printfstubs.o ABSOLUTE
    _printf_i                                0x00000000   Number         0  printfstubs.o ABSOLUTE
    _printf_int_dec                          0x00000000   Number         0  printfstubs.o ABSOLUTE
    _printf_l                                0x00000000   Number         0  printfstubs.o ABSOLUTE
    _printf_lc                               0x00000000   Number         0  printfstubs.o ABSOLUTE
    _printf_ll                               0x00000000   Number         0  printfstubs.o ABSOLUTE
    _printf_lld                              0x00000000   Number         0  printfstubs.o ABSOLUTE
    _printf_lli                              0x00000000   Number         0  printfstubs.o ABSOLUTE
    _printf_llo                              0x00000000   Number         0  printfstubs.o ABSOLUTE
    _printf_llu                              0x00000000   Number         0  printfstubs.o ABSOLUTE
    _printf_llx                              0x00000000   Number         0  printfstubs.o ABSOLUTE
    _printf_longlong_dec                     0x00000000   Number         0  printfstubs.o ABSOLUTE
    _printf_longlong_hex                     0x00000000   Number         0  printfstubs.o ABSOLUTE
    _printf_longlong_oct                     0x00000000   Number         0  printfstubs.o ABSOLUTE
    _printf_ls                               0x00000000   Number         0  printfstubs.o ABSOLUTE
    _printf_mbtowc                           0x00000000   Number         0  printfstubs.o ABSOLUTE
    _printf_n                                0x00000000   Number         0  printfstubs.o ABSOLUTE
    _printf_o                                0x00000000   Number         0  printfstubs.o ABSOLUTE
    _printf_p                                0x00000000   Number         0  printfstubs.o ABSOLUTE
    _printf_percent                          0x00000000   Number         0  printfstubs.o ABSOLUTE
    _printf_pre_padding                      0x00000000   Number         0  printfstubs.o ABSOLUTE
    _printf_return_value                     0x00000000   Number         0  printfstubs.o ABSOLUTE
    _printf_s                                0x00000000   Number         0  printfstubs.o ABSOLUTE
    _printf_sizespec                         0x00000000   Number         0  printfstubs.o ABSOLUTE
    _printf_str                              0x00000000   Number         0  printfstubs.o ABSOLUTE
    _printf_truncate_signed                  0x00000000   Number         0  printfstubs.o ABSOLUTE
    _printf_truncate_unsigned                0x00000000   Number         0  printfstubs.o ABSOLUTE
    _printf_u                                0x00000000   Number         0  printfstubs.o ABSOLUTE
    _printf_wc                               0x00000000   Number         0  printfstubs.o ABSOLUTE
    _printf_wctomb                           0x00000000   Number         0  printfstubs.o ABSOLUTE
    _printf_widthprec                        0x00000000   Number         0  printfstubs.o ABSOLUTE
    _printf_x                                0x00000000   Number         0  printfstubs.o ABSOLUTE
    __cpp_initialize__aeabi_                  - Undefined Weak Reference
    __cxa_finalize                            - Undefined Weak Reference
    __decompress                              - Undefined Weak Reference
    _clock_init                               - Undefined Weak Reference
    _microlib_exit                            - Undefined Weak Reference
    __Vectors_Size                           0x000000b8   Number         0  startup_stm32g070xx.o ABSOLUTE
    __Vectors                                0x08000000   Data           4  startup_stm32g070xx.o(RESET)
    __Vectors_End                            0x080000b8   Data           0  startup_stm32g070xx.o(RESET)
    __main                                   0x080000b9   Thumb Code     0  entry.o(.ARM.Collect$$$$00000000)
    _main_stk                                0x080000b9   Thumb Code     0  entry2.o(.ARM.Collect$$$$00000001)
    _main_scatterload                        0x080000bd   Thumb Code     0  entry5.o(.ARM.Collect$$$$00000004)
    __main_after_scatterload                 0x080000c1   Thumb Code     0  entry5.o(.ARM.Collect$$$$00000004)
    _main_clock                              0x080000c1   Thumb Code     0  entry7b.o(.ARM.Collect$$$$00000008)
    _main_cpp_init                           0x080000c1   Thumb Code     0  entry8b.o(.ARM.Collect$$$$0000000A)
    _main_init                               0x080000c1   Thumb Code     0  entry9a.o(.ARM.Collect$$$$0000000B)
    __rt_final_cpp                           0x080000c9   Thumb Code     0  entry10a.o(.ARM.Collect$$$$0000000D)
    __rt_final_exit                          0x080000c9   Thumb Code     0  entry11a.o(.ARM.Collect$$$$0000000F)
    Reset_Handler                            0x080000cd   Thumb Code     8  startup_stm32g070xx.o(.text)
    ADC1_IRQHandler                          0x080000df   Thumb Code     0  startup_stm32g070xx.o(.text)
    DMA1_Ch4_7_DMAMUX1_OVR_IRQHandler        0x080000df   Thumb Code     0  startup_stm32g070xx.o(.text)
    DMA1_Channel1_IRQHandler                 0x080000df   Thumb Code     0  startup_stm32g070xx.o(.text)
    DMA1_Channel2_3_IRQHandler               0x080000df   Thumb Code     0  startup_stm32g070xx.o(.text)
    EXTI0_1_IRQHandler                       0x080000df   Thumb Code     0  startup_stm32g070xx.o(.text)
    EXTI2_3_IRQHandler                       0x080000df   Thumb Code     0  startup_stm32g070xx.o(.text)
    EXTI4_15_IRQHandler                      0x080000df   Thumb Code     0  startup_stm32g070xx.o(.text)
    FLASH_IRQHandler                         0x080000df   Thumb Code     0  startup_stm32g070xx.o(.text)
    I2C1_IRQHandler                          0x080000df   Thumb Code     0  startup_stm32g070xx.o(.text)
    I2C2_IRQHandler                          0x080000df   Thumb Code     0  startup_stm32g070xx.o(.text)
    RCC_IRQHandler                           0x080000df   Thumb Code     0  startup_stm32g070xx.o(.text)
    RTC_TAMP_IRQHandler                      0x080000df   Thumb Code     0  startup_stm32g070xx.o(.text)
    SPI1_IRQHandler                          0x080000df   Thumb Code     0  startup_stm32g070xx.o(.text)
    SPI2_IRQHandler                          0x080000df   Thumb Code     0  startup_stm32g070xx.o(.text)
    TIM14_IRQHandler                         0x080000df   Thumb Code     0  startup_stm32g070xx.o(.text)
    TIM15_IRQHandler                         0x080000df   Thumb Code     0  startup_stm32g070xx.o(.text)
    TIM16_IRQHandler                         0x080000df   Thumb Code     0  startup_stm32g070xx.o(.text)
    TIM17_IRQHandler                         0x080000df   Thumb Code     0  startup_stm32g070xx.o(.text)
    TIM1_BRK_UP_TRG_COM_IRQHandler           0x080000df   Thumb Code     0  startup_stm32g070xx.o(.text)
    TIM1_CC_IRQHandler                       0x080000df   Thumb Code     0  startup_stm32g070xx.o(.text)
    TIM3_IRQHandler                          0x080000df   Thumb Code     0  startup_stm32g070xx.o(.text)
    TIM6_IRQHandler                          0x080000df   Thumb Code     0  startup_stm32g070xx.o(.text)
    TIM7_IRQHandler                          0x080000df   Thumb Code     0  startup_stm32g070xx.o(.text)
    USART1_IRQHandler                        0x080000df   Thumb Code     0  startup_stm32g070xx.o(.text)
    WWDG_IRQHandler                          0x080000df   Thumb Code     0  startup_stm32g070xx.o(.text)
    strncpy                                  0x080000e9   Thumb Code    26  strncpy.o(.text)
    strlen                                   0x08000103   Thumb Code    14  strlen.o(.text)
    memcmp                                   0x08000111   Thumb Code    26  memcmp.o(.text)
    __aeabi_uidiv                            0x0800012b   Thumb Code     0  uidiv_div0.o(.text)
    __aeabi_uidivmod                         0x0800012b   Thumb Code    62  uidiv_div0.o(.text)
    __scatterload                            0x08000169   Thumb Code    28  init.o(.text)
    __scatterload_rt2                        0x08000169   Thumb Code     0  init.o(.text)
    CMD_100_Command                          0x0800018d   Thumb Code   476  main.o(.text.CMD_100_Command)
    CMD_101_Write                            0x08000369   Thumb Code  1354  main.o(.text.CMD_101_Write)
    HAL_DMA_Abort                            0x080008b5   Thumb Code   112  stm32g0xx_hal_dma.o(.text.HAL_DMA_Abort)
    HAL_DMA_Abort_IT                         0x08000925   Thumb Code   112  stm32g0xx_hal_dma.o(.text.HAL_DMA_Abort_IT)
    HAL_Delay                                0x0800099d   Thumb Code    32  stm32g0xx_hal.o(.text.HAL_Delay)
    HAL_GPIO_Init                            0x080009bd   Thumb Code   412  stm32g0xx_hal_gpio.o(.text.HAL_GPIO_Init)
    HAL_GPIO_WritePin                        0x08000b71   Thumb Code    16  stm32g0xx_hal_gpio.o(.text.HAL_GPIO_WritePin)
    HAL_GetTick                              0x08000b81   Thumb Code     8  stm32g0xx_hal.o(.text.HAL_GetTick)
    HAL_IncTick                              0x08000b89   Thumb Code    16  stm32g0xx_hal.o(.text.HAL_IncTick)
    HAL_Init                                 0x08000b9d   Thumb Code    40  stm32g0xx_hal.o(.text.HAL_Init)
    HAL_InitTick                             0x08000bc9   Thumb Code    64  stm32g0xx_hal.o(.text.HAL_InitTick)
    HAL_MspInit                              0x08000c0d   Thumb Code    52  stm32g0xx_hal_msp.o(.text.HAL_MspInit)
    HAL_NVIC_EnableIRQ                       0x08000c45   Thumb Code    20  stm32g0xx_hal_cortex.o(.text.HAL_NVIC_EnableIRQ)
    HAL_NVIC_SetPriority                     0x08000c5d   Thumb Code    56  stm32g0xx_hal_cortex.o(.text.HAL_NVIC_SetPriority)
    HAL_PWREx_ControlVoltageScaling          0x08000c9d   Thumb Code   116  stm32g0xx_hal_pwr_ex.o(.text.HAL_PWREx_ControlVoltageScaling)
    HAL_PWR_EnableBkUpAccess                 0x08000d1d   Thumb Code    16  stm32g0xx_hal_pwr.o(.text.HAL_PWR_EnableBkUpAccess)
    HAL_RCCEx_PeriphCLKConfig                0x08000d2d   Thumb Code   356  stm32g0xx_hal_rcc_ex.o(.text.HAL_RCCEx_PeriphCLKConfig)
    HAL_RCC_ClockConfig                      0x08000ea1   Thumb Code   488  stm32g0xx_hal_rcc.o(.text.HAL_RCC_ClockConfig)
    HAL_RCC_GetPCLK1Freq                     0x0800109d   Thumb Code    28  stm32g0xx_hal_rcc.o(.text.HAL_RCC_GetPCLK1Freq)
    HAL_RCC_GetSysClockFreq                  0x080010c1   Thumb Code   124  stm32g0xx_hal_rcc.o(.text.HAL_RCC_GetSysClockFreq)
    HAL_RCC_OscConfig                        0x08001149   Thumb Code  1032  stm32g0xx_hal_rcc.o(.text.HAL_RCC_OscConfig)
    HAL_RTCEx_BKUPRead                       0x08001571   Thumb Code    18  stm32g0xx_hal_rtc_ex.o(.text.HAL_RTCEx_BKUPRead)
    HAL_RTCEx_BKUPWrite                      0x08001583   Thumb Code    18  stm32g0xx_hal_rtc_ex.o(.text.HAL_RTCEx_BKUPWrite)
    HAL_RTC_GetDate                          0x08001595   Thumb Code    78  stm32g0xx_hal_rtc.o(.text.HAL_RTC_GetDate)
    HAL_RTC_GetTime                          0x080015e5   Thumb Code   104  stm32g0xx_hal_rtc.o(.text.HAL_RTC_GetTime)
    HAL_RTC_Init                             0x08001651   Thumb Code   200  stm32g0xx_hal_rtc.o(.text.HAL_RTC_Init)
    HAL_RTC_MspInit                          0x0800171d   Thumb Code    48  stm32g0xx_hal_msp.o(.text.HAL_RTC_MspInit)
    HAL_RTC_SetDate                          0x08001755   Thumb Code   302  stm32g0xx_hal_rtc.o(.text.HAL_RTC_SetDate)
    HAL_RTC_SetTime                          0x08001885   Thumb Code   340  stm32g0xx_hal_rtc.o(.text.HAL_RTC_SetTime)
    HAL_SYSCFG_StrobeDBattpinsConfig         0x080019dd   Thumb Code    16  stm32g0xx_hal.o(.text.HAL_SYSCFG_StrobeDBattpinsConfig)
    HAL_SYSTICK_Config                       0x080019f1   Thumb Code    40  stm32g0xx_hal_cortex.o(.text.HAL_SYSTICK_Config)
    HAL_TIMEx_MasterConfigSynchronization    0x08001a25   Thumb Code    96  stm32g0xx_hal_tim_ex.o(.text.HAL_TIMEx_MasterConfigSynchronization)
    HAL_TIM_Base_Init                        0x08001a85   Thumb Code   200  stm32g0xx_hal_tim.o(.text.HAL_TIM_Base_Init)
    HAL_TIM_Base_MspInit                     0x08001b61   Thumb Code    40  stm32g0xx_hal_msp.o(.text.HAL_TIM_Base_MspInit)
    HAL_TIM_Base_Start                       0x08001b8d   Thumb Code    76  stm32g0xx_hal_tim.o(.text.HAL_TIM_Base_Start)
    HAL_TIM_ConfigClockSource                0x08001be9   Thumb Code   312  stm32g0xx_hal_tim.o(.text.HAL_TIM_ConfigClockSource)
    HAL_UARTEx_DisableFifoMode               0x08001d29   Thumb Code    54  stm32g0xx_hal_uart_ex.o(.text.HAL_UARTEx_DisableFifoMode)
    HAL_UARTEx_RxEventCallback               0x08001d5f   Thumb Code     2  stm32g0xx_hal_uart.o(.text.HAL_UARTEx_RxEventCallback)
    HAL_UARTEx_RxFifoFullCallback            0x08001d61   Thumb Code     2  stm32g0xx_hal_uart_ex.o(.text.HAL_UARTEx_RxFifoFullCallback)
    HAL_UARTEx_SetRxFifoThreshold            0x08001d65   Thumb Code   120  stm32g0xx_hal_uart_ex.o(.text.HAL_UARTEx_SetRxFifoThreshold)
    HAL_UARTEx_SetTxFifoThreshold            0x08001ddd   Thumb Code   120  stm32g0xx_hal_uart_ex.o(.text.HAL_UARTEx_SetTxFifoThreshold)
    HAL_UARTEx_TxFifoEmptyCallback           0x08001e5d   Thumb Code     2  stm32g0xx_hal_uart_ex.o(.text.HAL_UARTEx_TxFifoEmptyCallback)
    HAL_UARTEx_WakeupCallback                0x08001e5f   Thumb Code     2  stm32g0xx_hal_uart_ex.o(.text.HAL_UARTEx_WakeupCallback)
    HAL_UART_ErrorCallback                   0x08001e61   Thumb Code     2  stm32g0xx_hal_uart.o(.text.HAL_UART_ErrorCallback)
    HAL_UART_IRQHandler                      0x08001e65   Thumb Code   936  stm32g0xx_hal_uart.o(.text.HAL_UART_IRQHandler)
    HAL_UART_Init                            0x0800221d   Thumb Code   108  stm32g0xx_hal_uart.o(.text.HAL_UART_Init)
    HAL_UART_MspInit                         0x08002289   Thumb Code   200  stm32g0xx_hal_msp.o(.text.HAL_UART_MspInit)
    HAL_UART_Receive_IT                      0x08002361   Thumb Code    76  stm32g0xx_hal_uart.o(.text.HAL_UART_Receive_IT)
    HAL_UART_RxCpltCallback                  0x080023ad   Thumb Code    16  main.o(.text.HAL_UART_RxCpltCallback)
    HAL_UART_Transmit_IT                     0x080023c5   Thumb Code   168  stm32g0xx_hal_uart.o(.text.HAL_UART_Transmit_IT)
    HAL_UART_TxCpltCallback                  0x0800247d   Thumb Code     2  stm32g0xx_hal_uart.o(.text.HAL_UART_TxCpltCallback)
    HardFault_Handler                        0x0800247f   Thumb Code     2  stm32g0xx_it.o(.text.HardFault_Handler)
    NMI_Handler                              0x08002481   Thumb Code     2  stm32g0xx_it.o(.text.NMI_Handler)
    PendSV_Handler                           0x08002483   Thumb Code     2  stm32g0xx_it.o(.text.PendSV_Handler)
    RTC_ExitInitMode                         0x08002485   Thumb Code   148  stm32g0xx_hal_rtc.o(.text.RTC_ExitInitMode)
    SVC_Handler                              0x0800251d   Thumb Code     2  stm32g0xx_it.o(.text.SVC_Handler)
    SysTick_Handler                          0x0800251f   Thumb Code     8  stm32g0xx_it.o(.text.SysTick_Handler)
    SystemClock_Config                       0x08002529   Thumb Code   184  main.o(.text.SystemClock_Config)
    SystemInit                               0x080025e5   Thumb Code    12  system_stm32g0xx.o(.text.SystemInit)
    UART_AdvFeatureConfig                    0x080025f5   Thumb Code   210  stm32g0xx_hal_uart.o(.text.UART_AdvFeatureConfig)
    UART_CheckIdleState                      0x080026c9   Thumb Code   296  stm32g0xx_hal_uart.o(.text.UART_CheckIdleState)
    UART_SetConfig                           0x08002bad   Thumb Code   340  stm32g0xx_hal_uart.o(.text.UART_SetConfig)
    UART_Start_Receive_IT                    0x08002d35   Thumb Code   208  stm32g0xx_hal_uart.o(.text.UART_Start_Receive_IT)
    USART2_IRQHandler                        0x08002f41   Thumb Code    12  stm32g0xx_it.o(.text.USART2_IRQHandler)
    USART3_4_IRQHandler                      0x08002f4d   Thumb Code    12  stm32g0xx_it.o(.text.USART3_4_IRQHandler)
    init                                     0x08002f5d   Thumb Code    64  main.o(.text.init)
    main                                     0x08002f9d   Thumb Code  1320  main.o(.text.main)
    __0sprintf$6                             0x08003511   Thumb Code    36  printf6.o(i.__0sprintf$6)
    __1sprintf$6                             0x08003511   Thumb Code     0  printf6.o(i.__0sprintf$6)
    __2sprintf                               0x08003511   Thumb Code     0  printf6.o(i.__0sprintf$6)
    __scatterload_copy                       0x08003539   Thumb Code    14  handlers.o(i.__scatterload_copy)
    __scatterload_null                       0x08003547   Thumb Code     2  handlers.o(i.__scatterload_null)
    __scatterload_zeroinit                   0x08003549   Thumb Code    14  handlers.o(i.__scatterload_zeroinit)
    AHBPrescTable                            0x080038c4   Data          64  system_stm32g0xx.o(.rodata.AHBPrescTable)
    APBPrescTable                            0x08003904   Data          32  system_stm32g0xx.o(.rodata.APBPrescTable)
    UARTPrescTable                           0x08003924   Data          24  stm32g0xx_hal_uart.o(.rodata.UARTPrescTable)
    Region$$Table$$Base                      0x08003970   Number         0  anon$$obj.o(Region$$Table)
    Region$$Table$$Limit                     0x08003990   Number         0  anon$$obj.o(Region$$Table)
    firstSeg                                 0x20000000   Data          32  main.o(.data..L_MergedGlobals)
    secSeg                                   0x20000020   Data          32  main.o(.data..L_MergedGlobals)
    uwTickFreq                               0x20000040   Data           1  stm32g0xx_hal.o(.data..L_MergedGlobals)
    uwTickPrio                               0x20000044   Data           4  stm32g0xx_hal.o(.data..L_MergedGlobals)
    SystemCoreClock                          0x20000048   Data           4  system_stm32g0xx.o(.data.SystemCoreClock)
    jam                                      0x20000050   Data           1  main.o(.bss..L_MergedGlobals.14)
    menit                                    0x20000051   Data           1  main.o(.bss..L_MergedGlobals.14)
    detik                                    0x20000052   Data           1  main.o(.bss..L_MergedGlobals.14)
    timeCmd                                  0x20000053   Data           1  main.o(.bss..L_MergedGlobals.14)
    playCmd                                  0x20000054   Data           1  main.o(.bss..L_MergedGlobals.14)
    wifiCmd                                  0x20000055   Data           1  main.o(.bss..L_MergedGlobals.14)
    gDate                                    0x20000056   Data           4  main.o(.bss..L_MergedGlobals.14)
    Rx_deviceSerial                          0x2000005a   Data          10  main.o(.bss..L_MergedGlobals.14)
    time                                     0x20000064   Data          10  main.o(.bss..L_MergedGlobals.14)
    commandData                              0x2000006e   Data          10  main.o(.bss..L_MergedGlobals.14)
    Tx_deviceSerial                          0x20000078   Data          10  main.o(.bss..L_MergedGlobals.14)
    gTime                                    0x20000084   Data          20  main.o(.bss..L_MergedGlobals.14)
    hrtc                                     0x20000098   Data          44  main.o(.bss..L_MergedGlobals.14)
    htim1                                    0x200000c4   Data          76  main.o(.bss.htim1)
    huart2                                   0x20000110   Data         144  main.o(.bss.huart2)
    huart3                                   0x200001a0   Data         144  main.o(.bss.huart3)
    uwTick                                   0x20000230   Data           4  stm32g0xx_hal.o(.bss.uwTick)
    __initial_sp                             0x20000638   Data           0  startup_stm32g070xx.o(STACK)



==============================================================================

Memory Map of the image

  Image Entry point : 0x080000b9

  Load Region LR_IROM1 (Base: 0x08000000, Size: 0x000039e0, Max: 0x00020000, ABSOLUTE)

    Execution Region ER_IROM1 (Exec base: 0x08000000, Load base: 0x08000000, Size: 0x00003990, Max: 0x00020000, ABSOLUTE)

    Exec Addr    Load Addr    Size         Type   Attr      Idx    E Section Name        Object

    0x08000000   0x08000000   0x000000b8   Data   RO            3    RESET               startup_stm32g070xx.o
    0x080000b8   0x080000b8   0x00000000   Code   RO         1173  * .ARM.Collect$$$$00000000  mc_p.l(entry.o)
    0x080000b8   0x080000b8   0x00000004   Code   RO         1449    .ARM.Collect$$$$00000001  mc_p.l(entry2.o)
    0x080000bc   0x080000bc   0x00000004   Code   RO         1452    .ARM.Collect$$$$00000004  mc_p.l(entry5.o)
    0x080000c0   0x080000c0   0x00000000   Code   RO         1454    .ARM.Collect$$$$00000008  mc_p.l(entry7b.o)
    0x080000c0   0x080000c0   0x00000000   Code   RO         1456    .ARM.Collect$$$$0000000A  mc_p.l(entry8b.o)
    0x080000c0   0x080000c0   0x00000008   Code   RO         1457    .ARM.Collect$$$$0000000B  mc_p.l(entry9a.o)
    0x080000c8   0x080000c8   0x00000000   Code   RO         1459    .ARM.Collect$$$$0000000D  mc_p.l(entry10a.o)
    0x080000c8   0x080000c8   0x00000000   Code   RO         1461    .ARM.Collect$$$$0000000F  mc_p.l(entry11a.o)
    0x080000c8   0x080000c8   0x00000004   Code   RO         1450    .ARM.Collect$$$$00002712  mc_p.l(entry2.o)
    0x080000cc   0x080000cc   0x0000001c   Code   RO            4    .text               startup_stm32g070xx.o
    0x080000e8   0x080000e8   0x0000001a   Code   RO         1182    .text               mc_p.l(strncpy.o)
    0x08000102   0x08000102   0x0000000e   Code   RO         1184    .text               mc_p.l(strlen.o)
    0x08000110   0x08000110   0x0000001a   Code   RO         1186    .text               mc_p.l(memcmp.o)
    0x0800012a   0x0800012a   0x0000003e   Code   RO         1472    .text               mc_p.l(uidiv_div0.o)
    0x08000168   0x08000168   0x00000024   Code   RO         1491    .text               mc_p.l(init.o)
    0x0800018c   0x0800018c   0x000001dc   Code   RO           43    .text.CMD_100_Command  main.o
    0x08000368   0x08000368   0x0000054a   Code   RO           25    .text.CMD_101_Write  main.o
    0x080008b2   0x080008b2   0x00000002   PAD
    0x080008b4   0x080008b4   0x00000070   Code   RO          401    .text.HAL_DMA_Abort  stm32g0xx_hal_dma.o
    0x08000924   0x08000924   0x00000078   Code   RO          403    .text.HAL_DMA_Abort_IT  stm32g0xx_hal_dma.o
    0x0800099c   0x0800099c   0x00000020   Code   RO          574    .text.HAL_Delay     stm32g0xx_hal.o
    0x080009bc   0x080009bc   0x000001b4   Code   RO          367    .text.HAL_GPIO_Init  stm32g0xx_hal_gpio.o
    0x08000b70   0x08000b70   0x00000010   Code   RO          373    .text.HAL_GPIO_WritePin  stm32g0xx_hal_gpio.o
    0x08000b80   0x08000b80   0x00000008   Code   RO          566    .text.HAL_GetTick   stm32g0xx_hal.o
    0x08000b88   0x08000b88   0x00000014   Code   RO          564    .text.HAL_IncTick   stm32g0xx_hal.o
    0x08000b9c   0x08000b9c   0x0000002c   Code   RO          554    .text.HAL_Init      stm32g0xx_hal.o
    0x08000bc8   0x08000bc8   0x00000044   Code   RO          556    .text.HAL_InitTick  stm32g0xx_hal.o
    0x08000c0c   0x08000c0c   0x00000038   Code   RO           87    .text.HAL_MspInit   stm32g0xx_hal_msp.o
    0x08000c44   0x08000c44   0x00000018   Code   RO          518    .text.HAL_NVIC_EnableIRQ  stm32g0xx_hal_cortex.o
    0x08000c5c   0x08000c5c   0x00000040   Code   RO          516    .text.HAL_NVIC_SetPriority  stm32g0xx_hal_cortex.o
    0x08000c9c   0x08000c9c   0x00000080   Code   RO          502    .text.HAL_PWREx_ControlVoltageScaling  stm32g0xx_hal_pwr_ex.o
    0x08000d1c   0x08000d1c   0x00000010   Code   RO          446    .text.HAL_PWR_EnableBkUpAccess  stm32g0xx_hal_pwr.o
    0x08000d2c   0x08000d2c   0x00000174   Code   RO          291    .text.HAL_RCCEx_PeriphCLKConfig  stm32g0xx_hal_rcc_ex.o
    0x08000ea0   0x08000ea0   0x000001fc   Code   RO          257    .text.HAL_RCC_ClockConfig  stm32g0xx_hal_rcc.o
    0x0800109c   0x0800109c   0x00000024   Code   RO          265    .text.HAL_RCC_GetPCLK1Freq  stm32g0xx_hal_rcc.o
    0x080010c0   0x080010c0   0x00000088   Code   RO          259    .text.HAL_RCC_GetSysClockFreq  stm32g0xx_hal_rcc.o
    0x08001148   0x08001148   0x00000428   Code   RO          255    .text.HAL_RCC_OscConfig  stm32g0xx_hal_rcc.o
    0x08001570   0x08001570   0x00000012   Code   RO          243    .text.HAL_RTCEx_BKUPRead  stm32g0xx_hal_rtc_ex.o
    0x08001582   0x08001582   0x00000012   Code   RO          241    .text.HAL_RTCEx_BKUPWrite  stm32g0xx_hal_rtc_ex.o
    0x08001594   0x08001594   0x0000004e   Code   RO          131    .text.HAL_RTC_GetDate  stm32g0xx_hal_rtc.o
    0x080015e2   0x080015e2   0x00000002   PAD
    0x080015e4   0x080015e4   0x0000006c   Code   RO          125    .text.HAL_RTC_GetTime  stm32g0xx_hal_rtc.o
    0x08001650   0x08001650   0x000000cc   Code   RO          109    .text.HAL_RTC_Init  stm32g0xx_hal_rtc.o
    0x0800171c   0x0800171c   0x00000038   Code   RO           89    .text.HAL_RTC_MspInit  stm32g0xx_hal_msp.o
    0x08001754   0x08001754   0x0000012e   Code   RO          129    .text.HAL_RTC_SetDate  stm32g0xx_hal_rtc.o
    0x08001882   0x08001882   0x00000002   PAD
    0x08001884   0x08001884   0x00000158   Code   RO          121    .text.HAL_RTC_SetTime  stm32g0xx_hal_rtc.o
    0x080019dc   0x080019dc   0x00000014   Code   RO          608    .text.HAL_SYSCFG_StrobeDBattpinsConfig  stm32g0xx_hal.o
    0x080019f0   0x080019f0   0x00000034   Code   RO          524    .text.HAL_SYSTICK_Config  stm32g0xx_hal_cortex.o
    0x08001a24   0x08001a24   0x00000060   Code   RO          940    .text.HAL_TIMEx_MasterConfigSynchronization  stm32g0xx_hal_tim_ex.o
    0x08001a84   0x08001a84   0x000000dc   Code   RO          646    .text.HAL_TIM_Base_Init  stm32g0xx_hal_tim.o
    0x08001b60   0x08001b60   0x0000002c   Code   RO           93    .text.HAL_TIM_Base_MspInit  stm32g0xx_hal_msp.o
    0x08001b8c   0x08001b8c   0x0000005c   Code   RO          656    .text.HAL_TIM_Base_Start  stm32g0xx_hal_tim.o
    0x08001be8   0x08001be8   0x00000140   Code   RO          826    .text.HAL_TIM_ConfigClockSource  stm32g0xx_hal_tim.o
    0x08001d28   0x08001d28   0x00000036   Code   RO         1138    .text.HAL_UARTEx_DisableFifoMode  stm32g0xx_hal_uart_ex.o
    0x08001d5e   0x08001d5e   0x00000002   Code   RO         1066    .text.HAL_UARTEx_RxEventCallback  stm32g0xx_hal_uart.o
    0x08001d60   0x08001d60   0x00000002   Code   RO         1124    .text.HAL_UARTEx_RxFifoFullCallback  stm32g0xx_hal_uart_ex.o
    0x08001d62   0x08001d62   0x00000002   PAD
    0x08001d64   0x08001d64   0x00000078   Code   RO         1142    .text.HAL_UARTEx_SetRxFifoThreshold  stm32g0xx_hal_uart_ex.o
    0x08001ddc   0x08001ddc   0x00000080   Code   RO         1140    .text.HAL_UARTEx_SetTxFifoThreshold  stm32g0xx_hal_uart_ex.o
    0x08001e5c   0x08001e5c   0x00000002   Code   RO         1126    .text.HAL_UARTEx_TxFifoEmptyCallback  stm32g0xx_hal_uart_ex.o
    0x08001e5e   0x08001e5e   0x00000002   Code   RO         1122    .text.HAL_UARTEx_WakeupCallback  stm32g0xx_hal_uart_ex.o
    0x08001e60   0x08001e60   0x00000002   Code   RO         1064    .text.HAL_UART_ErrorCallback  stm32g0xx_hal_uart.o
    0x08001e62   0x08001e62   0x00000002   PAD
    0x08001e64   0x08001e64   0x000003b8   Code   RO         1060    .text.HAL_UART_IRQHandler  stm32g0xx_hal_uart.o
    0x0800221c   0x0800221c   0x0000006c   Code   RO          976    .text.HAL_UART_Init  stm32g0xx_hal_uart.o
    0x08002288   0x08002288   0x000000d8   Code   RO           97    .text.HAL_UART_MspInit  stm32g0xx_hal_msp.o
    0x08002360   0x08002360   0x0000004c   Code   RO         1012    .text.HAL_UART_Receive_IT  stm32g0xx_hal_uart.o
    0x080023ac   0x080023ac   0x00000018   Code   RO           11    .text.HAL_UART_RxCpltCallback  main.o
    0x080023c4   0x080023c4   0x000000b8   Code   RO         1002    .text.HAL_UART_Transmit_IT  stm32g0xx_hal_uart.o
    0x0800247c   0x0800247c   0x00000002   Code   RO         1068    .text.HAL_UART_TxCpltCallback  stm32g0xx_hal_uart.o
    0x0800247e   0x0800247e   0x00000002   Code   RO           68    .text.HardFault_Handler  stm32g0xx_it.o
    0x08002480   0x08002480   0x00000002   Code   RO           66    .text.NMI_Handler   stm32g0xx_it.o
    0x08002482   0x08002482   0x00000002   Code   RO           72    .text.PendSV_Handler  stm32g0xx_it.o
    0x08002484   0x08002484   0x00000098   Code   RO          115    .text.RTC_ExitInitMode  stm32g0xx_hal_rtc.o
    0x0800251c   0x0800251c   0x00000002   Code   RO           70    .text.SVC_Handler   stm32g0xx_it.o
    0x0800251e   0x0800251e   0x00000008   Code   RO           74    .text.SysTick_Handler  stm32g0xx_it.o
    0x08002526   0x08002526   0x00000002   PAD
    0x08002528   0x08002528   0x000000bc   Code   RO           19    .text.SystemClock_Config  main.o
    0x080025e4   0x080025e4   0x00000010   Code   RO         1159    .text.SystemInit    system_stm32g0xx.o
    0x080025f4   0x080025f4   0x000000d2   Code   RO          982    .text.UART_AdvFeatureConfig  stm32g0xx_hal_uart.o
    0x080026c6   0x080026c6   0x00000002   PAD
    0x080026c8   0x080026c8   0x0000012c   Code   RO          984    .text.UART_CheckIdleState  stm32g0xx_hal_uart.o
    0x080027f4   0x080027f4   0x00000016   Code   RO         1062    .text.UART_DMAAbortOnError  stm32g0xx_hal_uart.o
    0x0800280a   0x0800280a   0x00000078   Code   RO         1102    .text.UART_RxISR_16BIT  stm32g0xx_hal_uart.o
    0x08002882   0x08002882   0x00000002   PAD
    0x08002884   0x08002884   0x00000154   Code   RO         1098    .text.UART_RxISR_16BIT_FIFOEN  stm32g0xx_hal_uart.o
    0x080029d8   0x080029d8   0x0000007c   Code   RO         1104    .text.UART_RxISR_8BIT  stm32g0xx_hal_uart.o
    0x08002a54   0x08002a54   0x00000158   Code   RO         1100    .text.UART_RxISR_8BIT_FIFOEN  stm32g0xx_hal_uart.o
    0x08002bac   0x08002bac   0x00000188   Code   RO          980    .text.UART_SetConfig  stm32g0xx_hal_uart.o
    0x08002d34   0x08002d34   0x000000e0   Code   RO         1014    .text.UART_Start_Receive_IT  stm32g0xx_hal_uart.o
    0x08002e14   0x08002e14   0x00000040   Code   RO         1008    .text.UART_TxISR_16BIT  stm32g0xx_hal_uart.o
    0x08002e54   0x08002e54   0x0000005c   Code   RO         1004    .text.UART_TxISR_16BIT_FIFOEN  stm32g0xx_hal_uart.o
    0x08002eb0   0x08002eb0   0x0000003c   Code   RO         1010    .text.UART_TxISR_8BIT  stm32g0xx_hal_uart.o
    0x08002eec   0x08002eec   0x00000052   Code   RO         1006    .text.UART_TxISR_8BIT_FIFOEN  stm32g0xx_hal_uart.o
    0x08002f3e   0x08002f3e   0x00000002   PAD
    0x08002f40   0x08002f40   0x0000000c   Code   RO           76    .text.USART2_IRQHandler  stm32g0xx_it.o
    0x08002f4c   0x08002f4c   0x00000010   Code   RO           78    .text.USART3_4_IRQHandler  stm32g0xx_it.o
    0x08002f5c   0x08002f5c   0x00000040   Code   RO           47    .text.init          main.o
    0x08002f9c   0x08002f9c   0x00000574   Code   RO           17    .text.main          main.o
    0x08003510   0x08003510   0x00000028   Code   RO         1345    i.__0sprintf$6      mc_p.l(printf6.o)
    0x08003538   0x08003538   0x0000000e   Code   RO         1507    i.__scatterload_copy  mc_p.l(handlers.o)
    0x08003546   0x08003546   0x00000002   Code   RO         1508    i.__scatterload_null  mc_p.l(handlers.o)
    0x08003548   0x08003548   0x0000000e   Code   RO         1509    i.__scatterload_zeroinit  mc_p.l(handlers.o)
    0x08003556   0x08003556   0x00000002   PAD
    0x08003558   0x08003558   0x00000304   Code   RO         1350    i._printf_core      mc_p.l(printf6.o)
    0x0800385c   0x0800385c   0x00000020   Code   RO         1351    i._printf_post_padding  mc_p.l(printf6.o)
    0x0800387c   0x0800387c   0x0000002c   Code   RO         1352    i._printf_pre_padding  mc_p.l(printf6.o)
    0x080038a8   0x080038a8   0x0000000a   Code   RO         1354    i._sputc            mc_p.l(printf6.o)
    0x080038b2   0x080038b2   0x00000012   Data   RO           55    .rodata..Lswitch.table.convertNumber  main.o
    0x080038c4   0x080038c4   0x00000040   Data   RO         1164    .rodata.AHBPrescTable  system_stm32g0xx.o
    0x08003904   0x08003904   0x00000020   Data   RO         1165    .rodata.APBPrescTable  system_stm32g0xx.o
    0x08003924   0x08003924   0x00000018   Data   RO         1110    .rodata.UARTPrescTable  stm32g0xx_hal_uart.o
    0x0800393c   0x0800393c   0x00000010   Data   RO         1111    .rodata.cst16       stm32g0xx_hal_uart.o
    0x0800394c   0x0800394c   0x00000010   Data   RO         1150    .rodata.cst8        stm32g0xx_hal_uart_ex.o
    0x0800395c   0x0800395c   0x00000014   Data   RO           50    .rodata.str1.1      main.o
    0x08003970   0x08003970   0x00000020   Data   RO         1506    Region$$Table       anon$$obj.o


    Execution Region RW_IRAM1 (Exec base: 0x20000000, Load base: 0x08003990, Size: 0x00000638, Max: 0x00009000, ABSOLUTE)

    Exec Addr    Load Addr    Size         Type   Attr      Idx    E Section Name        Object

    0x20000000   0x08003990   0x00000040   Data   RW           56    .data..L_MergedGlobals  main.o
    0x20000040   0x080039d0   0x00000008   Data   RW          611    .data..L_MergedGlobals  stm32g0xx_hal.o
    0x20000048   0x080039d8   0x00000004   Data   RW         1163    .data.SystemCoreClock  system_stm32g0xx.o
    0x2000004c   0x080039dc   0x00000004   PAD
    0x20000050        -       0x00000074   Zero   RW           57    .bss..L_MergedGlobals.14  main.o
    0x200000c4        -       0x0000004c   Zero   RW           51    .bss.htim1          main.o
    0x20000110        -       0x00000090   Zero   RW           52    .bss.huart2         main.o
    0x200001a0        -       0x00000090   Zero   RW           49    .bss.huart3         main.o
    0x20000230        -       0x00000004   Zero   RW          610    .bss.uwTick         stm32g0xx_hal.o
    0x20000234   0x080039dc   0x00000004   PAD
    0x20000238        -       0x00000400   Zero   RW            1    STACK               startup_stm32g070xx.o


==============================================================================

Image component sizes


      Code (inc. data)   RO Data    RW Data    ZI Data      Debug   Object Name

      3502        120         38         64        480      22289   main.o
        28          8        184          0       1024        664   startup_stm32g070xx.o
       192         16          0          8          4       6663   stm32g0xx_hal.o
       140         24          0          0          0       6670   stm32g0xx_hal_cortex.o
       232          8          0          0          0       9419   stm32g0xx_hal_dma.o
       452         24          0          0          0       4877   stm32g0xx_hal_gpio.o
       372         32          0          0          0       9642   stm32g0xx_hal_msp.o
        16          0          0          0          0       3865   stm32g0xx_hal_pwr.o
       128         12          0          0          0       5005   stm32g0xx_hal_pwr_ex.o
      1744         88          0          0          0       9060   stm32g0xx_hal_rcc.o
       372         16          0          0          0       6357   stm32g0xx_hal_rcc_ex.o
      1188         16          0          0          0      15084   stm32g0xx_hal_rtc.o
        36          0          0          0          0      16993   stm32g0xx_hal_rtc_ex.o
       632         44          0          0          0      66025   stm32g0xx_hal_tim.o
        96          0          0          0          0      25417   stm32g0xx_hal_tim_ex.o
      3700        136         40          0          0      29074   stm32g0xx_hal_uart.o
       308          8         16          0          0      11103   stm32g0xx_hal_uart_ex.o
        44          4          0          0          0       1253   stm32g0xx_it.o
        16          4         96          4          0       2261   system_stm32g0xx.o

    ----------------------------------------------------------------------
     13216        560        406         76       1516     251721   Object Totals
         0          0         32          0          0          0   (incl. Generated)
        18          0          0          0          8          0   (incl. Padding)

    ----------------------------------------------------------------------

      Code (inc. data)   RO Data    RW Data    ZI Data      Debug   Library Member Name

         0          0          0          0          0          0   entry.o
         0          0          0          0          0          0   entry10a.o
         0          0          0          0          0          0   entry11a.o
         8          4          0          0          0          0   entry2.o
         4          0          0          0          0          0   entry5.o
         0          0          0          0          0          0   entry7b.o
         0          0          0          0          0          0   entry8b.o
         8          4          0          0          0          0   entry9a.o
        30          0          0          0          0          0   handlers.o
        36          8          0          0          0         68   init.o
        26          0          0          0          0         72   memcmp.o
       898          8          0          0          0        384   printf6.o
        14          0          0          0          0         60   strlen.o
        26          0          0          0          0         68   strncpy.o
        62          0          0          0          0         72   uidiv_div0.o

    ----------------------------------------------------------------------
      1114         24          0          0          0        724   Library Totals
         2          0          0          0          0          0   (incl. Padding)

    ----------------------------------------------------------------------

      Code (inc. data)   RO Data    RW Data    ZI Data      Debug   Library Name

      1112         24          0          0          0        724   mc_p.l

    ----------------------------------------------------------------------
      1114         24          0          0          0        724   Library Totals

    ----------------------------------------------------------------------

==============================================================================


      Code (inc. data)   RO Data    RW Data    ZI Data      Debug   

     14330        584        406         76       1516     251993   Grand Totals
     14330        584        406         76       1516     251993   ELF Image Totals
     14330        584        406         76          0          0   ROM Totals

==============================================================================

    Total RO  Size (Code + RO Data)                14736 (  14.39kB)
    Total RW  Size (RW Data + ZI Data)              1592 (   1.55kB)
    Total ROM Size (Code + RO Data + RW Data)      14812 (  14.46kB)

==============================================================================

