../Core/Src/main.c:116:6:intervalSwitching	16	static
../Core/Src/main.c:124:6:enableDisplay	32	static
../Core/Src/main.c:139:6:enableButton	48	static
../Core/Src/main.c:233:6:controlButtonState	24	static
../Core/Src/main.c:256:6:HAL_TIM_PeriodElapsedCallback	16	static
../Core/Src/main.c:269:5:main	120	static
../Core/Src/main.c:332:6:SystemClock_Config	88	static
../Core/Src/main.c:378:13:MX_TIM1_Init	40	static
../Core/Src/main.c:425:13:MX_TIM3_Init	40	static
../Core/Src/main.c:470:13:MX_TIM14_Init	8	static
../Core/Src/main.c:501:13:MX_TIM16_Init	8	static
../Core/Src/main.c:533:13:MX_USART2_UART_Init	8	static
../Core/Src/main.c:569:13:MX_GPIO_Init	48	static
../Core/Src/main.c:626:6:delay_us	16	static
../Core/Src/main.c:637:6:Error_Handler	8	static,ignoring_inline_asm
