../Core/Src/seven_segment.c:20:9:convertValue	24	static
../Core/Src/seven_segment.c:89:6:checkSegment	16	static
../Core/Src/seven_segment.c:106:6:writeSegment	32	static
../Core/Src/seven_segment.c:122:6:digitCOM1	16	static
../Core/Src/seven_segment.c:134:6:digitCOM2	16	static
../Core/Src/seven_segment.c:146:6:digitCOM3	16	static
../Core/Src/seven_segment.c:158:6:digitCOM4	16	static
../Core/Src/seven_segment.c:170:6:digitCOM5	16	static
../Core/Src/seven_segment.c:182:6:digitCOM6	16	static
../Core/Src/seven_segment.c:193:6:blankDisplay	8	static
../Core/Src/seven_segment.c:206:6:displayTimer	56	static
../Core/Src/seven_segment.c:298:6:displayText	24	static
../Core/Src/seven_segment.c:314:6:displayMode	16	static
../Core/Src/seven_segment.c:326:6:displayLoading	8	static
../Core/Src/seven_segment.c:419:6:displayIdle	8	static
../Core/Src/seven_segment.c:432:6:displayErrorCode	16	static
../Core/Src/seven_segment.c:443:6:displayWarningCode	24	static
../Core/Src/seven_segment.c:456:6:menuIndicator	16	static
../Core/Src/seven_segment.c:465:6:buttonIndicator	16	static
