Component: Arm Compiler for Embedded 6.18 Tool: armlink [5e4cc100]

==============================================================================

Section Cross References

    startup_stm32g070xx.o(RESET) refers to startup_stm32g070xx.o(STACK) for __initial_sp
    startup_stm32g070xx.o(RESET) refers to startup_stm32g070xx.o(.text) for Reset_Handler
    startup_stm32g070xx.o(RESET) refers to stm32g0xx_it.o(.text.NMI_Handler) for NMI_Handler
    startup_stm32g070xx.o(RESET) refers to stm32g0xx_it.o(.text.HardFault_Handler) for HardFault_Handler
    startup_stm32g070xx.o(RESET) refers to stm32g0xx_it.o(.text.SVC_Handler) for SVC_Handler
    startup_stm32g070xx.o(RESET) refers to stm32g0xx_it.o(.text.PendSV_Handler) for PendSV_Handler
    startup_stm32g070xx.o(RESET) refers to stm32g0xx_it.o(.text.SysTick_Handler) for SysTick_Handler
    startup_stm32g070xx.o(RESET) refers to stm32g0xx_it.o(.text.I2C1_IRQHandler) for I2C1_IRQHandler
    startup_stm32g070xx.o(.text) refers to system_stm32g0xx.o(.text.SystemInit) for SystemInit
    startup_stm32g070xx.o(.text) refers to entry.o(.ARM.Collect$$$$00000000) for __main
    main.o(.text.i2cCom) refers to stm32g0xx_hal_gpio.o(.text.HAL_GPIO_ReadPin) for HAL_GPIO_ReadPin
    main.o(.text.i2cCom) refers to stm32g0xx_hal.o(.text.HAL_Delay) for HAL_Delay
    main.o(.text.i2cCom) refers to stm32g0xx_hal_i2c.o(.text.HAL_I2C_Master_Transmit_IT) for HAL_I2C_Master_Transmit_IT
    main.o(.text.i2cCom) refers to stm32g0xx_hal_i2c.o(.text.HAL_I2C_GetState) for HAL_I2C_GetState
    main.o(.text.i2cCom) refers to stm32g0xx_hal_i2c.o(.text.HAL_I2C_GetError) for HAL_I2C_GetError
    main.o(.text.i2cCom) refers to stm32g0xx_hal_i2c.o(.text.HAL_I2C_Master_Receive_IT) for HAL_I2C_Master_Receive_IT
    main.o(.text.i2cCom) refers to stm32g0xx_hal_gpio.o(.text.HAL_GPIO_TogglePin) for HAL_GPIO_TogglePin
    main.o(.text.i2cCom) refers to main.o(.bss..L_MergedGlobals) for [Anonymous Symbol]
    main.o(.text.i2cCom) refers to main.o(.data.aTxBuffer) for aTxBuffer
    main.o(.ARM.exidx.text.i2cCom) refers to main.o(.text.i2cCom) for [Anonymous Symbol]
    main.o(.text.Error_Handler) refers to stm32g0xx_hal_gpio.o(.text.HAL_GPIO_TogglePin) for HAL_GPIO_TogglePin
    main.o(.text.Error_Handler) refers to stm32g0xx_hal.o(.text.HAL_Delay) for HAL_Delay
    main.o(.ARM.exidx.text.Error_Handler) refers to main.o(.text.Error_Handler) for [Anonymous Symbol]
    main.o(.text.main) refers to stm32g0xx_hal.o(.text.HAL_Init) for HAL_Init
    main.o(.text.main) refers to main.o(.text.SystemClock_Config) for SystemClock_Config
    main.o(.text.main) refers to stm32g0xx_hal_gpio.o(.text.HAL_GPIO_WritePin) for HAL_GPIO_WritePin
    main.o(.text.main) refers to stm32g0xx_hal_gpio.o(.text.HAL_GPIO_Init) for HAL_GPIO_Init
    main.o(.text.main) refers to stm32g0xx_hal_i2c.o(.text.HAL_I2C_Init) for HAL_I2C_Init
    main.o(.text.main) refers to stm32g0xx_hal_gpio.o(.text.HAL_GPIO_TogglePin) for HAL_GPIO_TogglePin
    main.o(.text.main) refers to stm32g0xx_hal.o(.text.HAL_Delay) for HAL_Delay
    main.o(.text.main) refers to stm32g0xx_hal_i2c_ex.o(.text.HAL_I2CEx_ConfigAnalogFilter) for HAL_I2CEx_ConfigAnalogFilter
    main.o(.text.main) refers to stm32g0xx_hal_i2c_ex.o(.text.HAL_I2CEx_ConfigDigitalFilter) for HAL_I2CEx_ConfigDigitalFilter
    main.o(.text.main) refers to stm32g0xx_hal_uart.o(.text.HAL_UART_Init) for HAL_UART_Init
    main.o(.text.main) refers to stm32g0xx_hal_uart_ex.o(.text.HAL_UARTEx_SetTxFifoThreshold) for HAL_UARTEx_SetTxFifoThreshold
    main.o(.text.main) refers to stm32g0xx_hal_uart_ex.o(.text.HAL_UARTEx_SetRxFifoThreshold) for HAL_UARTEx_SetRxFifoThreshold
    main.o(.text.main) refers to stm32g0xx_hal_uart_ex.o(.text.HAL_UARTEx_DisableFifoMode) for HAL_UARTEx_DisableFifoMode
    main.o(.text.main) refers to stm32g0xx_hal_tim.o(.text.HAL_TIM_Base_Init) for HAL_TIM_Base_Init
    main.o(.text.main) refers to stm32g0xx_hal_tim.o(.text.HAL_TIM_ConfigClockSource) for HAL_TIM_ConfigClockSource
    main.o(.text.main) refers to stm32g0xx_hal_tim_ex.o(.text.HAL_TIMEx_MasterConfigSynchronization) for HAL_TIMEx_MasterConfigSynchronization
    main.o(.text.main) refers to stm32g0xx_hal_tim.o(.text.HAL_TIM_Base_Start) for HAL_TIM_Base_Start
    main.o(.text.main) refers to main.o(.text.i2cCom) for i2cCom
    main.o(.text.main) refers to main.o(.bss..L_MergedGlobals) for [Anonymous Symbol]
    main.o(.text.main) refers to main.o(.bss.huart2) for huart2
    main.o(.text.main) refers to main.o(.bss.htim1) for htim1
    main.o(.ARM.exidx.text.main) refers to main.o(.text.main) for [Anonymous Symbol]
    main.o(.text.SystemClock_Config) refers to stm32g0xx_hal_pwr_ex.o(.text.HAL_PWREx_ControlVoltageScaling) for HAL_PWREx_ControlVoltageScaling
    main.o(.text.SystemClock_Config) refers to stm32g0xx_hal_rcc.o(.text.HAL_RCC_OscConfig) for HAL_RCC_OscConfig
[...]
    Removing stm32g0xx_hal_tim.o(.ARM.exidx.text.HAL_TIM_Encoder_DeInit), (8 bytes).
    Removing stm32g0xx_hal_tim.o(.text.HAL_TIM_Encoder_MspDeInit), (2 bytes).
    Removing stm32g0xx_hal_tim.o(.ARM.exidx.text.HAL_TIM_Encoder_MspDeInit), (8 bytes).
    Removing stm32g0xx_hal_tim.o(.text.HAL_TIM_Encoder_Start), (148 bytes).
    Removing stm32g0xx_hal_tim.o(.ARM.exidx.text.HAL_TIM_Encoder_Start), (8 bytes).
    Removing stm32g0xx_hal_tim.o(.text.HAL_TIM_Encoder_Stop), (148 bytes).
    Removing stm32g0xx_hal_tim.o(.ARM.exidx.text.HAL_TIM_Encoder_Stop), (8 bytes).
    Removing stm32g0xx_hal_tim.o(.text.HAL_TIM_Encoder_Start_IT), (182 bytes).
    Removing stm32g0xx_hal_tim.o(.ARM.exidx.text.HAL_TIM_Encoder_Start_IT), (8 bytes).
    Removing stm32g0xx_hal_tim.o(.text.HAL_TIM_Encoder_Stop_IT), (184 bytes).
    Removing stm32g0xx_hal_tim.o(.ARM.exidx.text.HAL_TIM_Encoder_Stop_IT), (8 bytes).
    Removing stm32g0xx_hal_tim.o(.text.HAL_TIM_Encoder_Start_DMA), (592 bytes).
    Removing stm32g0xx_hal_tim.o(.ARM.exidx.text.HAL_TIM_Encoder_Start_DMA), (8 bytes).
    Removing stm32g0xx_hal_tim.o(.text.HAL_TIM_Encoder_Stop_DMA), (216 bytes).
    Removing stm32g0xx_hal_tim.o(.ARM.exidx.text.HAL_TIM_Encoder_Stop_DMA), (8 bytes).
    Removing stm32g0xx_hal_tim.o(.text.HAL_TIM_IRQHandler), (356 bytes).
    Removing stm32g0xx_hal_tim.o(.ARM.exidx.text.HAL_TIM_IRQHandler), (8 bytes).
    Removing stm32g0xx_hal_tim.o(.text.HAL_TIM_IC_CaptureCallback), (2 bytes).
    Removing stm32g0xx_hal_tim.o(.ARM.exidx.text.HAL_TIM_IC_CaptureCallback), (8 bytes).
    Removing stm32g0xx_hal_tim.o(.text.HAL_TIM_OC_DelayElapsedCallback), (2 bytes).
    Removing stm32g0xx_hal_tim.o(.ARM.exidx.text.HAL_TIM_OC_DelayElapsedCallback), (8 bytes).
    Removing stm32g0xx_hal_tim.o(.text.HAL_TIM_PWM_PulseFinishedCallback), (2 bytes).
    Removing stm32g0xx_hal_tim.o(.ARM.exidx.text.HAL_TIM_PWM_PulseFinishedCallback), (8 bytes).
    Removing stm32g0xx_hal_tim.o(.text.HAL_TIM_PeriodElapsedCallback), (2 bytes).
    Removing stm32g0xx_hal_tim.o(.ARM.exidx.text.HAL_TIM_PeriodElapsedCallback), (8 bytes).
    Removing stm32g0xx_hal_tim.o(.text.HAL_TIM_TriggerCallback), (2 bytes).
    Removing stm32g0xx_hal_tim.o(.ARM.exidx.text.HAL_TIM_TriggerCallback), (8 bytes).
    Removing stm32g0xx_hal_tim.o(.text.HAL_TIM_OC_ConfigChannel), (740 bytes).
    Removing stm32g0xx_hal_tim.o(.ARM.exidx.text.HAL_TIM_OC_ConfigChannel), (8 bytes).
    Removing stm32g0xx_hal_tim.o(.text.TIM_OC2_SetConfig), (124 bytes).
    Removing stm32g0xx_hal_tim.o(.ARM.exidx.text.TIM_OC2_SetConfig), (8 bytes).
    Removing stm32g0xx_hal_tim.o(.text.HAL_TIM_IC_ConfigChannel), (368 bytes).
    Removing stm32g0xx_hal_tim.o(.ARM.exidx.text.HAL_TIM_IC_ConfigChannel), (8 bytes).
    Removing stm32g0xx_hal_tim.o(.text.TIM_TI1_SetConfig), (80 bytes).
    Removing stm32g0xx_hal_tim.o(.ARM.exidx.text.TIM_TI1_SetConfig), (8 bytes).
    Removing stm32g0xx_hal_tim.o(.text.HAL_TIM_PWM_ConfigChannel), (904 bytes).
    Removing stm32g0xx_hal_tim.o(.ARM.exidx.text.HAL_TIM_PWM_ConfigChannel), (8 bytes).
    Removing stm32g0xx_hal_tim.o(.text.HAL_TIM_OnePulse_ConfigChannel), (560 bytes).
    Removing stm32g0xx_hal_tim.o(.ARM.exidx.text.HAL_TIM_OnePulse_ConfigChannel), (8 bytes).
    Removing stm32g0xx_hal_tim.o(.text.HAL_TIM_DMABurst_WriteStart), (22 bytes).
    Removing stm32g0xx_hal_tim.o(.ARM.exidx.text.HAL_TIM_DMABurst_WriteStart), (8 bytes).
    Removing stm32g0xx_hal_tim.o(.text.HAL_TIM_DMABurst_MultiWriteStart), (356 bytes).
    Removing stm32g0xx_hal_tim.o(.ARM.exidx.text.HAL_TIM_DMABurst_MultiWriteStart), (8 bytes).
    Removing stm32g0xx_hal_tim.o(.text.TIM_DMATriggerCplt), (30 bytes).
    Removing stm32g0xx_hal_tim.o(.ARM.exidx.text.TIM_DMATriggerCplt), (8 bytes).
    Removing stm32g0xx_hal_tim.o(.text.TIM_DMATriggerHalfCplt), (10 bytes).
    Removing stm32g0xx_hal_tim.o(.ARM.exidx.text.TIM_DMATriggerHalfCplt), (8 bytes).
    Removing stm32g0xx_hal_tim.o(.text.HAL_TIM_DMABurst_WriteStop), (140 bytes).
    Removing stm32g0xx_hal_tim.o(.ARM.exidx.text.HAL_TIM_DMABurst_WriteStop), (8 bytes).
    Removing stm32g0xx_hal_tim.o(.text.HAL_TIM_DMABurst_ReadStart), (22 bytes).
    Removing stm32g0xx_hal_tim.o(.ARM.exidx.text.HAL_TIM_DMABurst_ReadStart), (8 bytes).
    Removing stm32g0xx_hal_tim.o(.text.HAL_TIM_DMABurst_MultiReadStart), (356 bytes).
    Removing stm32g0xx_hal_tim.o(.ARM.exidx.text.HAL_TIM_DMABurst_MultiReadStart), (8 bytes).
    Removing stm32g0xx_hal_tim.o(.text.HAL_TIM_DMABurst_ReadStop), (140 bytes).
    Removing stm32g0xx_hal_tim.o(.ARM.exidx.text.HAL_TIM_DMABurst_ReadStop), (8 bytes).
    Removing stm32g0xx_hal_tim.o(.text.HAL_TIM_GenerateEvent), (34 bytes).
    Removing stm32g0xx_hal_tim.o(.ARM.exidx.text.HAL_TIM_GenerateEvent), (8 bytes).
    Removing stm32g0xx_hal_tim.o(.text.HAL_TIM_ConfigOCrefClear), (316 bytes).
    Removing stm32g0xx_hal_tim.o(.ARM.exidx.text.HAL_TIM_ConfigOCrefClear), (8 bytes).
    Removing stm32g0xx_hal_tim.o(.text.TIM_ETR_SetConfig), (22 bytes).
    Removing stm32g0xx_hal_tim.o(.ARM.exidx.text.TIM_ETR_SetConfig), (8 bytes).
    Removing stm32g0xx_hal_tim.o(.ARM.exidx.text.HAL_TIM_ConfigClockSource), (8 bytes).
    Removing stm32g0xx_hal_tim.o(.text.HAL_TIM_ConfigTI1Input), (16 bytes).
    Removing stm32g0xx_hal_tim.o(.ARM.exidx.text.HAL_TIM_ConfigTI1Input), (8 bytes).
    Removing stm32g0xx_hal_tim.o(.text.HAL_TIM_SlaveConfigSynchro), (78 bytes).
    Removing stm32g0xx_hal_tim.o(.ARM.exidx.text.HAL_TIM_SlaveConfigSynchro), (8 bytes).
    Removing stm32g0xx_hal_tim.o(.text.TIM_SlaveTimer_SetConfig), (204 bytes).
    Removing stm32g0xx_hal_tim.o(.ARM.exidx.text.TIM_SlaveTimer_SetConfig), (8 bytes).
    Removing stm32g0xx_hal_tim.o(.text.HAL_TIM_SlaveConfigSynchro_IT), (78 bytes).
    Removing stm32g0xx_hal_tim.o(.ARM.exidx.text.HAL_TIM_SlaveConfigSynchro_IT), (8 bytes).
    Removing stm32g0xx_hal_tim.o(.text.HAL_TIM_ReadCapturedValue), (56 bytes).
    Removing stm32g0xx_hal_tim.o(.ARM.exidx.text.HAL_TIM_ReadCapturedValue), (8 bytes).
    Removing stm32g0xx_hal_tim.o(.text.HAL_TIM_PeriodElapsedHalfCpltCallback), (2 bytes).
    Removing stm32g0xx_hal_tim.o(.ARM.exidx.text.HAL_TIM_PeriodElapsedHalfCpltCallback), (8 bytes).
    Removing stm32g0xx_hal_tim.o(.text.HAL_TIM_IC_CaptureHalfCpltCallback), (2 bytes).
    Removing stm32g0xx_hal_tim.o(.ARM.exidx.text.HAL_TIM_IC_CaptureHalfCpltCallback), (8 bytes).
    Removing stm32g0xx_hal_tim.o(.text.HAL_TIM_PWM_PulseFinishedHalfCpltCallback), (2 bytes).
    Removing stm32g0xx_hal_tim.o(.ARM.exidx.text.HAL_TIM_PWM_PulseFinishedHalfCpltCallback), (8 bytes).
    Removing stm32g0xx_hal_tim.o(.text.HAL_TIM_TriggerHalfCpltCallback), (2 bytes).
    Removing stm32g0xx_hal_tim.o(.ARM.exidx.text.HAL_TIM_TriggerHalfCpltCallback), (8 bytes).
    Removing stm32g0xx_hal_tim.o(.text.HAL_TIM_ErrorCallback), (2 bytes).
    Removing stm32g0xx_hal_tim.o(.ARM.exidx.text.HAL_TIM_ErrorCallback), (8 bytes).
    Removing stm32g0xx_hal_tim.o(.text.HAL_TIM_Base_GetState), (6 bytes).
    Removing stm32g0xx_hal_tim.o(.ARM.exidx.text.HAL_TIM_Base_GetState), (8 bytes).
    Removing stm32g0xx_hal_tim.o(.text.HAL_TIM_OC_GetState), (6 bytes).
    Removing stm32g0xx_hal_tim.o(.ARM.exidx.text.HAL_TIM_OC_GetState), (8 bytes).
    Removing stm32g0xx_hal_tim.o(.text.HAL_TIM_PWM_GetState), (6 bytes).
    Removing stm32g0xx_hal_tim.o(.ARM.exidx.text.HAL_TIM_PWM_GetState), (8 bytes).
    Removing stm32g0xx_hal_tim.o(.text.HAL_TIM_IC_GetState), (6 bytes).
    Removing stm32g0xx_hal_tim.o(.ARM.exidx.text.HAL_TIM_IC_GetState), (8 bytes).
    Removing stm32g0xx_hal_tim.o(.text.HAL_TIM_OnePulse_GetState), (6 bytes).
    Removing stm32g0xx_hal_tim.o(.ARM.exidx.text.HAL_TIM_OnePulse_GetState), (8 bytes).
    Removing stm32g0xx_hal_tim.o(.text.HAL_TIM_Encoder_GetState), (6 bytes).
    Removing stm32g0xx_hal_tim.o(.ARM.exidx.text.HAL_TIM_Encoder_GetState), (8 bytes).
    Removing stm32g0xx_hal_tim.o(.text.HAL_TIM_GetActiveChannel), (4 bytes).
    Removing stm32g0xx_hal_tim.o(.ARM.exidx.text.HAL_TIM_GetActiveChannel), (8 bytes).
    Removing stm32g0xx_hal_tim.o(.text.HAL_TIM_GetChannelState), (56 bytes).
    Removing stm32g0xx_hal_tim.o(.ARM.exidx.text.HAL_TIM_GetChannelState), (8 bytes).
    Removing stm32g0xx_hal_tim.o(.text.HAL_TIM_DMABurstState), (6 bytes).
    Removing stm32g0xx_hal_tim.o(.ARM.exidx.text.HAL_TIM_DMABurstState), (8 bytes).
    Removing stm32g0xx_hal_tim_ex.o(.text), (0 bytes).
    Removing stm32g0xx_hal_tim_ex.o(.text.HAL_TIMEx_HallSensor_Init), (196 bytes).
    Removing stm32g0xx_hal_tim_ex.o(.ARM.exidx.text.HAL_TIMEx_HallSensor_Init), (8 bytes).
    Removing stm32g0xx_hal_tim_ex.o(.text.HAL_TIMEx_HallSensor_MspInit), (2 bytes).
    Removing stm32g0xx_hal_tim_ex.o(.ARM.exidx.text.HAL_TIMEx_HallSensor_MspInit), (8 bytes).
    Removing stm32g0xx_hal_tim_ex.o(.text.HAL_TIMEx_HallSensor_DeInit), (68 bytes).
    Removing stm32g0xx_hal_tim_ex.o(.ARM.exidx.text.HAL_TIMEx_HallSensor_DeInit), (8 bytes).
    Removing stm32g0xx_hal_tim_ex.o(.text.HAL_TIMEx_HallSensor_MspDeInit), (2 bytes).
    Removing stm32g0xx_hal_tim_ex.o(.ARM.exidx.text.HAL_TIMEx_HallSensor_MspDeInit), (8 bytes).
    Removing stm32g0xx_hal_tim_ex.o(.text.HAL_TIMEx_HallSensor_Start), (128 bytes).
    Removing stm32g0xx_hal_tim_ex.o(.ARM.exidx.text.HAL_TIMEx_HallSensor_Start), (8 bytes).
    Removing stm32g0xx_hal_tim_ex.o(.text.HAL_TIMEx_HallSensor_Stop), (64 bytes).
    Removing stm32g0xx_hal_tim_ex.o(.ARM.exidx.text.HAL_TIMEx_HallSensor_Stop), (8 bytes).
    Removing stm32g0xx_hal_tim_ex.o(.text.HAL_TIMEx_HallSensor_Start_IT), (136 bytes).
    Removing stm32g0xx_hal_tim_ex.o(.ARM.exidx.text.HAL_TIMEx_HallSensor_Start_IT), (8 bytes).
    Removing stm32g0xx_hal_tim_ex.o(.text.HAL_TIMEx_HallSensor_Stop_IT), (72 bytes).
    Removing stm32g0xx_hal_tim_ex.o(.ARM.exidx.text.HAL_TIMEx_HallSensor_Stop_IT), (8 bytes).
    Removing stm32g0xx_hal_tim_ex.o(.text.HAL_TIMEx_HallSensor_Start_DMA), (200 bytes).
    Removing stm32g0xx_hal_tim_ex.o(.ARM.exidx.text.HAL_TIMEx_HallSensor_Start_DMA), (8 bytes).
    Removing stm32g0xx_hal_tim_ex.o(.text.HAL_TIMEx_HallSensor_Stop_DMA), (84 bytes).
    Removing stm32g0xx_hal_tim_ex.o(.ARM.exidx.text.HAL_TIMEx_HallSensor_Stop_DMA), (8 bytes).
    Removing stm32g0xx_hal_tim_ex.o(.text.HAL_TIMEx_OCN_Start), (176 bytes).
    Removing stm32g0xx_hal_tim_ex.o(.ARM.exidx.text.HAL_TIMEx_OCN_Start), (8 bytes).
    Removing stm32g0xx_hal_tim_ex.o(.text.HAL_TIMEx_OCN_Stop), (132 bytes).
    Removing stm32g0xx_hal_tim_ex.o(.ARM.exidx.text.HAL_TIMEx_OCN_Stop), (8 bytes).
    Removing stm32g0xx_hal_tim_ex.o(.text.HAL_TIMEx_OCN_Start_IT), (208 bytes).
    Removing stm32g0xx_hal_tim_ex.o(.ARM.exidx.text.HAL_TIMEx_OCN_Start_IT), (8 bytes).
    Removing stm32g0xx_hal_tim_ex.o(.text.HAL_TIMEx_OCN_Stop_IT), (196 bytes).
    Removing stm32g0xx_hal_tim_ex.o(.ARM.exidx.text.HAL_TIMEx_OCN_Stop_IT), (8 bytes).
    Removing stm32g0xx_hal_tim_ex.o(.text.HAL_TIMEx_OCN_Start_DMA), (392 bytes).
    Removing stm32g0xx_hal_tim_ex.o(.ARM.exidx.text.HAL_TIMEx_OCN_Start_DMA), (8 bytes).
    Removing stm32g0xx_hal_tim_ex.o(.text.TIM_DMADelayPulseNCplt), (104 bytes).
    Removing stm32g0xx_hal_tim_ex.o(.ARM.exidx.text.TIM_DMADelayPulseNCplt), (8 bytes).
    Removing stm32g0xx_hal_tim_ex.o(.text.TIM_DMAErrorCCxN), (64 bytes).
    Removing stm32g0xx_hal_tim_ex.o(.ARM.exidx.text.TIM_DMAErrorCCxN), (8 bytes).
    Removing stm32g0xx_hal_tim_ex.o(.text.HAL_TIMEx_OCN_Stop_DMA), (200 bytes).
    Removing stm32g0xx_hal_tim_ex.o(.ARM.exidx.text.HAL_TIMEx_OCN_Stop_DMA), (8 bytes).
    Removing stm32g0xx_hal_tim_ex.o(.text.HAL_TIMEx_PWMN_Start), (176 bytes).
    Removing stm32g0xx_hal_tim_ex.o(.ARM.exidx.text.HAL_TIMEx_PWMN_Start), (8 bytes).
    Removing stm32g0xx_hal_tim_ex.o(.text.HAL_TIMEx_PWMN_Stop), (132 bytes).
    Removing stm32g0xx_hal_tim_ex.o(.ARM.exidx.text.HAL_TIMEx_PWMN_Stop), (8 bytes).
    Removing stm32g0xx_hal_tim_ex.o(.text.HAL_TIMEx_PWMN_Start_IT), (208 bytes).
    Removing stm32g0xx_hal_tim_ex.o(.ARM.exidx.text.HAL_TIMEx_PWMN_Start_IT), (8 bytes).
    Removing stm32g0xx_hal_tim_ex.o(.text.HAL_TIMEx_PWMN_Stop_IT), (196 bytes).
    Removing stm32g0xx_hal_tim_ex.o(.ARM.exidx.text.HAL_TIMEx_PWMN_Stop_IT), (8 bytes).
    Removing stm32g0xx_hal_tim_ex.o(.text.HAL_TIMEx_PWMN_Start_DMA), (392 bytes).
    Removing stm32g0xx_hal_tim_ex.o(.ARM.exidx.text.HAL_TIMEx_PWMN_Start_DMA), (8 bytes).
    Removing stm32g0xx_hal_tim_ex.o(.text.HAL_TIMEx_PWMN_Stop_DMA), (200 bytes).
    Removing stm32g0xx_hal_tim_ex.o(.ARM.exidx.text.HAL_TIMEx_PWMN_Stop_DMA), (8 bytes).
    Removing stm32g0xx_hal_tim_ex.o(.text.HAL_TIMEx_OnePulseN_Start), (178 bytes).
    Removing stm32g0xx_hal_tim_ex.o(.ARM.exidx.text.HAL_TIMEx_OnePulseN_Start), (8 bytes).
    Removing stm32g0xx_hal_tim_ex.o(.text.HAL_TIMEx_OnePulseN_Stop), (160 bytes).
    Removing stm32g0xx_hal_tim_ex.o(.ARM.exidx.text.HAL_TIMEx_OnePulseN_Stop), (8 bytes).
    Removing stm32g0xx_hal_tim_ex.o(.text.HAL_TIMEx_OnePulseN_Start_IT), (192 bytes).
    Removing stm32g0xx_hal_tim_ex.o(.ARM.exidx.text.HAL_TIMEx_OnePulseN_Start_IT), (8 bytes).
    Removing stm32g0xx_hal_tim_ex.o(.text.HAL_TIMEx_OnePulseN_Stop_IT), (172 bytes).
    Removing stm32g0xx_hal_tim_ex.o(.ARM.exidx.text.HAL_TIMEx_OnePulseN_Stop_IT), (8 bytes).
    Removing stm32g0xx_hal_tim_ex.o(.text.HAL_TIMEx_ConfigCommutEvent), (92 bytes).
    Removing stm32g0xx_hal_tim_ex.o(.ARM.exidx.text.HAL_TIMEx_ConfigCommutEvent), (8 bytes).
    Removing stm32g0xx_hal_tim_ex.o(.text.HAL_TIMEx_ConfigCommutEvent_IT), (92 bytes).
    Removing stm32g0xx_hal_tim_ex.o(.ARM.exidx.text.HAL_TIMEx_ConfigCommutEvent_IT), (8 bytes).
    Removing stm32g0xx_hal_tim_ex.o(.text.HAL_TIMEx_ConfigCommutEvent_DMA), (124 bytes).
    Removing stm32g0xx_hal_tim_ex.o(.ARM.exidx.text.HAL_TIMEx_ConfigCommutEvent_DMA), (8 bytes).
    Removing stm32g0xx_hal_tim_ex.o(.text.TIMEx_DMACommutationCplt), (16 bytes).
    Removing stm32g0xx_hal_tim_ex.o(.ARM.exidx.text.TIMEx_DMACommutationCplt), (8 bytes).
    Removing stm32g0xx_hal_tim_ex.o(.text.TIMEx_DMACommutationHalfCplt), (16 bytes).
    Removing stm32g0xx_hal_tim_ex.o(.ARM.exidx.text.TIMEx_DMACommutationHalfCplt), (8 bytes).
    Removing stm32g0xx_hal_tim_ex.o(.ARM.exidx.text.HAL_TIMEx_MasterConfigSynchronization), (8 bytes).
    Removing stm32g0xx_hal_tim_ex.o(.text.HAL_TIMEx_ConfigBreakDeadTime), (180 bytes).
    Removing stm32g0xx_hal_tim_ex.o(.ARM.exidx.text.HAL_TIMEx_ConfigBreakDeadTime), (8 bytes).
    Removing stm32g0xx_hal_tim_ex.o(.text.HAL_TIMEx_ConfigBreakInput), (84 bytes).
    Removing stm32g0xx_hal_tim_ex.o(.ARM.exidx.text.HAL_TIMEx_ConfigBreakInput), (8 bytes).
    Removing stm32g0xx_hal_tim_ex.o(.text.HAL_TIMEx_RemapConfig), (40 bytes).
    Removing stm32g0xx_hal_tim_ex.o(.ARM.exidx.text.HAL_TIMEx_RemapConfig), (8 bytes).
    Removing stm32g0xx_hal_tim_ex.o(.text.HAL_TIMEx_TISelection), (76 bytes).
    Removing stm32g0xx_hal_tim_ex.o(.ARM.exidx.text.HAL_TIMEx_TISelection), (8 bytes).
    Removing stm32g0xx_hal_tim_ex.o(.text.HAL_TIMEx_GroupChannel5), (50 bytes).
    Removing stm32g0xx_hal_tim_ex.o(.ARM.exidx.text.HAL_TIMEx_GroupChannel5), (8 bytes).
    Removing stm32g0xx_hal_tim_ex.o(.text.HAL_TIMEx_DisarmBreakInput), (68 bytes).
    Removing stm32g0xx_hal_tim_ex.o(.ARM.exidx.text.HAL_TIMEx_DisarmBreakInput), (8 bytes).
    Removing stm32g0xx_hal_tim_ex.o(.text.HAL_TIMEx_ReArmBreakInput), (88 bytes).
    Removing stm32g0xx_hal_tim_ex.o(.ARM.exidx.text.HAL_TIMEx_ReArmBreakInput), (8 bytes).
    Removing stm32g0xx_hal_tim_ex.o(.text.HAL_TIMEx_CommutCallback), (2 bytes).
    Removing stm32g0xx_hal_tim_ex.o(.ARM.exidx.text.HAL_TIMEx_CommutCallback), (8 bytes).
    Removing stm32g0xx_hal_tim_ex.o(.text.HAL_TIMEx_CommutHalfCpltCallback), (2 bytes).
    Removing stm32g0xx_hal_tim_ex.o(.ARM.exidx.text.HAL_TIMEx_CommutHalfCpltCallback), (8 bytes).
    Removing stm32g0xx_hal_tim_ex.o(.text.HAL_TIMEx_BreakCallback), (2 bytes).
    Removing stm32g0xx_hal_tim_ex.o(.ARM.exidx.text.HAL_TIMEx_BreakCallback), (8 bytes).
    Removing stm32g0xx_hal_tim_ex.o(.text.HAL_TIMEx_Break2Callback), (2 bytes).
    Removing stm32g0xx_hal_tim_ex.o(.ARM.exidx.text.HAL_TIMEx_Break2Callback), (8 bytes).
    Removing stm32g0xx_hal_tim_ex.o(.text.HAL_TIMEx_HallSensor_GetState), (6 bytes).
    Removing stm32g0xx_hal_tim_ex.o(.ARM.exidx.text.HAL_TIMEx_HallSensor_GetState), (8 bytes).
    Removing stm32g0xx_hal_tim_ex.o(.text.HAL_TIMEx_GetChannelNState), (32 bytes).
    Removing stm32g0xx_hal_tim_ex.o(.ARM.exidx.text.HAL_TIMEx_GetChannelNState), (8 bytes).
    Removing stm32g0xx_hal_uart.o(.text), (0 bytes).
    Removing stm32g0xx_hal_uart.o(.ARM.exidx.text.HAL_UART_Init), (8 bytes).
    Removing stm32g0xx_hal_uart.o(.text.HAL_UART_MspInit), (2 bytes).
    Removing stm32g0xx_hal_uart.o(.ARM.exidx.text.HAL_UART_MspInit), (8 bytes).
    Removing stm32g0xx_hal_uart.o(.ARM.exidx.text.UART_SetConfig), (8 bytes).
    Removing stm32g0xx_hal_uart.o(.ARM.exidx.text.UART_AdvFeatureConfig), (8 bytes).
    Removing stm32g0xx_hal_uart.o(.ARM.exidx.text.UART_CheckIdleState), (8 bytes).
    Removing stm32g0xx_hal_uart.o(.text.HAL_HalfDuplex_Init), (116 bytes).
    Removing stm32g0xx_hal_uart.o(.ARM.exidx.text.HAL_HalfDuplex_Init), (8 bytes).
    Removing stm32g0xx_hal_uart.o(.text.HAL_LIN_Init), (146 bytes).
    Removing stm32g0xx_hal_uart.o(.ARM.exidx.text.HAL_LIN_Init), (8 bytes).
    Removing stm32g0xx_hal_uart.o(.text.HAL_MultiProcessor_Init), (148 bytes).
    Removing stm32g0xx_hal_uart.o(.ARM.exidx.text.HAL_MultiProcessor_Init), (8 bytes).
    Removing stm32g0xx_hal_uart.o(.text.HAL_UART_DeInit), (58 bytes).
    Removing stm32g0xx_hal_uart.o(.ARM.exidx.text.HAL_UART_DeInit), (8 bytes).
    Removing stm32g0xx_hal_uart.o(.text.HAL_UART_MspDeInit), (2 bytes).
    Removing stm32g0xx_hal_uart.o(.ARM.exidx.text.HAL_UART_MspDeInit), (8 bytes).
    Removing stm32g0xx_hal_uart.o(.text.HAL_UART_Transmit), (264 bytes).
    Removing stm32g0xx_hal_uart.o(.ARM.exidx.text.HAL_UART_Transmit), (8 bytes).
    Removing stm32g0xx_hal_uart.o(.text.UART_WaitOnFlagUntilTimeout), (256 bytes).
    Removing stm32g0xx_hal_uart.o(.ARM.exidx.text.UART_WaitOnFlagUntilTimeout), (8 bytes).
    Removing stm32g0xx_hal_uart.o(.text.HAL_UART_Receive), (324 bytes).
    Removing stm32g0xx_hal_uart.o(.ARM.exidx.text.HAL_UART_Receive), (8 bytes).
    Removing stm32g0xx_hal_uart.o(.text.HAL_UART_Transmit_IT), (184 bytes).
    Removing stm32g0xx_hal_uart.o(.ARM.exidx.text.HAL_UART_Transmit_IT), (8 bytes).
    Removing stm32g0xx_hal_uart.o(.text.UART_TxISR_16BIT_FIFOEN), (92 bytes).
    Removing stm32g0xx_hal_uart.o(.ARM.exidx.text.UART_TxISR_16BIT_FIFOEN), (8 bytes).
    Removing stm32g0xx_hal_uart.o(.text.UART_TxISR_8BIT_FIFOEN), (82 bytes).
    Removing stm32g0xx_hal_uart.o(.ARM.exidx.text.UART_TxISR_8BIT_FIFOEN), (8 bytes).
    Removing stm32g0xx_hal_uart.o(.text.UART_TxISR_16BIT), (68 bytes).
    Removing stm32g0xx_hal_uart.o(.ARM.exidx.text.UART_TxISR_16BIT), (8 bytes).
    Removing stm32g0xx_hal_uart.o(.text.UART_TxISR_8BIT), (60 bytes).
    Removing stm32g0xx_hal_uart.o(.ARM.exidx.text.UART_TxISR_8BIT), (8 bytes).
    Removing stm32g0xx_hal_uart.o(.text.HAL_UART_Receive_IT), (76 bytes).
    Removing stm32g0xx_hal_uart.o(.ARM.exidx.text.HAL_UART_Receive_IT), (8 bytes).
    Removing stm32g0xx_hal_uart.o(.text.UART_Start_Receive_IT), (228 bytes).
    Removing stm32g0xx_hal_uart.o(.ARM.exidx.text.UART_Start_Receive_IT), (8 bytes).
    Removing stm32g0xx_hal_uart.o(.text.HAL_UART_Transmit_DMA), (180 bytes).
    Removing stm32g0xx_hal_uart.o(.ARM.exidx.text.HAL_UART_Transmit_DMA), (8 bytes).
    Removing stm32g0xx_hal_uart.o(.text.UART_DMATransmitCplt), (46 bytes).
    Removing stm32g0xx_hal_uart.o(.ARM.exidx.text.UART_DMATransmitCplt), (8 bytes).
    Removing stm32g0xx_hal_uart.o(.text.UART_DMATxHalfCplt), (10 bytes).
    Removing stm32g0xx_hal_uart.o(.ARM.exidx.text.UART_DMATxHalfCplt), (8 bytes).
    Removing stm32g0xx_hal_uart.o(.text.UART_DMAError), (128 bytes).
    Removing stm32g0xx_hal_uart.o(.ARM.exidx.text.UART_DMAError), (8 bytes).
    Removing stm32g0xx_hal_uart.o(.text.HAL_UART_Receive_DMA), (196 bytes).
    Removing stm32g0xx_hal_uart.o(.ARM.exidx.text.HAL_UART_Receive_DMA), (8 bytes).
    Removing stm32g0xx_hal_uart.o(.text.UART_Start_Receive_DMA), (128 bytes).
    Removing stm32g0xx_hal_uart.o(.ARM.exidx.text.UART_Start_Receive_DMA), (8 bytes).
    Removing stm32g0xx_hal_uart.o(.text.HAL_UART_DMAPause), (80 bytes).
    Removing stm32g0xx_hal_uart.o(.ARM.exidx.text.HAL_UART_DMAPause), (8 bytes).
    Removing stm32g0xx_hal_uart.o(.text.HAL_UART_DMAResume), (86 bytes).
    Removing stm32g0xx_hal_uart.o(.ARM.exidx.text.HAL_UART_DMAResume), (8 bytes).
    Removing stm32g0xx_hal_uart.o(.text.HAL_UART_DMAStop), (192 bytes).
    Removing stm32g0xx_hal_uart.o(.ARM.exidx.text.HAL_UART_DMAStop), (8 bytes).
    Removing stm32g0xx_hal_uart.o(.text.HAL_UART_Abort), (204 bytes).
    Removing stm32g0xx_hal_uart.o(.ARM.exidx.text.HAL_UART_Abort), (8 bytes).
    Removing stm32g0xx_hal_uart.o(.text.HAL_UART_AbortTransmit), (110 bytes).
    Removing stm32g0xx_hal_uart.o(.ARM.exidx.text.HAL_UART_AbortTransmit), (8 bytes).
    Removing stm32g0xx_hal_uart.o(.text.HAL_UART_AbortReceive), (128 bytes).
    Removing stm32g0xx_hal_uart.o(.ARM.exidx.text.HAL_UART_AbortReceive), (8 bytes).
    Removing stm32g0xx_hal_uart.o(.text.HAL_UART_Abort_IT), (240 bytes).
    Removing stm32g0xx_hal_uart.o(.ARM.exidx.text.HAL_UART_Abort_IT), (8 bytes).
    Removing stm32g0xx_hal_uart.o(.text.UART_DMATxAbortCallback), (76 bytes).
    Removing stm32g0xx_hal_uart.o(.ARM.exidx.text.UART_DMATxAbortCallback), (8 bytes).
    Removing stm32g0xx_hal_uart.o(.text.UART_DMARxAbortCallback), (66 bytes).
    Removing stm32g0xx_hal_uart.o(.ARM.exidx.text.UART_DMARxAbortCallback), (8 bytes).
    Removing stm32g0xx_hal_uart.o(.text.HAL_UART_AbortCpltCallback), (2 bytes).
    Removing stm32g0xx_hal_uart.o(.ARM.exidx.text.HAL_UART_AbortCpltCallback), (8 bytes).
    Removing stm32g0xx_hal_uart.o(.text.HAL_UART_AbortTransmit_IT), (136 bytes).
    Removing stm32g0xx_hal_uart.o(.ARM.exidx.text.HAL_UART_AbortTransmit_IT), (8 bytes).
    Removing stm32g0xx_hal_uart.o(.text.UART_DMATxOnlyAbortCallback), (44 bytes).
    Removing stm32g0xx_hal_uart.o(.ARM.exidx.text.UART_DMATxOnlyAbortCallback), (8 bytes).
    Removing stm32g0xx_hal_uart.o(.text.HAL_UART_AbortTransmitCpltCallback), (2 bytes).
    Removing stm32g0xx_hal_uart.o(.ARM.exidx.text.HAL_UART_AbortTransmitCpltCallback), (8 bytes).
    Removing stm32g0xx_hal_uart.o(.text.HAL_UART_AbortReceive_IT), (156 bytes).
    Removing stm32g0xx_hal_uart.o(.ARM.exidx.text.HAL_UART_AbortReceive_IT), (8 bytes).
    Removing stm32g0xx_hal_uart.o(.text.UART_DMARxOnlyAbortCallback), (38 bytes).
    Removing stm32g0xx_hal_uart.o(.ARM.exidx.text.UART_DMARxOnlyAbortCallback), (8 bytes).
    Removing stm32g0xx_hal_uart.o(.text.HAL_UART_AbortReceiveCpltCallback), (2 bytes).
    Removing stm32g0xx_hal_uart.o(.ARM.exidx.text.HAL_UART_AbortReceiveCpltCallback), (8 bytes).
    Removing stm32g0xx_hal_uart.o(.text.HAL_UART_IRQHandler), (952 bytes).
    Removing stm32g0xx_hal_uart.o(.ARM.exidx.text.HAL_UART_IRQHandler), (8 bytes).
    Removing stm32g0xx_hal_uart.o(.text.UART_DMAAbortOnError), (22 bytes).
    Removing stm32g0xx_hal_uart.o(.ARM.exidx.text.UART_DMAAbortOnError), (8 bytes).
    Removing stm32g0xx_hal_uart.o(.text.HAL_UART_ErrorCallback), (2 bytes).
    Removing stm32g0xx_hal_uart.o(.ARM.exidx.text.HAL_UART_ErrorCallback), (8 bytes).
    Removing stm32g0xx_hal_uart.o(.text.HAL_UARTEx_RxEventCallback), (2 bytes).
    Removing stm32g0xx_hal_uart.o(.ARM.exidx.text.HAL_UARTEx_RxEventCallback), (8 bytes).
    Removing stm32g0xx_hal_uart.o(.text.HAL_UART_TxCpltCallback), (2 bytes).
    Removing stm32g0xx_hal_uart.o(.ARM.exidx.text.HAL_UART_TxCpltCallback), (8 bytes).
    Removing stm32g0xx_hal_uart.o(.text.HAL_UART_TxHalfCpltCallback), (2 bytes).
    Removing stm32g0xx_hal_uart.o(.ARM.exidx.text.HAL_UART_TxHalfCpltCallback), (8 bytes).
    Removing stm32g0xx_hal_uart.o(.text.HAL_UART_RxCpltCallback), (2 bytes).
    Removing stm32g0xx_hal_uart.o(.ARM.exidx.text.HAL_UART_RxCpltCallback), (8 bytes).
    Removing stm32g0xx_hal_uart.o(.text.HAL_UART_RxHalfCpltCallback), (2 bytes).
    Removing stm32g0xx_hal_uart.o(.ARM.exidx.text.HAL_UART_RxHalfCpltCallback), (8 bytes).
    Removing stm32g0xx_hal_uart.o(.text.HAL_UART_ReceiverTimeout_Config), (16 bytes).
    Removing stm32g0xx_hal_uart.o(.ARM.exidx.text.HAL_UART_ReceiverTimeout_Config), (8 bytes).
    Removing stm32g0xx_hal_uart.o(.text.HAL_UART_EnableReceiverTimeout), (48 bytes).
    Removing stm32g0xx_hal_uart.o(.ARM.exidx.text.HAL_UART_EnableReceiverTimeout), (8 bytes).
    Removing stm32g0xx_hal_uart.o(.text.HAL_UART_DisableReceiverTimeout), (48 bytes).
    Removing stm32g0xx_hal_uart.o(.ARM.exidx.text.HAL_UART_DisableReceiverTimeout), (8 bytes).
    Removing stm32g0xx_hal_uart.o(.text.HAL_MultiProcessor_EnableMuteMode), (46 bytes).
    Removing stm32g0xx_hal_uart.o(.ARM.exidx.text.HAL_MultiProcessor_EnableMuteMode), (8 bytes).
    Removing stm32g0xx_hal_uart.o(.text.HAL_MultiProcessor_DisableMuteMode), (46 bytes).
    Removing stm32g0xx_hal_uart.o(.ARM.exidx.text.HAL_MultiProcessor_DisableMuteMode), (8 bytes).
    Removing stm32g0xx_hal_uart.o(.text.HAL_MultiProcessor_EnterMuteMode), (12 bytes).
    Removing stm32g0xx_hal_uart.o(.ARM.exidx.text.HAL_MultiProcessor_EnterMuteMode), (8 bytes).
    Removing stm32g0xx_hal_uart.o(.text.HAL_HalfDuplex_EnableTransmitter), (48 bytes).
    Removing stm32g0xx_hal_uart.o(.ARM.exidx.text.HAL_HalfDuplex_EnableTransmitter), (8 bytes).
    Removing stm32g0xx_hal_uart.o(.text.HAL_HalfDuplex_EnableReceiver), (48 bytes).
    Removing stm32g0xx_hal_uart.o(.ARM.exidx.text.HAL_HalfDuplex_EnableReceiver), (8 bytes).
    Removing stm32g0xx_hal_uart.o(.text.HAL_LIN_SendBreak), (40 bytes).
    Removing stm32g0xx_hal_uart.o(.ARM.exidx.text.HAL_LIN_SendBreak), (8 bytes).
    Removing stm32g0xx_hal_uart.o(.text.HAL_UART_GetState), (12 bytes).
    Removing stm32g0xx_hal_uart.o(.ARM.exidx.text.HAL_UART_GetState), (8 bytes).
    Removing stm32g0xx_hal_uart.o(.text.HAL_UART_GetError), (6 bytes).
    Removing stm32g0xx_hal_uart.o(.ARM.exidx.text.HAL_UART_GetError), (8 bytes).
    Removing stm32g0xx_hal_uart.o(.text.UART_RxISR_16BIT_FIFOEN), (344 bytes).
    Removing stm32g0xx_hal_uart.o(.ARM.exidx.text.UART_RxISR_16BIT_FIFOEN), (8 bytes).
    Removing stm32g0xx_hal_uart.o(.text.UART_RxISR_8BIT_FIFOEN), (348 bytes).
    Removing stm32g0xx_hal_uart.o(.ARM.exidx.text.UART_RxISR_8BIT_FIFOEN), (8 bytes).
    Removing stm32g0xx_hal_uart.o(.text.UART_RxISR_16BIT), (120 bytes).
    Removing stm32g0xx_hal_uart.o(.ARM.exidx.text.UART_RxISR_16BIT), (8 bytes).
    Removing stm32g0xx_hal_uart.o(.text.UART_RxISR_8BIT), (124 bytes).
    Removing stm32g0xx_hal_uart.o(.ARM.exidx.text.UART_RxISR_8BIT), (8 bytes).
    Removing stm32g0xx_hal_uart.o(.text.UART_DMAReceiveCplt), (86 bytes).
    Removing stm32g0xx_hal_uart.o(.ARM.exidx.text.UART_DMAReceiveCplt), (8 bytes).
    Removing stm32g0xx_hal_uart.o(.text.UART_DMARxHalfCplt), (28 bytes).
    Removing stm32g0xx_hal_uart.o(.ARM.exidx.text.UART_DMARxHalfCplt), (8 bytes).
    Removing stm32g0xx_hal_uart_ex.o(.text), (0 bytes).
    Removing stm32g0xx_hal_uart_ex.o(.text.HAL_RS485Ex_Init), (144 bytes).
    Removing stm32g0xx_hal_uart_ex.o(.ARM.exidx.text.HAL_RS485Ex_Init), (8 bytes).
    Removing stm32g0xx_hal_uart_ex.o(.text.HAL_UARTEx_WakeupCallback), (2 bytes).
    Removing stm32g0xx_hal_uart_ex.o(.ARM.exidx.text.HAL_UARTEx_WakeupCallback), (8 bytes).
    Removing stm32g0xx_hal_uart_ex.o(.text.HAL_UARTEx_RxFifoFullCallback), (2 bytes).
    Removing stm32g0xx_hal_uart_ex.o(.ARM.exidx.text.HAL_UARTEx_RxFifoFullCallback), (8 bytes).
    Removing stm32g0xx_hal_uart_ex.o(.text.HAL_UARTEx_TxFifoEmptyCallback), (2 bytes).
    Removing stm32g0xx_hal_uart_ex.o(.ARM.exidx.text.HAL_UARTEx_TxFifoEmptyCallback), (8 bytes).
    Removing stm32g0xx_hal_uart_ex.o(.text.HAL_MultiProcessorEx_AddressLength_Set), (48 bytes).
    Removing stm32g0xx_hal_uart_ex.o(.ARM.exidx.text.HAL_MultiProcessorEx_AddressLength_Set), (8 bytes).
    Removing stm32g0xx_hal_uart_ex.o(.text.HAL_UARTEx_StopModeWakeUpSourceConfig), (144 bytes).
    Removing stm32g0xx_hal_uart_ex.o(.ARM.exidx.text.HAL_UARTEx_StopModeWakeUpSourceConfig), (8 bytes).
    Removing stm32g0xx_hal_uart_ex.o(.text.HAL_UARTEx_EnableStopMode), (34 bytes).
    Removing stm32g0xx_hal_uart_ex.o(.ARM.exidx.text.HAL_UARTEx_EnableStopMode), (8 bytes).
    Removing stm32g0xx_hal_uart_ex.o(.text.HAL_UARTEx_DisableStopMode), (34 bytes).
    Removing stm32g0xx_hal_uart_ex.o(.ARM.exidx.text.HAL_UARTEx_DisableStopMode), (8 bytes).
    Removing stm32g0xx_hal_uart_ex.o(.text.HAL_UARTEx_EnableFifoMode), (112 bytes).
    Removing stm32g0xx_hal_uart_ex.o(.ARM.exidx.text.HAL_UARTEx_EnableFifoMode), (8 bytes).
    Removing stm32g0xx_hal_uart_ex.o(.ARM.exidx.text.HAL_UARTEx_DisableFifoMode), (8 bytes).
    Removing stm32g0xx_hal_uart_ex.o(.ARM.exidx.text.HAL_UARTEx_SetTxFifoThreshold), (8 bytes).
    Removing stm32g0xx_hal_uart_ex.o(.ARM.exidx.text.HAL_UARTEx_SetRxFifoThreshold), (8 bytes).
    Removing stm32g0xx_hal_uart_ex.o(.text.HAL_UARTEx_ReceiveToIdle), (504 bytes).
    Removing stm32g0xx_hal_uart_ex.o(.ARM.exidx.text.HAL_UARTEx_ReceiveToIdle), (8 bytes).
    Removing stm32g0xx_hal_uart_ex.o(.text.HAL_UARTEx_ReceiveToIdle_IT), (104 bytes).
    Removing stm32g0xx_hal_uart_ex.o(.ARM.exidx.text.HAL_UARTEx_ReceiveToIdle_IT), (8 bytes).
    Removing stm32g0xx_hal_uart_ex.o(.text.HAL_UARTEx_ReceiveToIdle_DMA), (104 bytes).
    Removing stm32g0xx_hal_uart_ex.o(.ARM.exidx.text.HAL_UARTEx_ReceiveToIdle_DMA), (8 bytes).
    Removing system_stm32g0xx.o(.text), (0 bytes).
    Removing system_stm32g0xx.o(.ARM.exidx.text.SystemInit), (8 bytes).
    Removing system_stm32g0xx.o(.text.SystemCoreClockUpdate), (144 bytes).
    Removing system_stm32g0xx.o(.ARM.exidx.text.SystemCoreClockUpdate), (8 bytes).

928 unused section(s) (total 53703 bytes) removed from the image.

==============================================================================

Image Symbol Table

    Local Symbols

    Symbol Name                              Value     Ov Type        Size  Object(Section)

    ../clib/division.s                       0x00000000   Number         0  aeabi_sdivfast.o ABSOLUTE
    ../clib/division.s                       0x00000000   Number         0  aeabi_sdivfast_div0.o ABSOLUTE
    ../clib/microlib/division.c              0x00000000   Number         0  uidiv.o ABSOLUTE
    ../clib/microlib/division.c              0x00000000   Number         0  uidiv_div0.o ABSOLUTE
    ../clib/microlib/division.c              0x00000000   Number         0  idiv_div0.o ABSOLUTE
    ../clib/microlib/division.c              0x00000000   Number         0  idiv0.o ABSOLUTE
    ../clib/microlib/init/entry.s            0x00000000   Number         0  entry.o ABSOLUTE
    ../clib/microlib/init/entry.s            0x00000000   Number         0  entry2.o ABSOLUTE
    ../clib/microlib/init/entry.s            0x00000000   Number         0  entry5.o ABSOLUTE
    ../clib/microlib/init/entry.s            0x00000000   Number         0  entry7a.o ABSOLUTE
    ../clib/microlib/init/entry.s            0x00000000   Number         0  entry7b.o ABSOLUTE
    ../clib/microlib/init/entry.s            0x00000000   Number         0  entry8a.o ABSOLUTE
    ../clib/microlib/init/entry.s            0x00000000   Number         0  entry8b.o ABSOLUTE
    ../clib/microlib/init/entry.s            0x00000000   Number         0  entry9a.o ABSOLUTE
    ../clib/microlib/init/entry.s            0x00000000   Number         0  entry9b.o ABSOLUTE
    ../clib/microlib/init/entry.s            0x00000000   Number         0  entry10a.o ABSOLUTE
    ../clib/microlib/init/entry.s            0x00000000   Number         0  entry10b.o ABSOLUTE
    ../clib/microlib/init/entry.s            0x00000000   Number         0  entry11a.o ABSOLUTE
    ../clib/microlib/init/entry.s            0x00000000   Number         0  entry11b.o ABSOLUTE
    dc.s                                     0x00000000   Number         0  dc.o ABSOLUTE
    handlers.s                               0x00000000   Number         0  handlers.o ABSOLUTE
    init.s                                   0x00000000   Number         0  init.o ABSOLUTE
    main.c                                   0x00000000   Number         0  main.o ABSOLUTE
    startup_stm32g070xx.s                    0x00000000   Number         0  startup_stm32g070xx.o ABSOLUTE
    stm32g0xx_hal.c                          0x00000000   Number         0  stm32g0xx_hal.o ABSOLUTE
    stm32g0xx_hal_cortex.c                   0x00000000   Number         0  stm32g0xx_hal_cortex.o ABSOLUTE
    stm32g0xx_hal_dma.c                      0x00000000   Number         0  stm32g0xx_hal_dma.o ABSOLUTE
    stm32g0xx_hal_dma_ex.c                   0x00000000   Number         0  stm32g0xx_hal_dma_ex.o ABSOLUTE
    stm32g0xx_hal_exti.c                     0x00000000   Number         0  stm32g0xx_hal_exti.o ABSOLUTE
    stm32g0xx_hal_flash.c                    0x00000000   Number         0  stm32g0xx_hal_flash.o ABSOLUTE
    stm32g0xx_hal_flash_ex.c                 0x00000000   Number         0  stm32g0xx_hal_flash_ex.o ABSOLUTE
    stm32g0xx_hal_gpio.c                     0x00000000   Number         0  stm32g0xx_hal_gpio.o ABSOLUTE
    stm32g0xx_hal_i2c.c                      0x00000000   Number         0  stm32g0xx_hal_i2c.o ABSOLUTE
    stm32g0xx_hal_i2c_ex.c                   0x00000000   Number         0  stm32g0xx_hal_i2c_ex.o ABSOLUTE
    stm32g0xx_hal_msp.c                      0x00000000   Number         0  stm32g0xx_hal_msp.o ABSOLUTE
    stm32g0xx_hal_pwr.c                      0x00000000   Number         0  stm32g0xx_hal_pwr.o ABSOLUTE
    stm32g0xx_hal_pwr_ex.c                   0x00000000   Number         0  stm32g0xx_hal_pwr_ex.o ABSOLUTE
    stm32g0xx_hal_rcc.c                      0x00000000   Number         0  stm32g0xx_hal_rcc.o ABSOLUTE
    stm32g0xx_hal_rcc_ex.c                   0x00000000   Number         0  stm32g0xx_hal_rcc_ex.o ABSOLUTE
    stm32g0xx_hal_tim.c                      0x00000000   Number         0  stm32g0xx_hal_tim.o ABSOLUTE
    stm32g0xx_hal_tim_ex.c                   0x00000000   Number         0  stm32g0xx_hal_tim_ex.o ABSOLUTE
    stm32g0xx_hal_uart.c                     0x00000000   Number         0  stm32g0xx_hal_uart.o ABSOLUTE
    stm32g0xx_hal_uart_ex.c                  0x00000000   Number         0  stm32g0xx_hal_uart_ex.o ABSOLUTE
    stm32g0xx_it.c                           0x00000000   Number         0  stm32g0xx_it.o ABSOLUTE
    stm32g0xx_ll_dma.c                       0x00000000   Number         0  stm32g0xx_ll_dma.o ABSOLUTE
    stm32g0xx_ll_rcc.c                       0x00000000   Number         0  stm32g0xx_ll_rcc.o ABSOLUTE
    system_stm32g0xx.c                       0x00000000   Number         0  system_stm32g0xx.o ABSOLUTE
    RESET                                    0x08000000   Section      184  startup_stm32g070xx.o(RESET)
    .ARM.Collect$$$$00000000                 0x080000b8   Section        0  entry.o(.ARM.Collect$$$$00000000)
    .ARM.Collect$$$$00000001                 0x080000b8   Section        4  entry2.o(.ARM.Collect$$$$00000001)
    .ARM.Collect$$$$00000004                 0x080000bc   Section        4  entry5.o(.ARM.Collect$$$$00000004)
    .ARM.Collect$$$$00000008                 0x080000c0   Section        0  entry7b.o(.ARM.Collect$$$$00000008)
    .ARM.Collect$$$$0000000A                 0x080000c0   Section        0  entry8b.o(.ARM.Collect$$$$0000000A)
    .ARM.Collect$$$$0000000B                 0x080000c0   Section        8  entry9a.o(.ARM.Collect$$$$0000000B)
    __lit__00000000                          0x080000c8   Data           4  entry2.o(.ARM.Collect$$$$00002712)
    .ARM.Collect$$$$0000000D                 0x080000c8   Section        0  entry10a.o(.ARM.Collect$$$$0000000D)
    .ARM.Collect$$$$0000000F                 0x080000c8   Section        0  entry11a.o(.ARM.Collect$$$$0000000F)
    .ARM.Collect$$$$00002712                 0x080000c8   Section        4  entry2.o(.ARM.Collect$$$$00002712)
    .text                                    0x080000cc   Section       28  startup_stm32g070xx.o(.text)
    .text                                    0x080000e8   Section        0  uidiv_div0.o(.text)
    .text                                    0x08000128   Section       36  init.o(.text)
    [Anonymous Symbol]                       0x0800014c   Section        0  stm32g0xx_hal_dma.o(.text.HAL_DMA_Abort_IT)
    __arm_cp.5_0                             0x080001bc   Number         4  stm32g0xx_hal_dma.o(.text.HAL_DMA_Abort_IT)
    __arm_cp.5_1                             0x080001c0   Number         4  stm32g0xx_hal_dma.o(.text.HAL_DMA_Abort_IT)
    [Anonymous Symbol]                       0x080001c4   Section        0  stm32g0xx_hal_dma.o(.text.HAL_DMA_GetState)
    [Anonymous Symbol]                       0x080001cc   Section        0  stm32g0xx_hal.o(.text.HAL_Delay)
    __arm_cp.10_0                            0x080001ec   Number         4  stm32g0xx_hal.o(.text.HAL_Delay)
    [Anonymous Symbol]                       0x080001f0   Section        0  stm32g0xx_hal_gpio.o(.text.HAL_GPIO_Init)
    __arm_cp.0_0                             0x0800038c   Number         4  stm32g0xx_hal_gpio.o(.text.HAL_GPIO_Init)
    __arm_cp.0_1                             0x08000390   Number         4  stm32g0xx_hal_gpio.o(.text.HAL_GPIO_Init)
    __arm_cp.0_2                             0x08000394   Number         4  stm32g0xx_hal_gpio.o(.text.HAL_GPIO_Init)
    __arm_cp.0_3                             0x08000398   Number         4  stm32g0xx_hal_gpio.o(.text.HAL_GPIO_Init)
    __arm_cp.0_4                             0x0800039c   Number         4  stm32g0xx_hal_gpio.o(.text.HAL_GPIO_Init)
    __arm_cp.0_5                             0x080003a0   Number         4  stm32g0xx_hal_gpio.o(.text.HAL_GPIO_Init)
    [Anonymous Symbol]                       0x080003a4   Section        0  stm32g0xx_hal_gpio.o(.text.HAL_GPIO_ReadPin)
    [Anonymous Symbol]                       0x080003ae   Section        0  stm32g0xx_hal_gpio.o(.text.HAL_GPIO_TogglePin)
    [Anonymous Symbol]                       0x080003be   Section        0  stm32g0xx_hal_gpio.o(.text.HAL_GPIO_WritePin)
    [Anonymous Symbol]                       0x080003d0   Section        0  stm32g0xx_hal.o(.text.HAL_GetTick)
    [Anonymous Symbol]                       0x080003d8   Section        0  stm32g0xx_hal_i2c_ex.o(.text.HAL_I2CEx_ConfigAnalogFilter)
    [Anonymous Symbol]                       0x0800041c   Section        0  stm32g0xx_hal_i2c_ex.o(.text.HAL_I2CEx_ConfigDigitalFilter)
    [Anonymous Symbol]                       0x08000460   Section        0  stm32g0xx_hal_i2c.o(.text.HAL_I2C_AbortCpltCallback)
    [Anonymous Symbol]                       0x08000462   Section        0  stm32g0xx_hal_i2c.o(.text.HAL_I2C_AddrCallback)
    [Anonymous Symbol]                       0x08000464   Section        0  stm32g0xx_hal_i2c.o(.text.HAL_I2C_ER_IRQHandler)
    [Anonymous Symbol]                       0x080004e6   Section        0  stm32g0xx_hal_i2c.o(.text.HAL_I2C_EV_IRQHandler)
    [Anonymous Symbol]                       0x080004f8   Section        0  main.o(.text.HAL_I2C_ErrorCallback)
    [Anonymous Symbol]                       0x08000518   Section        0  stm32g0xx_hal_i2c.o(.text.HAL_I2C_GetError)
    [Anonymous Symbol]                       0x0800051c   Section        0  stm32g0xx_hal_i2c.o(.text.HAL_I2C_GetState)
    [Anonymous Symbol]                       0x08000524   Section        0  stm32g0xx_hal_i2c.o(.text.HAL_I2C_Init)
    __arm_cp.0_0                             0x080005c4   Number         4  stm32g0xx_hal_i2c.o(.text.HAL_I2C_Init)
    __arm_cp.0_1                             0x080005c8   Number         4  stm32g0xx_hal_i2c.o(.text.HAL_I2C_Init)
    [Anonymous Symbol]                       0x080005cc   Section        0  stm32g0xx_hal_i2c.o(.text.HAL_I2C_ListenCpltCallback)
    [Anonymous Symbol]                       0x080005d0   Section        0  main.o(.text.HAL_I2C_MasterRxCpltCallback)
    __arm_cp.7_0                             0x080005e4   Number         4  main.o(.text.HAL_I2C_MasterRxCpltCallback)
    [Anonymous Symbol]                       0x080005e8   Section        0  main.o(.text.HAL_I2C_MasterTxCpltCallback)
    [Anonymous Symbol]                       0x080005f8   Section        0  stm32g0xx_hal_i2c.o(.text.HAL_I2C_Master_Receive_IT)
    __arm_cp.14_2                            0x08000664   Number         4  stm32g0xx_hal_i2c.o(.text.HAL_I2C_Master_Receive_IT)
    __arm_cp.14_3                            0x08000668   Number         4  stm32g0xx_hal_i2c.o(.text.HAL_I2C_Master_Receive_IT)
    [Anonymous Symbol]                       0x0800066c   Section        0  stm32g0xx_hal_i2c.o(.text.HAL_I2C_Master_Transmit_IT)
    __arm_cp.12_0                            0x080006d8   Number         4  stm32g0xx_hal_i2c.o(.text.HAL_I2C_Master_Transmit_IT)
    __arm_cp.12_1                            0x080006dc   Number         4  stm32g0xx_hal_i2c.o(.text.HAL_I2C_Master_Transmit_IT)
    __arm_cp.12_2                            0x080006e0   Number         4  stm32g0xx_hal_i2c.o(.text.HAL_I2C_Master_Transmit_IT)
    __arm_cp.12_3                            0x080006e4   Number         4  stm32g0xx_hal_i2c.o(.text.HAL_I2C_Master_Transmit_IT)
    __arm_cp.12_4                            0x080006e8   Number         4  stm32g0xx_hal_i2c.o(.text.HAL_I2C_Master_Transmit_IT)
    __arm_cp.12_5                            0x080006ec   Number         4  stm32g0xx_hal_i2c.o(.text.HAL_I2C_Master_Transmit_IT)
    [Anonymous Symbol]                       0x080006f0   Section        0  stm32g0xx_hal_i2c.o(.text.HAL_I2C_MemRxCpltCallback)
    [Anonymous Symbol]                       0x080006f2   Section        0  stm32g0xx_hal_i2c.o(.text.HAL_I2C_MemTxCpltCallback)
    [Anonymous Symbol]                       0x080006f4   Section        0  stm32g0xx_hal_msp.o(.text.HAL_I2C_MspInit)
    __arm_cp.1_0                             0x0800075c   Number         4  stm32g0xx_hal_msp.o(.text.HAL_I2C_MspInit)
    __arm_cp.1_1                             0x08000760   Number         4  stm32g0xx_hal_msp.o(.text.HAL_I2C_MspInit)
    [Anonymous Symbol]                       0x08000764   Section        0  stm32g0xx_hal_i2c.o(.text.HAL_I2C_SlaveRxCpltCallback)
    [Anonymous Symbol]                       0x08000766   Section        0  stm32g0xx_hal_i2c.o(.text.HAL_I2C_SlaveTxCpltCallback)
    [Anonymous Symbol]                       0x08000768   Section        0  stm32g0xx_hal.o(.text.HAL_IncTick)
    __arm_cp.5_1                             0x08000778   Number         4  stm32g0xx_hal.o(.text.HAL_IncTick)
    [Anonymous Symbol]                       0x0800077c   Section        0  stm32g0xx_hal.o(.text.HAL_Init)
    __arm_cp.0_0                             0x080007a4   Number         4  stm32g0xx_hal.o(.text.HAL_Init)
    [Anonymous Symbol]                       0x080007a8   Section        0  stm32g0xx_hal.o(.text.HAL_InitTick)
    __arm_cp.1_0                             0x080007e8   Number         4  stm32g0xx_hal.o(.text.HAL_InitTick)
    [Anonymous Symbol]                       0x080007ec   Section        0  stm32g0xx_hal_msp.o(.text.HAL_MspInit)
    __arm_cp.0_0                             0x08000820   Number         4  stm32g0xx_hal_msp.o(.text.HAL_MspInit)
    [Anonymous Symbol]                       0x08000824   Section        0  stm32g0xx_hal_cortex.o(.text.HAL_NVIC_EnableIRQ)
    __arm_cp.1_0                             0x08000838   Number         4  stm32g0xx_hal_cortex.o(.text.HAL_NVIC_EnableIRQ)
    [Anonymous Symbol]                       0x0800083c   Section        0  stm32g0xx_hal_cortex.o(.text.HAL_NVIC_SetPriority)
    __arm_cp.0_0                             0x08000874   Number         4  stm32g0xx_hal_cortex.o(.text.HAL_NVIC_SetPriority)
    __arm_cp.0_1                             0x08000878   Number         4  stm32g0xx_hal_cortex.o(.text.HAL_NVIC_SetPriority)
    [Anonymous Symbol]                       0x0800087c   Section        0  stm32g0xx_hal_pwr_ex.o(.text.HAL_PWREx_ControlVoltageScaling)
    __arm_cp.13_0                            0x080008f0   Number         4  stm32g0xx_hal_pwr_ex.o(.text.HAL_PWREx_ControlVoltageScaling)
    __arm_cp.13_1                            0x080008f4   Number         4  stm32g0xx_hal_pwr_ex.o(.text.HAL_PWREx_ControlVoltageScaling)
    __arm_cp.13_2                            0x080008f8   Number         4  stm32g0xx_hal_pwr_ex.o(.text.HAL_PWREx_ControlVoltageScaling)
    [Anonymous Symbol]                       0x080008fc   Section        0  stm32g0xx_hal_rcc_ex.o(.text.HAL_RCCEx_PeriphCLKConfig)
    __arm_cp.0_0                             0x08000a60   Number         4  stm32g0xx_hal_rcc_ex.o(.text.HAL_RCCEx_PeriphCLKConfig)
    __arm_cp.0_1                             0x08000a64   Number         4  stm32g0xx_hal_rcc_ex.o(.text.HAL_RCCEx_PeriphCLKConfig)
    __arm_cp.0_2                             0x08000a68   Number         4  stm32g0xx_hal_rcc_ex.o(.text.HAL_RCCEx_PeriphCLKConfig)
    __arm_cp.0_4                             0x08000a6c   Number         4  stm32g0xx_hal_rcc_ex.o(.text.HAL_RCCEx_PeriphCLKConfig)
    [Anonymous Symbol]                       0x08000a70   Section        0  stm32g0xx_hal_rcc.o(.text.HAL_RCC_ClockConfig)
    __arm_cp.2_0                             0x08000c58   Number         4  stm32g0xx_hal_rcc.o(.text.HAL_RCC_ClockConfig)
    __arm_cp.2_1                             0x08000c5c   Number         4  stm32g0xx_hal_rcc.o(.text.HAL_RCC_ClockConfig)
    __arm_cp.2_5                             0x08000c60   Number         4  stm32g0xx_hal_rcc.o(.text.HAL_RCC_ClockConfig)
    __arm_cp.2_7                             0x08000c64   Number         4  stm32g0xx_hal_rcc.o(.text.HAL_RCC_ClockConfig)
    [Anonymous Symbol]                       0x08000c68   Section        0  stm32g0xx_hal_rcc.o(.text.HAL_RCC_GetPCLK1Freq)
    __arm_cp.6_0                             0x08000c84   Number         4  stm32g0xx_hal_rcc.o(.text.HAL_RCC_GetPCLK1Freq)
    __arm_cp.6_2                             0x08000c88   Number         4  stm32g0xx_hal_rcc.o(.text.HAL_RCC_GetPCLK1Freq)
    [Anonymous Symbol]                       0x08000c8c   Section        0  stm32g0xx_hal_rcc.o(.text.HAL_RCC_GetSysClockFreq)
    __arm_cp.3_0                             0x08000d08   Number         4  stm32g0xx_hal_rcc.o(.text.HAL_RCC_GetSysClockFreq)
    __arm_cp.3_1                             0x08000d0c   Number         4  stm32g0xx_hal_rcc.o(.text.HAL_RCC_GetSysClockFreq)
    __arm_cp.3_2                             0x08000d10   Number         4  stm32g0xx_hal_rcc.o(.text.HAL_RCC_GetSysClockFreq)
    [Anonymous Symbol]                       0x08000d14   Section        0  stm32g0xx_hal_rcc.o(.text.HAL_RCC_OscConfig)
    __arm_cp.1_0                             0x0800111c   Number         4  stm32g0xx_hal_rcc.o(.text.HAL_RCC_OscConfig)
    __arm_cp.1_1                             0x08001120   Number         4  stm32g0xx_hal_rcc.o(.text.HAL_RCC_OscConfig)
    __arm_cp.1_2                             0x08001124   Number         4  stm32g0xx_hal_rcc.o(.text.HAL_RCC_OscConfig)
    __arm_cp.1_3                             0x08001128   Number         4  stm32g0xx_hal_rcc.o(.text.HAL_RCC_OscConfig)
    __arm_cp.1_4                             0x0800112c   Number         4  stm32g0xx_hal_rcc.o(.text.HAL_RCC_OscConfig)
    __arm_cp.1_5                             0x08001130   Number         4  stm32g0xx_hal_rcc.o(.text.HAL_RCC_OscConfig)
    __arm_cp.1_6                             0x08001134   Number         4  stm32g0xx_hal_rcc.o(.text.HAL_RCC_OscConfig)
    __arm_cp.1_7                             0x08001138   Number         4  stm32g0xx_hal_rcc.o(.text.HAL_RCC_OscConfig)
    [Anonymous Symbol]                       0x0800113c   Section        0  stm32g0xx_hal.o(.text.HAL_SYSCFG_StrobeDBattpinsConfig)
    __arm_cp.27_0                            0x0800114c   Number         4  stm32g0xx_hal.o(.text.HAL_SYSCFG_StrobeDBattpinsConfig)
    [Anonymous Symbol]                       0x08001150   Section        0  stm32g0xx_hal_cortex.o(.text.HAL_SYSTICK_Config)
    __arm_cp.4_0                             0x08001178   Number         4  stm32g0xx_hal_cortex.o(.text.HAL_SYSTICK_Config)
    __arm_cp.4_1                             0x0800117c   Number         4  stm32g0xx_hal_cortex.o(.text.HAL_SYSTICK_Config)
    __arm_cp.4_2                             0x08001180   Number         4  stm32g0xx_hal_cortex.o(.text.HAL_SYSTICK_Config)
    [Anonymous Symbol]                       0x08001184   Section        0  stm32g0xx_hal_tim_ex.o(.text.HAL_TIMEx_MasterConfigSynchronization)
    [Anonymous Symbol]                       0x080011e4   Section        0  stm32g0xx_hal_tim.o(.text.HAL_TIM_Base_Init)
    __arm_cp.0_2                             0x080012ac   Number         4  stm32g0xx_hal_tim.o(.text.HAL_TIM_Base_Init)
    __arm_cp.0_4                             0x080012b0   Number         4  stm32g0xx_hal_tim.o(.text.HAL_TIM_Base_Init)
    __arm_cp.0_5                             0x080012b4   Number         4  stm32g0xx_hal_tim.o(.text.HAL_TIM_Base_Init)
    __arm_cp.0_6                             0x080012b8   Number         4  stm32g0xx_hal_tim.o(.text.HAL_TIM_Base_Init)
    __arm_cp.0_7                             0x080012bc   Number         4  stm32g0xx_hal_tim.o(.text.HAL_TIM_Base_Init)
    [Anonymous Symbol]                       0x080012c0   Section        0  stm32g0xx_hal_msp.o(.text.HAL_TIM_Base_MspInit)
    __arm_cp.3_1                             0x080012e8   Number         4  stm32g0xx_hal_msp.o(.text.HAL_TIM_Base_MspInit)
    [Anonymous Symbol]                       0x080012ec   Section        0  stm32g0xx_hal_tim.o(.text.HAL_TIM_Base_Start)
    __arm_cp.5_0                             0x08001338   Number         4  stm32g0xx_hal_tim.o(.text.HAL_TIM_Base_Start)
    __arm_cp.5_1                             0x0800133c   Number         4  stm32g0xx_hal_tim.o(.text.HAL_TIM_Base_Start)
    __arm_cp.5_2                             0x08001340   Number         4  stm32g0xx_hal_tim.o(.text.HAL_TIM_Base_Start)
    __arm_cp.5_3                             0x08001344   Number         4  stm32g0xx_hal_tim.o(.text.HAL_TIM_Base_Start)
    [Anonymous Symbol]                       0x08001348   Section        0  stm32g0xx_hal_tim.o(.text.HAL_TIM_ConfigClockSource)
    __arm_cp.90_0                            0x08001480   Number         4  stm32g0xx_hal_tim.o(.text.HAL_TIM_ConfigClockSource)
    __arm_cp.90_1                            0x08001484   Number         4  stm32g0xx_hal_tim.o(.text.HAL_TIM_ConfigClockSource)
    [Anonymous Symbol]                       0x08001488   Section        0  stm32g0xx_hal_uart_ex.o(.text.HAL_UARTEx_DisableFifoMode)
    [Anonymous Symbol]                       0x080014c0   Section        0  stm32g0xx_hal_uart_ex.o(.text.HAL_UARTEx_SetRxFifoThreshold)
    [Anonymous Symbol]                       0x08001538   Section        0  stm32g0xx_hal_uart_ex.o(.text.HAL_UARTEx_SetTxFifoThreshold)
    __arm_cp.10_0                            0x080015b0   Number         4  stm32g0xx_hal_uart_ex.o(.text.HAL_UARTEx_SetTxFifoThreshold)
    __arm_cp.10_1                            0x080015b4   Number         4  stm32g0xx_hal_uart_ex.o(.text.HAL_UARTEx_SetTxFifoThreshold)
    [Anonymous Symbol]                       0x080015b8   Section        0  stm32g0xx_hal_uart.o(.text.HAL_UART_Init)
    [Anonymous Symbol]                       0x08001624   Section        0  stm32g0xx_hal_msp.o(.text.HAL_UART_MspInit)
    __arm_cp.5_0                             0x08001674   Number         4  stm32g0xx_hal_msp.o(.text.HAL_UART_MspInit)
    __arm_cp.5_1                             0x08001678   Number         4  stm32g0xx_hal_msp.o(.text.HAL_UART_MspInit)
    [Anonymous Symbol]                       0x0800167c   Section        0  stm32g0xx_it.o(.text.HardFault_Handler)
    [Anonymous Symbol]                       0x08001680   Section        0  stm32g0xx_it.o(.text.I2C1_IRQHandler)
    __arm_cp.5_0                             0x080016a0   Number         4  stm32g0xx_it.o(.text.I2C1_IRQHandler)
    I2C_DMAAbort                             0x080016a5   Thumb Code    62  stm32g0xx_hal_i2c.o(.text.I2C_DMAAbort)
    [Anonymous Symbol]                       0x080016a4   Section        0  stm32g0xx_hal_i2c.o(.text.I2C_DMAAbort)
    I2C_ITAddrCplt                           0x080016e5   Thumb Code   164  stm32g0xx_hal_i2c.o(.text.I2C_ITAddrCplt)
    [Anonymous Symbol]                       0x080016e4   Section        0  stm32g0xx_hal_i2c.o(.text.I2C_ITAddrCplt)
    __arm_cp.70_0                            0x08001788   Number         4  stm32g0xx_hal_i2c.o(.text.I2C_ITAddrCplt)
    I2C_ITError                              0x0800178d   Thumb Code   296  stm32g0xx_hal_i2c.o(.text.I2C_ITError)
    [Anonymous Symbol]                       0x0800178c   Section        0  stm32g0xx_hal_i2c.o(.text.I2C_ITError)
    __arm_cp.52_1                            0x080018b4   Number         4  stm32g0xx_hal_i2c.o(.text.I2C_ITError)
    __arm_cp.52_2                            0x080018b8   Number         4  stm32g0xx_hal_i2c.o(.text.I2C_ITError)
    I2C_ITMasterCplt                         0x080018bd   Thumb Code   260  stm32g0xx_hal_i2c.o(.text.I2C_ITMasterCplt)
    [Anonymous Symbol]                       0x080018bc   Section        0  stm32g0xx_hal_i2c.o(.text.I2C_ITMasterCplt)
    __arm_cp.67_1                            0x080019c0   Number         4  stm32g0xx_hal_i2c.o(.text.I2C_ITMasterCplt)
    I2C_ITMasterSeqCplt                      0x080019c5   Thumb Code   100  stm32g0xx_hal_i2c.o(.text.I2C_ITMasterSeqCplt)
    [Anonymous Symbol]                       0x080019c4   Section        0  stm32g0xx_hal_i2c.o(.text.I2C_ITMasterSeqCplt)
    I2C_ITSlaveCplt                          0x08001a29   Thumb Code   508  stm32g0xx_hal_i2c.o(.text.I2C_ITSlaveCplt)
    [Anonymous Symbol]                       0x08001a28   Section        0  stm32g0xx_hal_i2c.o(.text.I2C_ITSlaveCplt)
    __arm_cp.68_0                            0x08001c24   Number         4  stm32g0xx_hal_i2c.o(.text.I2C_ITSlaveCplt)
    __arm_cp.68_1                            0x08001c28   Number         4  stm32g0xx_hal_i2c.o(.text.I2C_ITSlaveCplt)
    I2C_ITSlaveSeqCplt                       0x08001c2d   Thumb Code   124  stm32g0xx_hal_i2c.o(.text.I2C_ITSlaveSeqCplt)
    [Anonymous Symbol]                       0x08001c2c   Section        0  stm32g0xx_hal_i2c.o(.text.I2C_ITSlaveSeqCplt)
    __arm_cp.69_0                            0x08001ca8   Number         4  stm32g0xx_hal_i2c.o(.text.I2C_ITSlaveSeqCplt)
    __arm_cp.69_1                            0x08001cac   Number         4  stm32g0xx_hal_i2c.o(.text.I2C_ITSlaveSeqCplt)
    I2C_Master_ISR_IT                        0x08001cb1   Thumb Code   364  stm32g0xx_hal_i2c.o(.text.I2C_Master_ISR_IT)
    [Anonymous Symbol]                       0x08001cb0   Section        0  stm32g0xx_hal_i2c.o(.text.I2C_Master_ISR_IT)
    __arm_cp.13_0                            0x08001e1c   Number         4  stm32g0xx_hal_i2c.o(.text.I2C_Master_ISR_IT)
    __arm_cp.13_1                            0x08001e20   Number         4  stm32g0xx_hal_i2c.o(.text.I2C_Master_ISR_IT)
    __arm_cp.13_2                            0x08001e24   Number         4  stm32g0xx_hal_i2c.o(.text.I2C_Master_ISR_IT)
    __arm_cp.13_3                            0x08001e28   Number         4  stm32g0xx_hal_i2c.o(.text.I2C_Master_ISR_IT)
    I2C_Slave_ISR_IT                         0x08001e2d   Thumb Code   596  stm32g0xx_hal_i2c.o(.text.I2C_Slave_ISR_IT)
    [Anonymous Symbol]                       0x08001e2c   Section        0  stm32g0xx_hal_i2c.o(.text.I2C_Slave_ISR_IT)
    __arm_cp.16_0                            0x08002080   Number         4  stm32g0xx_hal_i2c.o(.text.I2C_Slave_ISR_IT)
    __arm_cp.16_1                            0x08002084   Number         4  stm32g0xx_hal_i2c.o(.text.I2C_Slave_ISR_IT)
    __arm_cp.16_2                            0x08002088   Number         4  stm32g0xx_hal_i2c.o(.text.I2C_Slave_ISR_IT)
    __arm_cp.16_3                            0x0800208c   Number         4  stm32g0xx_hal_i2c.o(.text.I2C_Slave_ISR_IT)
    [Anonymous Symbol]                       0x08002090   Section        0  stm32g0xx_it.o(.text.NMI_Handler)
    [Anonymous Symbol]                       0x08002092   Section        0  stm32g0xx_it.o(.text.PendSV_Handler)
    [Anonymous Symbol]                       0x08002094   Section        0  stm32g0xx_it.o(.text.SVC_Handler)
    [Anonymous Symbol]                       0x08002096   Section        0  stm32g0xx_it.o(.text.SysTick_Handler)
    [Anonymous Symbol]                       0x0800209e   Section        0  main.o(.text.SystemClock_Config)
    [Anonymous Symbol]                       0x08002164   Section        0  system_stm32g0xx.o(.text.SystemInit)
    __arm_cp.0_0                             0x08002170   Number         4  system_stm32g0xx.o(.text.SystemInit)
    [Anonymous Symbol]                       0x08002174   Section        0  stm32g0xx_hal_uart.o(.text.UART_AdvFeatureConfig)
    [Anonymous Symbol]                       0x08002248   Section        0  stm32g0xx_hal_uart.o(.text.UART_CheckIdleState)
    __arm_cp.4_0                             0x08002370   Number         4  stm32g0xx_hal_uart.o(.text.UART_CheckIdleState)
    [Anonymous Symbol]                       0x08002374   Section        0  stm32g0xx_hal_uart.o(.text.UART_SetConfig)
    __arm_cp.2_0                             0x080024c8   Number         4  stm32g0xx_hal_uart.o(.text.UART_SetConfig)
    __arm_cp.2_1                             0x080024cc   Number         4  stm32g0xx_hal_uart.o(.text.UART_SetConfig)
    __arm_cp.2_2                             0x080024d0   Number         4  stm32g0xx_hal_uart.o(.text.UART_SetConfig)
    __arm_cp.2_3                             0x080024d4   Number         4  stm32g0xx_hal_uart.o(.text.UART_SetConfig)
    __arm_cp.2_4                             0x080024d8   Number         4  stm32g0xx_hal_uart.o(.text.UART_SetConfig)
    __arm_cp.2_5                             0x080024dc   Number         4  stm32g0xx_hal_uart.o(.text.UART_SetConfig)
    __arm_cp.2_6                             0x080024e0   Number         4  stm32g0xx_hal_uart.o(.text.UART_SetConfig)
    __arm_cp.2_7                             0x080024e4   Number         4  stm32g0xx_hal_uart.o(.text.UART_SetConfig)
    __arm_cp.2_8                             0x080024e8   Number         4  stm32g0xx_hal_uart.o(.text.UART_SetConfig)
    __arm_cp.2_9                             0x080024ec   Number         4  stm32g0xx_hal_uart.o(.text.UART_SetConfig)
    __arm_cp.2_10                            0x080024f0   Number         4  stm32g0xx_hal_uart.o(.text.UART_SetConfig)
    __arm_cp.2_11                            0x080024f4   Number         4  stm32g0xx_hal_uart.o(.text.UART_SetConfig)
    __arm_cp.2_12                            0x080024f8   Number         4  stm32g0xx_hal_uart.o(.text.UART_SetConfig)
    [Anonymous Symbol]                       0x080024fc   Section        0  main.o(.text.i2cCom)
    __arm_cp.0_2                             0x080025f8   Number         4  main.o(.text.i2cCom)
    [Anonymous Symbol]                       0x080025fc   Section        0  main.o(.text.main)
    __arm_cp.2_0                             0x08002820   Number         4  main.o(.text.main)
    __arm_cp.2_1                             0x08002824   Number         4  main.o(.text.main)
    __arm_cp.2_2                             0x08002828   Number         4  main.o(.text.main)
    __arm_cp.2_3                             0x0800282c   Number         4  main.o(.text.main)
    __arm_cp.2_4                             0x08002830   Number         4  main.o(.text.main)
    __arm_cp.2_5                             0x08002834   Number         4  main.o(.text.main)
    __arm_cp.2_6                             0x08002838   Number         4  main.o(.text.main)
    __arm_cp.2_7                             0x0800283c   Number         4  main.o(.text.main)
    __arm_cp.2_8                             0x08002840   Number         4  main.o(.text.main)
    __arm_cp.2_9                             0x08002844   Number         4  main.o(.text.main)
    i.__scatterload_copy                     0x08002848   Section       14  handlers.o(i.__scatterload_copy)
    i.__scatterload_null                     0x08002856   Section        2  handlers.o(i.__scatterload_null)
    i.__scatterload_zeroinit                 0x08002858   Section       14  handlers.o(i.__scatterload_zeroinit)
    [Anonymous Symbol]                       0x080028e0   Section        0  stm32g0xx_hal_uart.o(.rodata.cst16)
    [Anonymous Symbol]                       0x080028f0   Section        0  stm32g0xx_hal_uart_ex.o(.rodata.cst8)
    [Anonymous Symbol]                       0x20000000   Section        0  stm32g0xx_hal.o(.data..L_MergedGlobals)
    [Anonymous Symbol]                       0x20000010   Section        0  main.o(.bss..L_MergedGlobals)
    STACK                                    0x20000140   Section     1024  startup_stm32g070xx.o(STACK)

    Global Symbols

    Symbol Name                              Value     Ov Type        Size  Object(Section)

    BuildAttributes$$THM_ISAv3M$S$PE$A:L22$X:L11$S22$IEEE1$IW$~IW$USESV6$~STKCKD$USESV7$~SHL$OTIME$EBA8$MICROLIB$REQ8$PRES8$EABIv2 0x00000000   Number         0  anon$$obj.o ABSOLUTE
    __cpp_initialize__aeabi_                  - Undefined Weak Reference
    __cxa_finalize                            - Undefined Weak Reference
    __decompress                              - Undefined Weak Reference
    _clock_init                               - Undefined Weak Reference
    _microlib_exit                            - Undefined Weak Reference
    __Vectors_Size                           0x000000b8   Number         0  startup_stm32g070xx.o ABSOLUTE
    __Vectors                                0x08000000   Data           4  startup_stm32g070xx.o(RESET)
    __Vectors_End                            0x080000b8   Data           0  startup_stm32g070xx.o(RESET)
    __main                                   0x080000b9   Thumb Code     0  entry.o(.ARM.Collect$$$$00000000)
    _main_stk                                0x080000b9   Thumb Code     0  entry2.o(.ARM.Collect$$$$00000001)
    _main_scatterload                        0x080000bd   Thumb Code     0  entry5.o(.ARM.Collect$$$$00000004)
    __main_after_scatterload                 0x080000c1   Thumb Code     0  entry5.o(.ARM.Collect$$$$00000004)
    _main_clock                              0x080000c1   Thumb Code     0  entry7b.o(.ARM.Collect$$$$00000008)
    _main_cpp_init                           0x080000c1   Thumb Code     0  entry8b.o(.ARM.Collect$$$$0000000A)
    _main_init                               0x080000c1   Thumb Code     0  entry9a.o(.ARM.Collect$$$$0000000B)
    __rt_final_cpp                           0x080000c9   Thumb Code     0  entry10a.o(.ARM.Collect$$$$0000000D)
    __rt_final_exit                          0x080000c9   Thumb Code     0  entry11a.o(.ARM.Collect$$$$0000000F)
    Reset_Handler                            0x080000cd   Thumb Code     8  startup_stm32g070xx.o(.text)
    ADC1_IRQHandler                          0x080000df   Thumb Code     0  startup_stm32g070xx.o(.text)
    DMA1_Ch4_7_DMAMUX1_OVR_IRQHandler        0x080000df   Thumb Code     0  startup_stm32g070xx.o(.text)
    DMA1_Channel1_IRQHandler                 0x080000df   Thumb Code     0  startup_stm32g070xx.o(.text)
    DMA1_Channel2_3_IRQHandler               0x080000df   Thumb Code     0  startup_stm32g070xx.o(.text)
    EXTI0_1_IRQHandler                       0x080000df   Thumb Code     0  startup_stm32g070xx.o(.text)
    EXTI2_3_IRQHandler                       0x080000df   Thumb Code     0  startup_stm32g070xx.o(.text)
    EXTI4_15_IRQHandler                      0x080000df   Thumb Code     0  startup_stm32g070xx.o(.text)
    FLASH_IRQHandler                         0x080000df   Thumb Code     0  startup_stm32g070xx.o(.text)
    I2C2_IRQHandler                          0x080000df   Thumb Code     0  startup_stm32g070xx.o(.text)
    RCC_IRQHandler                           0x080000df   Thumb Code     0  startup_stm32g070xx.o(.text)
    RTC_TAMP_IRQHandler                      0x080000df   Thumb Code     0  startup_stm32g070xx.o(.text)
    SPI1_IRQHandler                          0x080000df   Thumb Code     0  startup_stm32g070xx.o(.text)
    SPI2_IRQHandler                          0x080000df   Thumb Code     0  startup_stm32g070xx.o(.text)
    TIM14_IRQHandler                         0x080000df   Thumb Code     0  startup_stm32g070xx.o(.text)
    TIM15_IRQHandler                         0x080000df   Thumb Code     0  startup_stm32g070xx.o(.text)
    TIM16_IRQHandler                         0x080000df   Thumb Code     0  startup_stm32g070xx.o(.text)
    TIM17_IRQHandler                         0x080000df   Thumb Code     0  startup_stm32g070xx.o(.text)
    TIM1_BRK_UP_TRG_COM_IRQHandler           0x080000df   Thumb Code     0  startup_stm32g070xx.o(.text)
    TIM1_CC_IRQHandler                       0x080000df   Thumb Code     0  startup_stm32g070xx.o(.text)
    TIM3_IRQHandler                          0x080000df   Thumb Code     0  startup_stm32g070xx.o(.text)
    TIM6_IRQHandler                          0x080000df   Thumb Code     0  startup_stm32g070xx.o(.text)
    TIM7_IRQHandler                          0x080000df   Thumb Code     0  startup_stm32g070xx.o(.text)
    USART1_IRQHandler                        0x080000df   Thumb Code     0  startup_stm32g070xx.o(.text)
    USART2_IRQHandler                        0x080000df   Thumb Code     0  startup_stm32g070xx.o(.text)
    USART3_4_IRQHandler                      0x080000df   Thumb Code     0  startup_stm32g070xx.o(.text)
    WWDG_IRQHandler                          0x080000df   Thumb Code     0  startup_stm32g070xx.o(.text)
    __aeabi_uidiv                            0x080000e9   Thumb Code     0  uidiv_div0.o(.text)
    __aeabi_uidivmod                         0x080000e9   Thumb Code    62  uidiv_div0.o(.text)
    __scatterload                            0x08000129   Thumb Code    28  init.o(.text)
    __scatterload_rt2                        0x08000129   Thumb Code     0  init.o(.text)
    HAL_DMA_Abort_IT                         0x0800014d   Thumb Code   112  stm32g0xx_hal_dma.o(.text.HAL_DMA_Abort_IT)
    HAL_DMA_GetState                         0x080001c5   Thumb Code     6  stm32g0xx_hal_dma.o(.text.HAL_DMA_GetState)
    HAL_Delay                                0x080001cd   Thumb Code    32  stm32g0xx_hal.o(.text.HAL_Delay)
    HAL_GPIO_Init                            0x080001f1   Thumb Code   412  stm32g0xx_hal_gpio.o(.text.HAL_GPIO_Init)
    HAL_GPIO_ReadPin                         0x080003a5   Thumb Code    10  stm32g0xx_hal_gpio.o(.text.HAL_GPIO_ReadPin)
    HAL_GPIO_TogglePin                       0x080003af   Thumb Code    16  stm32g0xx_hal_gpio.o(.text.HAL_GPIO_TogglePin)
    HAL_GPIO_WritePin                        0x080003bf   Thumb Code    16  stm32g0xx_hal_gpio.o(.text.HAL_GPIO_WritePin)
    HAL_GetTick                              0x080003d1   Thumb Code     8  stm32g0xx_hal.o(.text.HAL_GetTick)
    HAL_I2CEx_ConfigAnalogFilter             0x080003d9   Thumb Code    68  stm32g0xx_hal_i2c_ex.o(.text.HAL_I2CEx_ConfigAnalogFilter)
    HAL_I2CEx_ConfigDigitalFilter            0x0800041d   Thumb Code    68  stm32g0xx_hal_i2c_ex.o(.text.HAL_I2CEx_ConfigDigitalFilter)
    HAL_I2C_AbortCpltCallback                0x08000461   Thumb Code     2  stm32g0xx_hal_i2c.o(.text.HAL_I2C_AbortCpltCallback)
    HAL_I2C_AddrCallback                     0x08000463   Thumb Code     2  stm32g0xx_hal_i2c.o(.text.HAL_I2C_AddrCallback)
    HAL_I2C_ER_IRQHandler                    0x08000465   Thumb Code   130  stm32g0xx_hal_i2c.o(.text.HAL_I2C_ER_IRQHandler)
    HAL_I2C_EV_IRQHandler                    0x080004e7   Thumb Code    18  stm32g0xx_hal_i2c.o(.text.HAL_I2C_EV_IRQHandler)
    HAL_I2C_ErrorCallback                    0x080004f9   Thumb Code    32  main.o(.text.HAL_I2C_ErrorCallback)
    HAL_I2C_GetError                         0x08000519   Thumb Code     4  stm32g0xx_hal_i2c.o(.text.HAL_I2C_GetError)
    HAL_I2C_GetState                         0x0800051d   Thumb Code     6  stm32g0xx_hal_i2c.o(.text.HAL_I2C_GetState)
    HAL_I2C_Init                             0x08000525   Thumb Code   160  stm32g0xx_hal_i2c.o(.text.HAL_I2C_Init)
    HAL_I2C_ListenCpltCallback               0x080005cd   Thumb Code     2  stm32g0xx_hal_i2c.o(.text.HAL_I2C_ListenCpltCallback)
    HAL_I2C_MasterRxCpltCallback             0x080005d1   Thumb Code    20  main.o(.text.HAL_I2C_MasterRxCpltCallback)
    HAL_I2C_MasterTxCpltCallback             0x080005e9   Thumb Code    14  main.o(.text.HAL_I2C_MasterTxCpltCallback)
    HAL_I2C_Master_Receive_IT                0x080005f9   Thumb Code   108  stm32g0xx_hal_i2c.o(.text.HAL_I2C_Master_Receive_IT)
    HAL_I2C_Master_Transmit_IT               0x0800066d   Thumb Code   108  stm32g0xx_hal_i2c.o(.text.HAL_I2C_Master_Transmit_IT)
    HAL_I2C_MemRxCpltCallback                0x080006f1   Thumb Code     2  stm32g0xx_hal_i2c.o(.text.HAL_I2C_MemRxCpltCallback)
    HAL_I2C_MemTxCpltCallback                0x080006f3   Thumb Code     2  stm32g0xx_hal_i2c.o(.text.HAL_I2C_MemTxCpltCallback)
    HAL_I2C_MspInit                          0x080006f5   Thumb Code   104  stm32g0xx_hal_msp.o(.text.HAL_I2C_MspInit)
    HAL_I2C_SlaveRxCpltCallback              0x08000765   Thumb Code     2  stm32g0xx_hal_i2c.o(.text.HAL_I2C_SlaveRxCpltCallback)
    HAL_I2C_SlaveTxCpltCallback              0x08000767   Thumb Code     2  stm32g0xx_hal_i2c.o(.text.HAL_I2C_SlaveTxCpltCallback)
    HAL_IncTick                              0x08000769   Thumb Code    16  stm32g0xx_hal.o(.text.HAL_IncTick)
    HAL_Init                                 0x0800077d   Thumb Code    40  stm32g0xx_hal.o(.text.HAL_Init)
    HAL_InitTick                             0x080007a9   Thumb Code    64  stm32g0xx_hal.o(.text.HAL_InitTick)
    HAL_MspInit                              0x080007ed   Thumb Code    52  stm32g0xx_hal_msp.o(.text.HAL_MspInit)
    HAL_NVIC_EnableIRQ                       0x08000825   Thumb Code    20  stm32g0xx_hal_cortex.o(.text.HAL_NVIC_EnableIRQ)
    HAL_NVIC_SetPriority                     0x0800083d   Thumb Code    56  stm32g0xx_hal_cortex.o(.text.HAL_NVIC_SetPriority)
    HAL_PWREx_ControlVoltageScaling          0x0800087d   Thumb Code   116  stm32g0xx_hal_pwr_ex.o(.text.HAL_PWREx_ControlVoltageScaling)
    HAL_RCCEx_PeriphCLKConfig                0x080008fd   Thumb Code   356  stm32g0xx_hal_rcc_ex.o(.text.HAL_RCCEx_PeriphCLKConfig)
    HAL_RCC_ClockConfig                      0x08000a71   Thumb Code   488  stm32g0xx_hal_rcc.o(.text.HAL_RCC_ClockConfig)
    HAL_RCC_GetPCLK1Freq                     0x08000c69   Thumb Code    28  stm32g0xx_hal_rcc.o(.text.HAL_RCC_GetPCLK1Freq)
    HAL_RCC_GetSysClockFreq                  0x08000c8d   Thumb Code   124  stm32g0xx_hal_rcc.o(.text.HAL_RCC_GetSysClockFreq)
    HAL_RCC_OscConfig                        0x08000d15   Thumb Code  1032  stm32g0xx_hal_rcc.o(.text.HAL_RCC_OscConfig)
    HAL_SYSCFG_StrobeDBattpinsConfig         0x0800113d   Thumb Code    16  stm32g0xx_hal.o(.text.HAL_SYSCFG_StrobeDBattpinsConfig)
    HAL_SYSTICK_Config                       0x08001151   Thumb Code    40  stm32g0xx_hal_cortex.o(.text.HAL_SYSTICK_Config)
    HAL_TIMEx_MasterConfigSynchronization    0x08001185   Thumb Code    96  stm32g0xx_hal_tim_ex.o(.text.HAL_TIMEx_MasterConfigSynchronization)
    HAL_TIM_Base_Init                        0x080011e5   Thumb Code   200  stm32g0xx_hal_tim.o(.text.HAL_TIM_Base_Init)
    HAL_TIM_Base_MspInit                     0x080012c1   Thumb Code    40  stm32g0xx_hal_msp.o(.text.HAL_TIM_Base_MspInit)
    HAL_TIM_Base_Start                       0x080012ed   Thumb Code    76  stm32g0xx_hal_tim.o(.text.HAL_TIM_Base_Start)
    HAL_TIM_ConfigClockSource                0x08001349   Thumb Code   312  stm32g0xx_hal_tim.o(.text.HAL_TIM_ConfigClockSource)
    HAL_UARTEx_DisableFifoMode               0x08001489   Thumb Code    54  stm32g0xx_hal_uart_ex.o(.text.HAL_UARTEx_DisableFifoMode)
    HAL_UARTEx_SetRxFifoThreshold            0x080014c1   Thumb Code   120  stm32g0xx_hal_uart_ex.o(.text.HAL_UARTEx_SetRxFifoThreshold)
    HAL_UARTEx_SetTxFifoThreshold            0x08001539   Thumb Code   120  stm32g0xx_hal_uart_ex.o(.text.HAL_UARTEx_SetTxFifoThreshold)
    HAL_UART_Init                            0x080015b9   Thumb Code   108  stm32g0xx_hal_uart.o(.text.HAL_UART_Init)
    HAL_UART_MspInit                         0x08001625   Thumb Code    80  stm32g0xx_hal_msp.o(.text.HAL_UART_MspInit)
    HardFault_Handler                        0x0800167d   Thumb Code     2  stm32g0xx_it.o(.text.HardFault_Handler)
    I2C1_IRQHandler                          0x08001681   Thumb Code    32  stm32g0xx_it.o(.text.I2C1_IRQHandler)
    NMI_Handler                              0x08002091   Thumb Code     2  stm32g0xx_it.o(.text.NMI_Handler)
    PendSV_Handler                           0x08002093   Thumb Code     2  stm32g0xx_it.o(.text.PendSV_Handler)
    SVC_Handler                              0x08002095   Thumb Code     2  stm32g0xx_it.o(.text.SVC_Handler)
    SysTick_Handler                          0x08002097   Thumb Code     8  stm32g0xx_it.o(.text.SysTick_Handler)
    SystemClock_Config                       0x0800209f   Thumb Code   198  main.o(.text.SystemClock_Config)
    SystemInit                               0x08002165   Thumb Code    12  system_stm32g0xx.o(.text.SystemInit)
    UART_AdvFeatureConfig                    0x08002175   Thumb Code   210  stm32g0xx_hal_uart.o(.text.UART_AdvFeatureConfig)
    UART_CheckIdleState                      0x08002249   Thumb Code   296  stm32g0xx_hal_uart.o(.text.UART_CheckIdleState)
    UART_SetConfig                           0x08002375   Thumb Code   340  stm32g0xx_hal_uart.o(.text.UART_SetConfig)
    i2cCom                                   0x080024fd   Thumb Code   252  main.o(.text.i2cCom)
    main                                     0x080025fd   Thumb Code   548  main.o(.text.main)
    __scatterload_copy                       0x08002849   Thumb Code    14  handlers.o(i.__scatterload_copy)
    __scatterload_null                       0x08002857   Thumb Code     2  handlers.o(i.__scatterload_null)
    __scatterload_zeroinit                   0x08002859   Thumb Code    14  handlers.o(i.__scatterload_zeroinit)
    AHBPrescTable                            0x08002868   Data          64  system_stm32g0xx.o(.rodata.AHBPrescTable)
    APBPrescTable                            0x080028a8   Data          32  system_stm32g0xx.o(.rodata.APBPrescTable)
    UARTPrescTable                           0x080028c8   Data          24  stm32g0xx_hal_uart.o(.rodata.UARTPrescTable)
    Region$$Table$$Base                      0x08002900   Number         0  anon$$obj.o(Region$$Table)
    Region$$Table$$Limit                     0x08002920   Number         0  anon$$obj.o(Region$$Table)
    uwTickFreq                               0x20000000   Data           1  stm32g0xx_hal.o(.data..L_MergedGlobals)
    uwTickPrio                               0x20000004   Data           4  stm32g0xx_hal.o(.data..L_MergedGlobals)
    SystemCoreClock                          0x20000008   Data           4  system_stm32g0xx.o(.data.SystemCoreClock)
    aTxBuffer                                0x2000000c   Data           4  main.o(.data.aTxBuffer)
    flagReceive                              0x20000010   Data           1  main.o(.bss..L_MergedGlobals)
    aRxBuffer                                0x20000011   Data           3  main.o(.bss..L_MergedGlobals)
    hi2c1                                    0x20000014   Data          76  main.o(.bss..L_MergedGlobals)
    htim1                                    0x20000060   Data          76  main.o(.bss.htim1)
    huart2                                   0x200000ac   Data         144  main.o(.bss.huart2)
    uwTick                                   0x2000013c   Data           4  stm32g0xx_hal.o(.bss.uwTick)
    __initial_sp                             0x20000540   Data           0  startup_stm32g070xx.o(STACK)



==============================================================================

Memory Map of the image

  Image Entry point : 0x080000b9

  Load Region LR_IROM1 (Base: 0x08000000, Size: 0x00002930, Max: 0x00020000, ABSOLUTE)

    Execution Region ER_IROM1 (Exec base: 0x08000000, Load base: 0x08000000, Size: 0x00002920, Max: 0x00020000, ABSOLUTE)

    Exec Addr    Load Addr    Size         Type   Attr      Idx    E Section Name        Object

    0x08000000   0x08000000   0x000000b8   Data   RO            3    RESET               startup_stm32g070xx.o
    0x080000b8   0x080000b8   0x00000000   Code   RO         1176  * .ARM.Collect$$$$00000000  mc_p.l(entry.o)
    0x080000b8   0x080000b8   0x00000004   Code   RO         1185    .ARM.Collect$$$$00000001  mc_p.l(entry2.o)
    0x080000bc   0x080000bc   0x00000004   Code   RO         1188    .ARM.Collect$$$$00000004  mc_p.l(entry5.o)
    0x080000c0   0x080000c0   0x00000000   Code   RO         1190    .ARM.Collect$$$$00000008  mc_p.l(entry7b.o)
    0x080000c0   0x080000c0   0x00000000   Code   RO         1192    .ARM.Collect$$$$0000000A  mc_p.l(entry8b.o)
    0x080000c0   0x080000c0   0x00000008   Code   RO         1193    .ARM.Collect$$$$0000000B  mc_p.l(entry9a.o)
    0x080000c8   0x080000c8   0x00000000   Code   RO         1195    .ARM.Collect$$$$0000000D  mc_p.l(entry10a.o)
    0x080000c8   0x080000c8   0x00000000   Code   RO         1197    .ARM.Collect$$$$0000000F  mc_p.l(entry11a.o)
    0x080000c8   0x080000c8   0x00000004   Code   RO         1186    .ARM.Collect$$$$00002712  mc_p.l(entry2.o)
    0x080000cc   0x080000cc   0x0000001c   Code   RO            4    .text               startup_stm32g070xx.o
    0x080000e8   0x080000e8   0x0000003e   Code   RO         1203    .text               mc_p.l(uidiv_div0.o)
    0x08000126   0x08000126   0x00000002   PAD
    0x08000128   0x08000128   0x00000024   Code   RO         1209    .text               mc_p.l(init.o)
    0x0800014c   0x0800014c   0x00000078   Code   RO          406    .text.HAL_DMA_Abort_IT  stm32g0xx_hal_dma.o
    0x080001c4   0x080001c4   0x00000006   Code   RO          416    .text.HAL_DMA_GetState  stm32g0xx_hal_dma.o
    0x080001ca   0x080001ca   0x00000002   PAD
    0x080001cc   0x080001cc   0x00000024   Code   RO          577    .text.HAL_Delay     stm32g0xx_hal.o
    0x080001f0   0x080001f0   0x000001b4   Code   RO          370    .text.HAL_GPIO_Init  stm32g0xx_hal_gpio.o
    0x080003a4   0x080003a4   0x0000000a   Code   RO          374    .text.HAL_GPIO_ReadPin  stm32g0xx_hal_gpio.o
    0x080003ae   0x080003ae   0x00000010   Code   RO          378    .text.HAL_GPIO_TogglePin  stm32g0xx_hal_gpio.o
    0x080003be   0x080003be   0x00000010   Code   RO          376    .text.HAL_GPIO_WritePin  stm32g0xx_hal_gpio.o
    0x080003ce   0x080003ce   0x00000002   PAD
    0x080003d0   0x080003d0   0x00000008   Code   RO          569    .text.HAL_GetTick   stm32g0xx_hal.o
    0x080003d8   0x080003d8   0x00000044   Code   RO          236    .text.HAL_I2CEx_ConfigAnalogFilter  stm32g0xx_hal_i2c_ex.o
    0x0800041c   0x0800041c   0x00000044   Code   RO          238    .text.HAL_I2CEx_ConfigDigitalFilter  stm32g0xx_hal_i2c_ex.o
    0x08000460   0x08000460   0x00000002   Code   RO          208    .text.HAL_I2C_AbortCpltCallback  stm32g0xx_hal_i2c.o
    0x08000462   0x08000462   0x00000002   Code   RO          198    .text.HAL_I2C_AddrCallback  stm32g0xx_hal_i2c.o
    0x08000464   0x08000464   0x00000082   Code   RO          186    .text.HAL_I2C_ER_IRQHandler  stm32g0xx_hal_i2c.o
    0x080004e6   0x080004e6   0x00000012   Code   RO          184    .text.HAL_I2C_EV_IRQHandler  stm32g0xx_hal_i2c.o
    0x080004f8   0x080004f8   0x00000020   Code   RO           27    .text.HAL_I2C_ErrorCallback  main.o
    0x08000518   0x08000518   0x00000004   Code   RO          214    .text.HAL_I2C_GetError  stm32g0xx_hal_i2c.o
    0x0800051c   0x0800051c   0x00000006   Code   RO          210    .text.HAL_I2C_GetState  stm32g0xx_hal_i2c.o
    0x08000522   0x08000522   0x00000002   PAD
    0x08000524   0x08000524   0x000000a8   Code   RO           84    .text.HAL_I2C_Init  stm32g0xx_hal_i2c.o
    0x080005cc   0x080005cc   0x00000002   Code   RO          200    .text.HAL_I2C_ListenCpltCallback  stm32g0xx_hal_i2c.o
    0x080005ce   0x080005ce   0x00000002   PAD
    0x080005d0   0x080005d0   0x00000018   Code   RO           25    .text.HAL_I2C_MasterRxCpltCallback  main.o
    0x080005e8   0x080005e8   0x0000000e   Code   RO           23    .text.HAL_I2C_MasterTxCpltCallback  main.o
    0x080005f6   0x080005f6   0x00000002   PAD
    0x080005f8   0x080005f8   0x00000074   Code   RO          112    .text.HAL_I2C_Master_Receive_IT  stm32g0xx_hal_i2c.o
    0x0800066c   0x0800066c   0x00000084   Code   RO          108    .text.HAL_I2C_Master_Transmit_IT  stm32g0xx_hal_i2c.o
    0x080006f0   0x080006f0   0x00000002   Code   RO          204    .text.HAL_I2C_MemRxCpltCallback  stm32g0xx_hal_i2c.o
    0x080006f2   0x080006f2   0x00000002   Code   RO          202    .text.HAL_I2C_MemTxCpltCallback  stm32g0xx_hal_i2c.o
    0x080006f4   0x080006f4   0x00000070   Code   RO           64    .text.HAL_I2C_MspInit  stm32g0xx_hal_msp.o
    0x08000764   0x08000764   0x00000002   Code   RO          196    .text.HAL_I2C_SlaveRxCpltCallback  stm32g0xx_hal_i2c.o
    0x08000766   0x08000766   0x00000002   Code   RO          194    .text.HAL_I2C_SlaveTxCpltCallback  stm32g0xx_hal_i2c.o
    0x08000768   0x08000768   0x00000014   Code   RO          567    .text.HAL_IncTick   stm32g0xx_hal.o
    0x0800077c   0x0800077c   0x0000002c   Code   RO          557    .text.HAL_Init      stm32g0xx_hal.o
    0x080007a8   0x080007a8   0x00000044   Code   RO          559    .text.HAL_InitTick  stm32g0xx_hal.o
    0x080007ec   0x080007ec   0x00000038   Code   RO           62    .text.HAL_MspInit   stm32g0xx_hal_msp.o
    0x08000824   0x08000824   0x00000018   Code   RO          521    .text.HAL_NVIC_EnableIRQ  stm32g0xx_hal_cortex.o
    0x0800083c   0x0800083c   0x00000040   Code   RO          519    .text.HAL_NVIC_SetPriority  stm32g0xx_hal_cortex.o
    0x0800087c   0x0800087c   0x00000080   Code   RO          505    .text.HAL_PWREx_ControlVoltageScaling  stm32g0xx_hal_pwr_ex.o
    0x080008fc   0x080008fc   0x00000174   Code   RO          294    .text.HAL_RCCEx_PeriphCLKConfig  stm32g0xx_hal_rcc_ex.o
    0x08000a70   0x08000a70   0x000001f8   Code   RO          260    .text.HAL_RCC_ClockConfig  stm32g0xx_hal_rcc.o
    0x08000c68   0x08000c68   0x00000024   Code   RO          268    .text.HAL_RCC_GetPCLK1Freq  stm32g0xx_hal_rcc.o
    0x08000c8c   0x08000c8c   0x00000088   Code   RO          262    .text.HAL_RCC_GetSysClockFreq  stm32g0xx_hal_rcc.o
    0x08000d14   0x08000d14   0x00000428   Code   RO          258    .text.HAL_RCC_OscConfig  stm32g0xx_hal_rcc.o
    0x0800113c   0x0800113c   0x00000014   Code   RO          611    .text.HAL_SYSCFG_StrobeDBattpinsConfig  stm32g0xx_hal.o
    0x08001150   0x08001150   0x00000034   Code   RO          527    .text.HAL_SYSTICK_Config  stm32g0xx_hal_cortex.o
    0x08001184   0x08001184   0x00000060   Code   RO          943    .text.HAL_TIMEx_MasterConfigSynchronization  stm32g0xx_hal_tim_ex.o
    0x080011e4   0x080011e4   0x000000dc   Code   RO          649    .text.HAL_TIM_Base_Init  stm32g0xx_hal_tim.o
    0x080012c0   0x080012c0   0x0000002c   Code   RO           68    .text.HAL_TIM_Base_MspInit  stm32g0xx_hal_msp.o
    0x080012ec   0x080012ec   0x0000005c   Code   RO          659    .text.HAL_TIM_Base_Start  stm32g0xx_hal_tim.o
    0x08001348   0x08001348   0x00000140   Code   RO          829    .text.HAL_TIM_ConfigClockSource  stm32g0xx_hal_tim.o
    0x08001488   0x08001488   0x00000036   Code   RO         1141    .text.HAL_UARTEx_DisableFifoMode  stm32g0xx_hal_uart_ex.o
    0x080014be   0x080014be   0x00000002   PAD
    0x080014c0   0x080014c0   0x00000078   Code   RO         1145    .text.HAL_UARTEx_SetRxFifoThreshold  stm32g0xx_hal_uart_ex.o
    0x08001538   0x08001538   0x00000080   Code   RO         1143    .text.HAL_UARTEx_SetTxFifoThreshold  stm32g0xx_hal_uart_ex.o
    0x080015b8   0x080015b8   0x0000006c   Code   RO          979    .text.HAL_UART_Init  stm32g0xx_hal_uart.o
    0x08001624   0x08001624   0x00000058   Code   RO           72    .text.HAL_UART_MspInit  stm32g0xx_hal_msp.o
    0x0800167c   0x0800167c   0x00000002   Code   RO           45    .text.HardFault_Handler  stm32g0xx_it.o
    0x0800167e   0x0800167e   0x00000002   PAD
    0x08001680   0x08001680   0x00000024   Code   RO           53    .text.I2C1_IRQHandler  stm32g0xx_it.o
    0x080016a4   0x080016a4   0x0000003e   Code   RO          170    .text.I2C_DMAAbort  stm32g0xx_hal_i2c.o
    0x080016e2   0x080016e2   0x00000002   PAD
    0x080016e4   0x080016e4   0x000000a8   Code   RO          224    .text.I2C_ITAddrCplt  stm32g0xx_hal_i2c.o
    0x0800178c   0x0800178c   0x00000130   Code   RO          188    .text.I2C_ITError   stm32g0xx_hal_i2c.o
    0x080018bc   0x080018bc   0x00000108   Code   RO          218    .text.I2C_ITMasterCplt  stm32g0xx_hal_i2c.o
    0x080019c4   0x080019c4   0x00000064   Code   RO          216    .text.I2C_ITMasterSeqCplt  stm32g0xx_hal_i2c.o
    0x08001a28   0x08001a28   0x00000204   Code   RO          220    .text.I2C_ITSlaveCplt  stm32g0xx_hal_i2c.o
    0x08001c2c   0x08001c2c   0x00000084   Code   RO          222    .text.I2C_ITSlaveSeqCplt  stm32g0xx_hal_i2c.o
    0x08001cb0   0x08001cb0   0x0000017c   Code   RO          110    .text.I2C_Master_ISR_IT  stm32g0xx_hal_i2c.o
    0x08001e2c   0x08001e2c   0x00000264   Code   RO          116    .text.I2C_Slave_ISR_IT  stm32g0xx_hal_i2c.o
    0x08002090   0x08002090   0x00000002   Code   RO           43    .text.NMI_Handler   stm32g0xx_it.o
    0x08002092   0x08002092   0x00000002   Code   RO           49    .text.PendSV_Handler  stm32g0xx_it.o
    0x08002094   0x08002094   0x00000002   Code   RO           47    .text.SVC_Handler   stm32g0xx_it.o
    0x08002096   0x08002096   0x00000008   Code   RO           51    .text.SysTick_Handler  stm32g0xx_it.o
    0x0800209e   0x0800209e   0x000000c6   Code   RO           17    .text.SystemClock_Config  main.o
    0x08002164   0x08002164   0x00000010   Code   RO         1162    .text.SystemInit    system_stm32g0xx.o
    0x08002174   0x08002174   0x000000d2   Code   RO          985    .text.UART_AdvFeatureConfig  stm32g0xx_hal_uart.o
    0x08002246   0x08002246   0x00000002   PAD
    0x08002248   0x08002248   0x0000012c   Code   RO          987    .text.UART_CheckIdleState  stm32g0xx_hal_uart.o
    0x08002374   0x08002374   0x00000188   Code   RO          983    .text.UART_SetConfig  stm32g0xx_hal_uart.o
    0x080024fc   0x080024fc   0x00000100   Code   RO           11    .text.i2cCom        main.o
    0x080025fc   0x080025fc   0x0000024c   Code   RO           15    .text.main          main.o
    0x08002848   0x08002848   0x0000000e   Code   RO         1213    i.__scatterload_copy  mc_p.l(handlers.o)
    0x08002856   0x08002856   0x00000002   Code   RO         1214    i.__scatterload_null  mc_p.l(handlers.o)
    0x08002858   0x08002858   0x0000000e   Code   RO         1215    i.__scatterload_zeroinit  mc_p.l(handlers.o)
    0x08002866   0x08002866   0x00000002   PAD
    0x08002868   0x08002868   0x00000040   Data   RO         1167    .rodata.AHBPrescTable  system_stm32g0xx.o
    0x080028a8   0x080028a8   0x00000020   Data   RO         1168    .rodata.APBPrescTable  system_stm32g0xx.o
    0x080028c8   0x080028c8   0x00000018   Data   RO         1113    .rodata.UARTPrescTable  stm32g0xx_hal_uart.o
    0x080028e0   0x080028e0   0x00000010   Data   RO         1114    .rodata.cst16       stm32g0xx_hal_uart.o
    0x080028f0   0x080028f0   0x00000010   Data   RO         1153    .rodata.cst8        stm32g0xx_hal_uart_ex.o
    0x08002900   0x08002900   0x00000020   Data   RO         1212    Region$$Table       anon$$obj.o


    Execution Region RW_IRAM1 (Exec base: 0x20000000, Load base: 0x08002920, Size: 0x00000540, Max: 0x00009000, ABSOLUTE)

    Exec Addr    Load Addr    Size         Type   Attr      Idx    E Section Name        Object

    0x20000000   0x08002920   0x00000008   Data   RW          614    .data..L_MergedGlobals  stm32g0xx_hal.o
    0x20000008   0x08002928   0x00000004   Data   RW         1166    .data.SystemCoreClock  system_stm32g0xx.o
    0x2000000c   0x0800292c   0x00000004   Data   RW           29    .data.aTxBuffer     main.o
    0x20000010        -       0x00000050   Zero   RW           34    .bss..L_MergedGlobals  main.o
    0x20000060        -       0x0000004c   Zero   RW           31    .bss.htim1          main.o
    0x200000ac        -       0x00000090   Zero   RW           32    .bss.huart2         main.o
    0x2000013c        -       0x00000004   Zero   RW          613    .bss.uwTick         stm32g0xx_hal.o
    0x20000140        -       0x00000400   Zero   RW            1    STACK               startup_stm32g070xx.o


==============================================================================

Image component sizes


      Code (inc. data)   RO Data    RW Data    ZI Data      Debug   Object Name

      1112         48          0          4        300      12632   main.o
        28          8        184          0       1024        636   startup_stm32g070xx.o
       196         20          0          8          4       6637   stm32g0xx_hal.o
       140         24          0          0          0       6644   stm32g0xx_hal_cortex.o
       126          8          0          0          0       9393   stm32g0xx_hal_dma.o
       478         24          0          0          0       4851   stm32g0xx_hal_gpio.o
      3126        104          0          0          0      61265   stm32g0xx_hal_i2c.o
       136          0          0          0          0       5994   stm32g0xx_hal_i2c_ex.o
       300         24          0          0          0      10017   stm32g0xx_hal_msp.o
       128         12          0          0          0       4979   stm32g0xx_hal_pwr_ex.o
      1740         84          0          0          0       9034   stm32g0xx_hal_rcc.o
       372         16          0          0          0       6331   stm32g0xx_hal_rcc_ex.o
       632         44          0          0          0      65999   stm32g0xx_hal_tim.o
        96          0          0          0          0      25391   stm32g0xx_hal_tim_ex.o
      1010         76         40          0          0      29048   stm32g0xx_hal_uart.o
       302          8         16          0          0      11077   stm32g0xx_hal_uart_ex.o
        52          4          0          0          0       1667   stm32g0xx_it.o
        16          4         96          4          0       2235   system_stm32g0xx.o

    ----------------------------------------------------------------------
     10008        508        368         16       1328     273830   Object Totals
         0          0         32          0          0          0   (incl. Generated)
        18          0          0          0          0          0   (incl. Padding)

    ----------------------------------------------------------------------

      Code (inc. data)   RO Data    RW Data    ZI Data      Debug   Library Member Name

         0          0          0          0          0          0   entry.o
         0          0          0          0          0          0   entry10a.o
         0          0          0          0          0          0   entry11a.o
         8          4          0          0          0          0   entry2.o
         4          0          0          0          0          0   entry5.o
         0          0          0          0          0          0   entry7b.o
         0          0          0          0          0          0   entry8b.o
         8          4          0          0          0          0   entry9a.o
        30          0          0          0          0          0   handlers.o
        36          8          0          0          0         68   init.o
        62          0          0          0          0         72   uidiv_div0.o

    ----------------------------------------------------------------------
       152         16          0          0          0        140   Library Totals
         4          0          0          0          0          0   (incl. Padding)

    ----------------------------------------------------------------------

      Code (inc. data)   RO Data    RW Data    ZI Data      Debug   Library Name

       148         16          0          0          0        140   mc_p.l

    ----------------------------------------------------------------------
       152         16          0          0          0        140   Library Totals

    ----------------------------------------------------------------------

==============================================================================


      Code (inc. data)   RO Data    RW Data    ZI Data      Debug   

     10160        524        368         16       1328     273802   Grand Totals
     10160        524        368         16       1328     273802   ELF Image Totals
     10160        524        368         16          0          0   ROM Totals

==============================================================================

    Total RO  Size (Code + RO Data)                10528 (  10.28kB)
    Total RW  Size (RW Data + ZI Data)              1344 (   1.31kB)
    Total ROM Size (Code + RO Data + RW Data)      10544 (  10.30kB)

==============================================================================

