<!doctype html public "-//w3c//dtd html 4.0 transitional//en">
<html><head>
<title>Static Call Graph - [Nucleo G031 UART to Monitor\Nucleo G031 UART to Monitor.axf]</title></head>
<body><HR>
<H1>Static Call Graph for image Nucleo G031 UART to Monitor\Nucleo G031 UART to Monitor.axf</H1><HR>
<BR><P>#&#060CALLGRAPH&#062# ARM Linker, 6180002: Last Updated: Fri Sep  9 14:20:51 2022
<BR><P>
<H3>Maximum Stack Usage =        240 bytes + Unknown(Cycles, Untraceable Function Pointers)</H3><H3>
Call chain for Maximum Stack Depth:</H3>
main &rArr; HAL_UART_Init &rArr; HAL_UART_MspInit &rArr; HAL_GPIO_Init
<P>
<H3>
Mutually Recursive functions
</H3> <LI><a href="#[11]">ADC1_IRQHandler</a>&nbsp;&nbsp;&nbsp;&rArr;&nbsp;&nbsp;&nbsp;<a href="#[11]">ADC1_IRQHandler</a><BR>
 <LI><a href="#[2]">HardFault_Handler</a>&nbsp;&nbsp;&nbsp;&rArr;&nbsp;&nbsp;&nbsp;<a href="#[2]">HardFault_Handler</a><BR>
 <LI><a href="#[1]">NMI_Handler</a>&nbsp;&nbsp;&nbsp;&rArr;&nbsp;&nbsp;&nbsp;<a href="#[1]">NMI_Handler</a><BR>
</UL>
<P>
<H3>
Function Pointers
</H3><UL>
 <LI><a href="#[11]">ADC1_IRQHandler</a> from startup_stm32g031xx.o(.text) referenced from startup_stm32g031xx.o(RESET)
 <LI><a href="#[10]">DMA1_Ch4_5_DMAMUX1_OVR_IRQHandler</a> from startup_stm32g031xx.o(.text) referenced from startup_stm32g031xx.o(RESET)
 <LI><a href="#[e]">DMA1_Channel1_IRQHandler</a> from startup_stm32g031xx.o(.text) referenced from startup_stm32g031xx.o(RESET)
 <LI><a href="#[f]">DMA1_Channel2_3_IRQHandler</a> from startup_stm32g031xx.o(.text) referenced from startup_stm32g031xx.o(RESET)
 <LI><a href="#[b]">EXTI0_1_IRQHandler</a> from startup_stm32g031xx.o(.text) referenced from startup_stm32g031xx.o(RESET)
 <LI><a href="#[c]">EXTI2_3_IRQHandler</a> from startup_stm32g031xx.o(.text) referenced from startup_stm32g031xx.o(RESET)
 <LI><a href="#[d]">EXTI4_15_IRQHandler</a> from startup_stm32g031xx.o(.text) referenced from startup_stm32g031xx.o(RESET)
 <LI><a href="#[9]">FLASH_IRQHandler</a> from startup_stm32g031xx.o(.text) referenced from startup_stm32g031xx.o(RESET)
 <LI><a href="#[2]">HardFault_Handler</a> from stm32g0xx_it.o(.text.HardFault_Handler) referenced from startup_stm32g031xx.o(RESET)
 <LI><a href="#[1b]">I2C1_IRQHandler</a> from startup_stm32g031xx.o(.text) referenced from startup_stm32g031xx.o(RESET)
 <LI><a href="#[1c]">I2C2_IRQHandler</a> from startup_stm32g031xx.o(.text) referenced from startup_stm32g031xx.o(RESET)
 <LI><a href="#[16]">LPTIM1_IRQHandler</a> from startup_stm32g031xx.o(.text) referenced from startup_stm32g031xx.o(RESET)
 <LI><a href="#[17]">LPTIM2_IRQHandler</a> from startup_stm32g031xx.o(.text) referenced from startup_stm32g031xx.o(RESET)
 <LI><a href="#[21]">LPUART1_IRQHandler</a> from startup_stm32g031xx.o(.text) referenced from startup_stm32g031xx.o(RESET)
 <LI><a href="#[1]">NMI_Handler</a> from stm32g0xx_it.o(.text.NMI_Handler) referenced from startup_stm32g031xx.o(RESET)
 <LI><a href="#[7]">PVD_IRQHandler</a> from startup_stm32g031xx.o(.text) referenced from startup_stm32g031xx.o(RESET)
 <LI><a href="#[4]">PendSV_Handler</a> from stm32g0xx_it.o(.text.PendSV_Handler) referenced from startup_stm32g031xx.o(RESET)
 <LI><a href="#[a]">RCC_IRQHandler</a> from startup_stm32g031xx.o(.text) referenced from startup_stm32g031xx.o(RESET)
 <LI><a href="#[8]">RTC_TAMP_IRQHandler</a> from startup_stm32g031xx.o(.text) referenced from startup_stm32g031xx.o(RESET)
 <LI><a href="#[0]">Reset_Handler</a> from startup_stm32g031xx.o(.text) referenced from startup_stm32g031xx.o(RESET)
 <LI><a href="#[1d]">SPI1_IRQHandler</a> from startup_stm32g031xx.o(.text) referenced from startup_stm32g031xx.o(RESET)
 <LI><a href="#[1e]">SPI2_IRQHandler</a> from startup_stm32g031xx.o(.text) referenced from startup_stm32g031xx.o(RESET)
 <LI><a href="#[3]">SVC_Handler</a> from stm32g0xx_it.o(.text.SVC_Handler) referenced from startup_stm32g031xx.o(RESET)
 <LI><a href="#[5]">SysTick_Handler</a> from stm32g0xx_it.o(.text.SysTick_Handler) referenced from startup_stm32g031xx.o(RESET)
 <LI><a href="#[23]">SystemInit</a> from system_stm32g0xx.o(.text.SystemInit) referenced from startup_stm32g031xx.o(.text)
 <LI><a href="#[18]">TIM14_IRQHandler</a> from startup_stm32g031xx.o(.text) referenced from startup_stm32g031xx.o(RESET)
 <LI><a href="#[19]">TIM16_IRQHandler</a> from startup_stm32g031xx.o(.text) referenced from startup_stm32g031xx.o(RESET)
 <LI><a href="#[1a]">TIM17_IRQHandler</a> from startup_stm32g031xx.o(.text) referenced from startup_stm32g031xx.o(RESET)
 <LI><a href="#[12]">TIM1_BRK_UP_TRG_COM_IRQHandler</a> from startup_stm32g031xx.o(.text) referenced from startup_stm32g031xx.o(RESET)
 <LI><a href="#[13]">TIM1_CC_IRQHandler</a> from startup_stm32g031xx.o(.text) referenced from startup_stm32g031xx.o(RESET)
 <LI><a href="#[14]">TIM2_IRQHandler</a> from startup_stm32g031xx.o(.text) referenced from startup_stm32g031xx.o(RESET)
 <LI><a href="#[15]">TIM3_IRQHandler</a> from startup_stm32g031xx.o(.text) referenced from startup_stm32g031xx.o(RESET)
 <LI><a href="#[25]">UART_DMAAbortOnError</a> from stm32g0xx_hal_uart.o(.text.UART_DMAAbortOnError) referenced from stm32g0xx_hal_uart.o(.text.HAL_UART_IRQHandler)
 <LI><a href="#[2a]">UART_RxISR_16BIT</a> from stm32g0xx_hal_uart.o(.text.UART_RxISR_16BIT) referenced from stm32g0xx_hal_uart.o(.text.UART_RxISR_16BIT_FIFOEN)
 <LI><a href="#[2a]">UART_RxISR_16BIT</a> from stm32g0xx_hal_uart.o(.text.UART_RxISR_16BIT) referenced from stm32g0xx_hal_uart.o(.text.UART_Start_Receive_IT)
 <LI><a href="#[2b]">UART_RxISR_16BIT_FIFOEN</a> from stm32g0xx_hal_uart.o(.text.UART_RxISR_16BIT_FIFOEN) referenced from stm32g0xx_hal_uart.o(.text.UART_Start_Receive_IT)
 <LI><a href="#[2d]">UART_RxISR_8BIT</a> from stm32g0xx_hal_uart.o(.text.UART_RxISR_8BIT) referenced from stm32g0xx_hal_uart.o(.text.UART_Start_Receive_IT)
 <LI><a href="#[2c]">UART_RxISR_8BIT_FIFOEN</a> from stm32g0xx_hal_uart.o(.text.UART_RxISR_8BIT_FIFOEN) referenced from stm32g0xx_hal_uart.o(.text.UART_Start_Receive_IT)
 <LI><a href="#[26]">UART_TxISR_16BIT</a> from stm32g0xx_hal_uart.o(.text.UART_TxISR_16BIT) referenced from stm32g0xx_hal_uart.o(.text.HAL_UART_Transmit_IT)
 <LI><a href="#[28]">UART_TxISR_16BIT_FIFOEN</a> from stm32g0xx_hal_uart.o(.text.UART_TxISR_16BIT_FIFOEN) referenced from stm32g0xx_hal_uart.o(.text.HAL_UART_Transmit_IT)
 <LI><a href="#[27]">UART_TxISR_8BIT</a> from stm32g0xx_hal_uart.o(.text.UART_TxISR_8BIT) referenced from stm32g0xx_hal_uart.o(.text.HAL_UART_Transmit_IT)
 <LI><a href="#[29]">UART_TxISR_8BIT_FIFOEN</a> from stm32g0xx_hal_uart.o(.text.UART_TxISR_8BIT_FIFOEN) referenced from stm32g0xx_hal_uart.o(.text.HAL_UART_Transmit_IT)
 <LI><a href="#[1f]">USART1_IRQHandler</a> from stm32g0xx_it.o(.text.USART1_IRQHandler) referenced from startup_stm32g031xx.o(RESET)
 <LI><a href="#[20]">USART2_IRQHandler</a> from stm32g0xx_it.o(.text.USART2_IRQHandler) referenced from startup_stm32g031xx.o(RESET)
 <LI><a href="#[6]">WWDG_IRQHandler</a> from startup_stm32g031xx.o(.text) referenced from startup_stm32g031xx.o(RESET)
 <LI><a href="#[24]">__main</a> from entry.o(.ARM.Collect$$$$00000000) referenced from startup_stm32g031xx.o(.text)
 <LI><a href="#[2e]">_sputc</a> from printf2.o(i._sputc) referenced from printf2.o(i.__0sprintf$2)
 <LI><a href="#[22]">main</a> from main.o(.text.main) referenced from entry9a.o(.ARM.Collect$$$$0000000B)
</UL>
<P>
<H3>
Global Symbols
</H3>
<P><STRONG><a name="[24]"></a>__main</STRONG> (Thumb, 0 bytes, Stack size unknown bytes, entry.o(.ARM.Collect$$$$00000000))
<BR>[Address Reference Count : 1]<UL><LI> startup_stm32g031xx.o(.text)
</UL>
<P><STRONG><a name="[68]"></a>_main_stk</STRONG> (Thumb, 0 bytes, Stack size unknown bytes, entry2.o(.ARM.Collect$$$$00000001))

<P><STRONG><a name="[2f]"></a>_main_scatterload</STRONG> (Thumb, 0 bytes, Stack size unknown bytes, entry5.o(.ARM.Collect$$$$00000004))
<BR><BR>[Calls]<UL><LI><a href="#[30]">&gt;&gt;</a>&nbsp;&nbsp;&nbsp;__scatterload
</UL>

<P><STRONG><a name="[37]"></a>__main_after_scatterload</STRONG> (Thumb, 0 bytes, Stack size unknown bytes, entry5.o(.ARM.Collect$$$$00000004))
<BR><BR>[Called By]<UL><LI><a href="#[30]">&gt;&gt;</a>&nbsp;&nbsp;&nbsp;__scatterload
</UL>

<P><STRONG><a name="[69]"></a>_main_clock</STRONG> (Thumb, 0 bytes, Stack size unknown bytes, entry7b.o(.ARM.Collect$$$$00000008))

<P><STRONG><a name="[6a]"></a>_main_cpp_init</STRONG> (Thumb, 0 bytes, Stack size unknown bytes, entry8b.o(.ARM.Collect$$$$0000000A))

<P><STRONG><a name="[6b]"></a>_main_init</STRONG> (Thumb, 0 bytes, Stack size unknown bytes, entry9a.o(.ARM.Collect$$$$0000000B))

<P><STRONG><a name="[6c]"></a>__rt_final_cpp</STRONG> (Thumb, 0 bytes, Stack size unknown bytes, entry10a.o(.ARM.Collect$$$$0000000D))

<P><STRONG><a name="[6d]"></a>__rt_final_exit</STRONG> (Thumb, 0 bytes, Stack size unknown bytes, entry11a.o(.ARM.Collect$$$$0000000F))

<P><STRONG><a name="[0]"></a>Reset_Handler</STRONG> (Thumb, 8 bytes, Stack size 0 bytes, startup_stm32g031xx.o(.text))
<BR>[Address Reference Count : 1]<UL><LI> startup_stm32g031xx.o(RESET)
</UL>
<P><STRONG><a name="[11]"></a>ADC1_IRQHandler</STRONG> (Thumb, 0 bytes, Stack size 0 bytes, startup_stm32g031xx.o(.text))
<BR><BR>[Calls]<UL><LI><a href="#[11]">&gt;&gt;</a>&nbsp;&nbsp;&nbsp;ADC1_IRQHandler
</UL>
<BR>[Called By]<UL><LI><a href="#[11]">&gt;&gt;</a>&nbsp;&nbsp;&nbsp;ADC1_IRQHandler
</UL>
<BR>[Address Reference Count : 1]<UL><LI> startup_stm32g031xx.o(RESET)
</UL>
<P><STRONG><a name="[10]"></a>DMA1_Ch4_5_DMAMUX1_OVR_IRQHandler</STRONG> (Thumb, 0 bytes, Stack size 0 bytes, startup_stm32g031xx.o(.text))
<BR>[Address Reference Count : 1]<UL><LI> startup_stm32g031xx.o(RESET)
</UL>
<P><STRONG><a name="[e]"></a>DMA1_Channel1_IRQHandler</STRONG> (Thumb, 0 bytes, Stack size 0 bytes, startup_stm32g031xx.o(.text))
<BR>[Address Reference Count : 1]<UL><LI> startup_stm32g031xx.o(RESET)
</UL>
<P><STRONG><a name="[f]"></a>DMA1_Channel2_3_IRQHandler</STRONG> (Thumb, 0 bytes, Stack size 0 bytes, startup_stm32g031xx.o(.text))
<BR>[Address Reference Count : 1]<UL><LI> startup_stm32g031xx.o(RESET)
</UL>
<P><STRONG><a name="[b]"></a>EXTI0_1_IRQHandler</STRONG> (Thumb, 0 bytes, Stack size 0 bytes, startup_stm32g031xx.o(.text))
<BR>[Address Reference Count : 1]<UL><LI> startup_stm32g031xx.o(RESET)
</UL>
<P><STRONG><a name="[c]"></a>EXTI2_3_IRQHandler</STRONG> (Thumb, 0 bytes, Stack size 0 bytes, startup_stm32g031xx.o(.text))
<BR>[Address Reference Count : 1]<UL><LI> startup_stm32g031xx.o(RESET)
</UL>
<P><STRONG><a name="[d]"></a>EXTI4_15_IRQHandler</STRONG> (Thumb, 0 bytes, Stack size 0 bytes, startup_stm32g031xx.o(.text))
<BR>[Address Reference Count : 1]<UL><LI> startup_stm32g031xx.o(RESET)
</UL>
<P><STRONG><a name="[9]"></a>FLASH_IRQHandler</STRONG> (Thumb, 0 bytes, Stack size 0 bytes, startup_stm32g031xx.o(.text))
<BR>[Address Reference Count : 1]<UL><LI> startup_stm32g031xx.o(RESET)
</UL>
<P><STRONG><a name="[1b]"></a>I2C1_IRQHandler</STRONG> (Thumb, 0 bytes, Stack size 0 bytes, startup_stm32g031xx.o(.text))
<BR>[Address Reference Count : 1]<UL><LI> startup_stm32g031xx.o(RESET)
</UL>
<P><STRONG><a name="[1c]"></a>I2C2_IRQHandler</STRONG> (Thumb, 0 bytes, Stack size 0 bytes, startup_stm32g031xx.o(.text))
<BR>[Address Reference Count : 1]<UL><LI> startup_stm32g031xx.o(RESET)
</UL>
<P><STRONG><a name="[16]"></a>LPTIM1_IRQHandler</STRONG> (Thumb, 0 bytes, Stack size 0 bytes, startup_stm32g031xx.o(.text))
<BR>[Address Reference Count : 1]<UL><LI> startup_stm32g031xx.o(RESET)
</UL>
<P><STRONG><a name="[17]"></a>LPTIM2_IRQHandler</STRONG> (Thumb, 0 bytes, Stack size 0 bytes, startup_stm32g031xx.o(.text))
<BR>[Address Reference Count : 1]<UL><LI> startup_stm32g031xx.o(RESET)
</UL>
<P><STRONG><a name="[21]"></a>LPUART1_IRQHandler</STRONG> (Thumb, 0 bytes, Stack size 0 bytes, startup_stm32g031xx.o(.text))
<BR>[Address Reference Count : 1]<UL><LI> startup_stm32g031xx.o(RESET)
</UL>
<P><STRONG><a name="[7]"></a>PVD_IRQHandler</STRONG> (Thumb, 0 bytes, Stack size 0 bytes, startup_stm32g031xx.o(.text))
<BR>[Address Reference Count : 1]<UL><LI> startup_stm32g031xx.o(RESET)
</UL>
<P><STRONG><a name="[a]"></a>RCC_IRQHandler</STRONG> (Thumb, 0 bytes, Stack size 0 bytes, startup_stm32g031xx.o(.text))
<BR>[Address Reference Count : 1]<UL><LI> startup_stm32g031xx.o(RESET)
</UL>
<P><STRONG><a name="[8]"></a>RTC_TAMP_IRQHandler</STRONG> (Thumb, 0 bytes, Stack size 0 bytes, startup_stm32g031xx.o(.text))
<BR>[Address Reference Count : 1]<UL><LI> startup_stm32g031xx.o(RESET)
</UL>
<P><STRONG><a name="[1d]"></a>SPI1_IRQHandler</STRONG> (Thumb, 0 bytes, Stack size 0 bytes, startup_stm32g031xx.o(.text))
<BR>[Address Reference Count : 1]<UL><LI> startup_stm32g031xx.o(RESET)
</UL>
<P><STRONG><a name="[1e]"></a>SPI2_IRQHandler</STRONG> (Thumb, 0 bytes, Stack size 0 bytes, startup_stm32g031xx.o(.text))
<BR>[Address Reference Count : 1]<UL><LI> startup_stm32g031xx.o(RESET)
</UL>
<P><STRONG><a name="[18]"></a>TIM14_IRQHandler</STRONG> (Thumb, 0 bytes, Stack size 0 bytes, startup_stm32g031xx.o(.text))
<BR>[Address Reference Count : 1]<UL><LI> startup_stm32g031xx.o(RESET)
</UL>
<P><STRONG><a name="[19]"></a>TIM16_IRQHandler</STRONG> (Thumb, 0 bytes, Stack size 0 bytes, startup_stm32g031xx.o(.text))
<BR>[Address Reference Count : 1]<UL><LI> startup_stm32g031xx.o(RESET)
</UL>
<P><STRONG><a name="[1a]"></a>TIM17_IRQHandler</STRONG> (Thumb, 0 bytes, Stack size 0 bytes, startup_stm32g031xx.o(.text))
<BR>[Address Reference Count : 1]<UL><LI> startup_stm32g031xx.o(RESET)
</UL>
<P><STRONG><a name="[12]"></a>TIM1_BRK_UP_TRG_COM_IRQHandler</STRONG> (Thumb, 0 bytes, Stack size 0 bytes, startup_stm32g031xx.o(.text))
<BR>[Address Reference Count : 1]<UL><LI> startup_stm32g031xx.o(RESET)
</UL>
<P><STRONG><a name="[13]"></a>TIM1_CC_IRQHandler</STRONG> (Thumb, 0 bytes, Stack size 0 bytes, startup_stm32g031xx.o(.text))
<BR>[Address Reference Count : 1]<UL><LI> startup_stm32g031xx.o(RESET)
</UL>
<P><STRONG><a name="[14]"></a>TIM2_IRQHandler</STRONG> (Thumb, 0 bytes, Stack size 0 bytes, startup_stm32g031xx.o(.text))
<BR>[Address Reference Count : 1]<UL><LI> startup_stm32g031xx.o(RESET)
</UL>
<P><STRONG><a name="[15]"></a>TIM3_IRQHandler</STRONG> (Thumb, 0 bytes, Stack size 0 bytes, startup_stm32g031xx.o(.text))
<BR>[Address Reference Count : 1]<UL><LI> startup_stm32g031xx.o(RESET)
</UL>
<P><STRONG><a name="[6]"></a>WWDG_IRQHandler</STRONG> (Thumb, 0 bytes, Stack size 0 bytes, startup_stm32g031xx.o(.text))
<BR>[Address Reference Count : 1]<UL><LI> startup_stm32g031xx.o(RESET)
</UL>
<P><STRONG><a name="[31]"></a>__aeabi_uldivmod</STRONG> (Thumb, 96 bytes, Stack size 48 bytes, uldiv.o(.text))
<BR><BR>[Stack]<UL><LI>Max Depth = 56<LI>Call Chain = __aeabi_uldivmod &rArr; __aeabi_llsr
</UL>
<BR>[Calls]<UL><LI><a href="#[32]">&gt;&gt;</a>&nbsp;&nbsp;&nbsp;__aeabi_llsr
<LI><a href="#[33]">&gt;&gt;</a>&nbsp;&nbsp;&nbsp;__aeabi_llsl
</UL>
<BR>[Called By]<UL><LI><a href="#[52]">&gt;&gt;</a>&nbsp;&nbsp;&nbsp;UART_SetConfig
</UL>

<P><STRONG><a name="[35]"></a>__aeabi_memset</STRONG> (Thumb, 14 bytes, Stack size 0 bytes, memseta.o(.text), UNUSED)
<BR><BR>[Called By]<UL><LI><a href="#[36]">&gt;&gt;</a>&nbsp;&nbsp;&nbsp;_memset$wrapper
<LI><a href="#[34]">&gt;&gt;</a>&nbsp;&nbsp;&nbsp;__aeabi_memclr
</UL>

<P><STRONG><a name="[6e]"></a>__aeabi_memset4</STRONG> (Thumb, 0 bytes, Stack size 0 bytes, memseta.o(.text), UNUSED)

<P><STRONG><a name="[6f]"></a>__aeabi_memset8</STRONG> (Thumb, 0 bytes, Stack size 0 bytes, memseta.o(.text), UNUSED)

<P><STRONG><a name="[34]"></a>__aeabi_memclr</STRONG> (Thumb, 4 bytes, Stack size 0 bytes, memseta.o(.text), UNUSED)
<BR><BR>[Calls]<UL><LI><a href="#[35]">&gt;&gt;</a>&nbsp;&nbsp;&nbsp;__aeabi_memset
</UL>

<P><STRONG><a name="[5c]"></a>__aeabi_memclr4</STRONG> (Thumb, 0 bytes, Stack size 0 bytes, memseta.o(.text))
<BR><BR>[Called By]<UL><LI><a href="#[22]">&gt;&gt;</a>&nbsp;&nbsp;&nbsp;main
<LI><a href="#[5e]">&gt;&gt;</a>&nbsp;&nbsp;&nbsp;sendCommand
</UL>

<P><STRONG><a name="[70]"></a>__aeabi_memclr8</STRONG> (Thumb, 0 bytes, Stack size 0 bytes, memseta.o(.text), UNUSED)

<P><STRONG><a name="[36]"></a>_memset$wrapper</STRONG> (Thumb, 18 bytes, Stack size 8 bytes, memseta.o(.text), UNUSED)
<BR><BR>[Calls]<UL><LI><a href="#[35]">&gt;&gt;</a>&nbsp;&nbsp;&nbsp;__aeabi_memset
</UL>

<P><STRONG><a name="[62]"></a>strncpy</STRONG> (Thumb, 26 bytes, Stack size 8 bytes, strncpy.o(.text))
<BR><BR>[Stack]<UL><LI>Max Depth = 8<LI>Call Chain = strncpy
</UL>
<BR>[Called By]<UL><LI><a href="#[5e]">&gt;&gt;</a>&nbsp;&nbsp;&nbsp;sendCommand
</UL>

<P><STRONG><a name="[63]"></a>strchr</STRONG> (Thumb, 20 bytes, Stack size 0 bytes, strchr.o(.text))
<BR><BR>[Called By]<UL><LI><a href="#[5e]">&gt;&gt;</a>&nbsp;&nbsp;&nbsp;sendCommand
</UL>

<P><STRONG><a name="[61]"></a>strlen</STRONG> (Thumb, 14 bytes, Stack size 0 bytes, strlen.o(.text))
<BR><BR>[Called By]<UL><LI><a href="#[5e]">&gt;&gt;</a>&nbsp;&nbsp;&nbsp;sendCommand
</UL>

<P><STRONG><a name="[65]"></a>strcmp</STRONG> (Thumb, 28 bytes, Stack size 8 bytes, strcmp.o(.text))
<BR><BR>[Stack]<UL><LI>Max Depth = 8<LI>Call Chain = strcmp
</UL>
<BR>[Called By]<UL><LI><a href="#[5e]">&gt;&gt;</a>&nbsp;&nbsp;&nbsp;sendCommand
</UL>

<P><STRONG><a name="[64]"></a>strtok</STRONG> (Thumb, 68 bytes, Stack size 16 bytes, strtok.o(.text))
<BR><BR>[Stack]<UL><LI>Max Depth = 16<LI>Call Chain = strtok
</UL>
<BR>[Called By]<UL><LI><a href="#[5e]">&gt;&gt;</a>&nbsp;&nbsp;&nbsp;sendCommand
</UL>

<P><STRONG><a name="[3d]"></a>__aeabi_uidiv</STRONG> (Thumb, 0 bytes, Stack size 16 bytes, uidiv_div0.o(.text))
<BR><BR>[Stack]<UL><LI>Max Depth = 16<LI>Call Chain = __aeabi_uidiv
</UL>
<BR>[Called By]<UL><LI><a href="#[3b]">&gt;&gt;</a>&nbsp;&nbsp;&nbsp;HAL_InitTick
<LI><a href="#[43]">&gt;&gt;</a>&nbsp;&nbsp;&nbsp;HAL_RCC_GetSysClockFreq
<LI><a href="#[52]">&gt;&gt;</a>&nbsp;&nbsp;&nbsp;UART_SetConfig
<LI><a href="#[45]">&gt;&gt;</a>&nbsp;&nbsp;&nbsp;HAL_UARTEx_SetRxFifoThreshold
<LI><a href="#[46]">&gt;&gt;</a>&nbsp;&nbsp;&nbsp;HAL_UARTEx_SetTxFifoThreshold
<LI><a href="#[42]">&gt;&gt;</a>&nbsp;&nbsp;&nbsp;HAL_RCC_ClockConfig
<LI><a href="#[40]">&gt;&gt;</a>&nbsp;&nbsp;&nbsp;HAL_PWREx_ControlVoltageScaling
</UL>

<P><STRONG><a name="[71]"></a>__aeabi_uidivmod</STRONG> (Thumb, 62 bytes, Stack size 16 bytes, uidiv_div0.o(.text), UNUSED)

<P><STRONG><a name="[33]"></a>__aeabi_llsl</STRONG> (Thumb, 32 bytes, Stack size 8 bytes, llshl.o(.text))
<BR><BR>[Stack]<UL><LI>Max Depth = 8<LI>Call Chain = __aeabi_llsl
</UL>
<BR>[Called By]<UL><LI><a href="#[31]">&gt;&gt;</a>&nbsp;&nbsp;&nbsp;__aeabi_uldivmod
</UL>

<P><STRONG><a name="[72]"></a>_ll_shift_l</STRONG> (Thumb, 0 bytes, Stack size 8 bytes, llshl.o(.text), UNUSED)

<P><STRONG><a name="[32]"></a>__aeabi_llsr</STRONG> (Thumb, 34 bytes, Stack size 8 bytes, llushr.o(.text))
<BR><BR>[Stack]<UL><LI>Max Depth = 8<LI>Call Chain = __aeabi_llsr
</UL>
<BR>[Called By]<UL><LI><a href="#[31]">&gt;&gt;</a>&nbsp;&nbsp;&nbsp;__aeabi_uldivmod
</UL>

<P><STRONG><a name="[73]"></a>_ll_ushift_r</STRONG> (Thumb, 0 bytes, Stack size 8 bytes, llushr.o(.text), UNUSED)

<P><STRONG><a name="[30]"></a>__scatterload</STRONG> (Thumb, 28 bytes, Stack size 0 bytes, init.o(.text))
<BR><BR>[Calls]<UL><LI><a href="#[37]">&gt;&gt;</a>&nbsp;&nbsp;&nbsp;__main_after_scatterload
</UL>
<BR>[Called By]<UL><LI><a href="#[2f]">&gt;&gt;</a>&nbsp;&nbsp;&nbsp;_main_scatterload
</UL>

<P><STRONG><a name="[74]"></a>__scatterload_rt2</STRONG> (Thumb, 0 bytes, Stack size 0 bytes, init.o(.text), UNUSED)

<P><STRONG><a name="[4b]"></a>HAL_DMA_Abort</STRONG> (Thumb, 112 bytes, Stack size 16 bytes, stm32g0xx_hal_dma.o(.text.HAL_DMA_Abort))
<BR><BR>[Stack]<UL><LI>Max Depth = 16<LI>Call Chain = HAL_DMA_Abort
</UL>
<BR>[Called By]<UL><LI><a href="#[47]">&gt;&gt;</a>&nbsp;&nbsp;&nbsp;HAL_UART_IRQHandler
</UL>

<P><STRONG><a name="[4d]"></a>HAL_DMA_Abort_IT</STRONG> (Thumb, 112 bytes, Stack size 16 bytes, stm32g0xx_hal_dma.o(.text.HAL_DMA_Abort_IT))
<BR><BR>[Stack]<UL><LI>Max Depth = 16<LI>Call Chain = HAL_DMA_Abort_IT
</UL>
<BR>[Called By]<UL><LI><a href="#[47]">&gt;&gt;</a>&nbsp;&nbsp;&nbsp;HAL_UART_IRQHandler
</UL>

<P><STRONG><a name="[38]"></a>HAL_Delay</STRONG> (Thumb, 32 bytes, Stack size 16 bytes, stm32g0xx_hal.o(.text.HAL_Delay))
<BR><BR>[Stack]<UL><LI>Max Depth = 16<LI>Call Chain = HAL_Delay
</UL>
<BR>[Calls]<UL><LI><a href="#[39]">&gt;&gt;</a>&nbsp;&nbsp;&nbsp;HAL_GetTick
</UL>
<BR>[Called By]<UL><LI><a href="#[22]">&gt;&gt;</a>&nbsp;&nbsp;&nbsp;main
<LI><a href="#[5e]">&gt;&gt;</a>&nbsp;&nbsp;&nbsp;sendCommand
</UL>

<P><STRONG><a name="[55]"></a>HAL_GPIO_Init</STRONG> (Thumb, 412 bytes, Stack size 64 bytes, stm32g0xx_hal_gpio.o(.text.HAL_GPIO_Init))
<BR><BR>[Stack]<UL><LI>Max Depth = 64<LI>Call Chain = HAL_GPIO_Init
</UL>
<BR>[Called By]<UL><LI><a href="#[51]">&gt;&gt;</a>&nbsp;&nbsp;&nbsp;HAL_UART_MspInit
</UL>

<P><STRONG><a name="[39]"></a>HAL_GetTick</STRONG> (Thumb, 8 bytes, Stack size 0 bytes, stm32g0xx_hal.o(.text.HAL_GetTick))
<BR><BR>[Called By]<UL><LI><a href="#[54]">&gt;&gt;</a>&nbsp;&nbsp;&nbsp;UART_CheckIdleState
<LI><a href="#[41]">&gt;&gt;</a>&nbsp;&nbsp;&nbsp;HAL_RCCEx_PeriphCLKConfig
<LI><a href="#[42]">&gt;&gt;</a>&nbsp;&nbsp;&nbsp;HAL_RCC_ClockConfig
<LI><a href="#[44]">&gt;&gt;</a>&nbsp;&nbsp;&nbsp;HAL_RCC_OscConfig
<LI><a href="#[38]">&gt;&gt;</a>&nbsp;&nbsp;&nbsp;HAL_Delay
</UL>

<P><STRONG><a name="[5a]"></a>HAL_IncTick</STRONG> (Thumb, 16 bytes, Stack size 0 bytes, stm32g0xx_hal.o(.text.HAL_IncTick))
<BR><BR>[Called By]<UL><LI><a href="#[5]">&gt;&gt;</a>&nbsp;&nbsp;&nbsp;SysTick_Handler
</UL>

<P><STRONG><a name="[3a]"></a>HAL_Init</STRONG> (Thumb, 40 bytes, Stack size 16 bytes, stm32g0xx_hal.o(.text.HAL_Init))
<BR><BR>[Stack]<UL><LI>Max Depth = 48<LI>Call Chain = HAL_Init &rArr; HAL_InitTick &rArr; __aeabi_uidiv
</UL>
<BR>[Calls]<UL><LI><a href="#[3b]">&gt;&gt;</a>&nbsp;&nbsp;&nbsp;HAL_InitTick
<LI><a href="#[3c]">&gt;&gt;</a>&nbsp;&nbsp;&nbsp;HAL_MspInit
</UL>
<BR>[Called By]<UL><LI><a href="#[22]">&gt;&gt;</a>&nbsp;&nbsp;&nbsp;main
</UL>

<P><STRONG><a name="[3b]"></a>HAL_InitTick</STRONG> (Thumb, 64 bytes, Stack size 16 bytes, stm32g0xx_hal.o(.text.HAL_InitTick))
<BR><BR>[Stack]<UL><LI>Max Depth = 32<LI>Call Chain = HAL_InitTick &rArr; __aeabi_uidiv
</UL>
<BR>[Calls]<UL><LI><a href="#[3e]">&gt;&gt;</a>&nbsp;&nbsp;&nbsp;HAL_SYSTICK_Config
<LI><a href="#[3f]">&gt;&gt;</a>&nbsp;&nbsp;&nbsp;HAL_NVIC_SetPriority
<LI><a href="#[3d]">&gt;&gt;</a>&nbsp;&nbsp;&nbsp;__aeabi_uidiv
</UL>
<BR>[Called By]<UL><LI><a href="#[42]">&gt;&gt;</a>&nbsp;&nbsp;&nbsp;HAL_RCC_ClockConfig
<LI><a href="#[44]">&gt;&gt;</a>&nbsp;&nbsp;&nbsp;HAL_RCC_OscConfig
<LI><a href="#[3a]">&gt;&gt;</a>&nbsp;&nbsp;&nbsp;HAL_Init
</UL>

<P><STRONG><a name="[3c]"></a>HAL_MspInit</STRONG> (Thumb, 40 bytes, Stack size 8 bytes, stm32g0xx_hal_msp.o(.text.HAL_MspInit))
<BR><BR>[Stack]<UL><LI>Max Depth = 8<LI>Call Chain = HAL_MspInit
</UL>
<BR>[Called By]<UL><LI><a href="#[3a]">&gt;&gt;</a>&nbsp;&nbsp;&nbsp;HAL_Init
</UL>

<P><STRONG><a name="[56]"></a>HAL_NVIC_EnableIRQ</STRONG> (Thumb, 20 bytes, Stack size 0 bytes, stm32g0xx_hal_cortex.o(.text.HAL_NVIC_EnableIRQ))
<BR><BR>[Called By]<UL><LI><a href="#[51]">&gt;&gt;</a>&nbsp;&nbsp;&nbsp;HAL_UART_MspInit
</UL>

<P><STRONG><a name="[3f]"></a>HAL_NVIC_SetPriority</STRONG> (Thumb, 56 bytes, Stack size 0 bytes, stm32g0xx_hal_cortex.o(.text.HAL_NVIC_SetPriority))
<BR><BR>[Called By]<UL><LI><a href="#[3b]">&gt;&gt;</a>&nbsp;&nbsp;&nbsp;HAL_InitTick
<LI><a href="#[51]">&gt;&gt;</a>&nbsp;&nbsp;&nbsp;HAL_UART_MspInit
</UL>

<P><STRONG><a name="[40]"></a>HAL_PWREx_ControlVoltageScaling</STRONG> (Thumb, 116 bytes, Stack size 24 bytes, stm32g0xx_hal_pwr_ex.o(.text.HAL_PWREx_ControlVoltageScaling))
<BR><BR>[Stack]<UL><LI>Max Depth = 40<LI>Call Chain = HAL_PWREx_ControlVoltageScaling &rArr; __aeabi_uidiv
</UL>
<BR>[Calls]<UL><LI><a href="#[3d]">&gt;&gt;</a>&nbsp;&nbsp;&nbsp;__aeabi_uidiv
</UL>
<BR>[Called By]<UL><LI><a href="#[22]">&gt;&gt;</a>&nbsp;&nbsp;&nbsp;main
</UL>

<P><STRONG><a name="[41]"></a>HAL_RCCEx_PeriphCLKConfig</STRONG> (Thumb, 436 bytes, Stack size 48 bytes, stm32g0xx_hal_rcc_ex.o(.text.HAL_RCCEx_PeriphCLKConfig))
<BR><BR>[Stack]<UL><LI>Max Depth = 48<LI>Call Chain = HAL_RCCEx_PeriphCLKConfig
</UL>
<BR>[Calls]<UL><LI><a href="#[39]">&gt;&gt;</a>&nbsp;&nbsp;&nbsp;HAL_GetTick
</UL>
<BR>[Called By]<UL><LI><a href="#[22]">&gt;&gt;</a>&nbsp;&nbsp;&nbsp;main
</UL>

<P><STRONG><a name="[42]"></a>HAL_RCC_ClockConfig</STRONG> (Thumb, 488 bytes, Stack size 32 bytes, stm32g0xx_hal_rcc.o(.text.HAL_RCC_ClockConfig))
<BR><BR>[Stack]<UL><LI>Max Depth = 64<LI>Call Chain = HAL_RCC_ClockConfig &rArr; HAL_InitTick &rArr; __aeabi_uidiv
</UL>
<BR>[Calls]<UL><LI><a href="#[3b]">&gt;&gt;</a>&nbsp;&nbsp;&nbsp;HAL_InitTick
<LI><a href="#[39]">&gt;&gt;</a>&nbsp;&nbsp;&nbsp;HAL_GetTick
<LI><a href="#[3d]">&gt;&gt;</a>&nbsp;&nbsp;&nbsp;__aeabi_uidiv
</UL>
<BR>[Called By]<UL><LI><a href="#[22]">&gt;&gt;</a>&nbsp;&nbsp;&nbsp;main
</UL>

<P><STRONG><a name="[5b]"></a>HAL_RCC_GetPCLK1Freq</STRONG> (Thumb, 28 bytes, Stack size 0 bytes, stm32g0xx_hal_rcc.o(.text.HAL_RCC_GetPCLK1Freq))
<BR><BR>[Called By]<UL><LI><a href="#[52]">&gt;&gt;</a>&nbsp;&nbsp;&nbsp;UART_SetConfig
</UL>

<P><STRONG><a name="[43]"></a>HAL_RCC_GetSysClockFreq</STRONG> (Thumb, 124 bytes, Stack size 8 bytes, stm32g0xx_hal_rcc.o(.text.HAL_RCC_GetSysClockFreq))
<BR><BR>[Stack]<UL><LI>Max Depth = 24<LI>Call Chain = HAL_RCC_GetSysClockFreq &rArr; __aeabi_uidiv
</UL>
<BR>[Calls]<UL><LI><a href="#[3d]">&gt;&gt;</a>&nbsp;&nbsp;&nbsp;__aeabi_uidiv
</UL>
<BR>[Called By]<UL><LI><a href="#[52]">&gt;&gt;</a>&nbsp;&nbsp;&nbsp;UART_SetConfig
</UL>

<P><STRONG><a name="[44]"></a>HAL_RCC_OscConfig</STRONG> (Thumb, 1100 bytes, Stack size 48 bytes, stm32g0xx_hal_rcc.o(.text.HAL_RCC_OscConfig))
<BR><BR>[Stack]<UL><LI>Max Depth = 80<LI>Call Chain = HAL_RCC_OscConfig &rArr; HAL_InitTick &rArr; __aeabi_uidiv
</UL>
<BR>[Calls]<UL><LI><a href="#[3b]">&gt;&gt;</a>&nbsp;&nbsp;&nbsp;HAL_InitTick
<LI><a href="#[39]">&gt;&gt;</a>&nbsp;&nbsp;&nbsp;HAL_GetTick
</UL>
<BR>[Called By]<UL><LI><a href="#[22]">&gt;&gt;</a>&nbsp;&nbsp;&nbsp;main
</UL>

<P><STRONG><a name="[3e]"></a>HAL_SYSTICK_Config</STRONG> (Thumb, 40 bytes, Stack size 0 bytes, stm32g0xx_hal_cortex.o(.text.HAL_SYSTICK_Config))
<BR><BR>[Called By]<UL><LI><a href="#[3b]">&gt;&gt;</a>&nbsp;&nbsp;&nbsp;HAL_InitTick
</UL>

<P><STRONG><a name="[5d]"></a>HAL_UARTEx_DisableFifoMode</STRONG> (Thumb, 54 bytes, Stack size 16 bytes, stm32g0xx_hal_uart_ex.o(.text.HAL_UARTEx_DisableFifoMode))
<BR><BR>[Stack]<UL><LI>Max Depth = 16<LI>Call Chain = HAL_UARTEx_DisableFifoMode
</UL>
<BR>[Called By]<UL><LI><a href="#[22]">&gt;&gt;</a>&nbsp;&nbsp;&nbsp;main
</UL>

<P><STRONG><a name="[48]"></a>HAL_UARTEx_RxEventCallback</STRONG> (Thumb, 2 bytes, Stack size 0 bytes, stm32g0xx_hal_uart.o(.text.HAL_UARTEx_RxEventCallback))
<BR><BR>[Called By]<UL><LI><a href="#[2d]">&gt;&gt;</a>&nbsp;&nbsp;&nbsp;UART_RxISR_8BIT
<LI><a href="#[2a]">&gt;&gt;</a>&nbsp;&nbsp;&nbsp;UART_RxISR_16BIT
<LI><a href="#[2c]">&gt;&gt;</a>&nbsp;&nbsp;&nbsp;UART_RxISR_8BIT_FIFOEN
<LI><a href="#[2b]">&gt;&gt;</a>&nbsp;&nbsp;&nbsp;UART_RxISR_16BIT_FIFOEN
<LI><a href="#[47]">&gt;&gt;</a>&nbsp;&nbsp;&nbsp;HAL_UART_IRQHandler
</UL>

<P><STRONG><a name="[4f]"></a>HAL_UARTEx_RxFifoFullCallback</STRONG> (Thumb, 2 bytes, Stack size 0 bytes, stm32g0xx_hal_uart_ex.o(.text.HAL_UARTEx_RxFifoFullCallback))
<BR><BR>[Called By]<UL><LI><a href="#[47]">&gt;&gt;</a>&nbsp;&nbsp;&nbsp;HAL_UART_IRQHandler
</UL>

<P><STRONG><a name="[45]"></a>HAL_UARTEx_SetRxFifoThreshold</STRONG> (Thumb, 120 bytes, Stack size 24 bytes, stm32g0xx_hal_uart_ex.o(.text.HAL_UARTEx_SetRxFifoThreshold))
<BR><BR>[Stack]<UL><LI>Max Depth = 40<LI>Call Chain = HAL_UARTEx_SetRxFifoThreshold &rArr; __aeabi_uidiv
</UL>
<BR>[Calls]<UL><LI><a href="#[3d]">&gt;&gt;</a>&nbsp;&nbsp;&nbsp;__aeabi_uidiv
</UL>
<BR>[Called By]<UL><LI><a href="#[22]">&gt;&gt;</a>&nbsp;&nbsp;&nbsp;main
</UL>

<P><STRONG><a name="[46]"></a>HAL_UARTEx_SetTxFifoThreshold</STRONG> (Thumb, 120 bytes, Stack size 24 bytes, stm32g0xx_hal_uart_ex.o(.text.HAL_UARTEx_SetTxFifoThreshold))
<BR><BR>[Stack]<UL><LI>Max Depth = 40<LI>Call Chain = HAL_UARTEx_SetTxFifoThreshold &rArr; __aeabi_uidiv
</UL>
<BR>[Calls]<UL><LI><a href="#[3d]">&gt;&gt;</a>&nbsp;&nbsp;&nbsp;__aeabi_uidiv
</UL>
<BR>[Called By]<UL><LI><a href="#[22]">&gt;&gt;</a>&nbsp;&nbsp;&nbsp;main
</UL>

<P><STRONG><a name="[4e]"></a>HAL_UARTEx_TxFifoEmptyCallback</STRONG> (Thumb, 2 bytes, Stack size 0 bytes, stm32g0xx_hal_uart_ex.o(.text.HAL_UARTEx_TxFifoEmptyCallback))
<BR><BR>[Called By]<UL><LI><a href="#[47]">&gt;&gt;</a>&nbsp;&nbsp;&nbsp;HAL_UART_IRQHandler
</UL>

<P><STRONG><a name="[4a]"></a>HAL_UARTEx_WakeupCallback</STRONG> (Thumb, 2 bytes, Stack size 0 bytes, stm32g0xx_hal_uart_ex.o(.text.HAL_UARTEx_WakeupCallback))
<BR><BR>[Called By]<UL><LI><a href="#[47]">&gt;&gt;</a>&nbsp;&nbsp;&nbsp;HAL_UART_IRQHandler
</UL>

<P><STRONG><a name="[49]"></a>HAL_UART_ErrorCallback</STRONG> (Thumb, 2 bytes, Stack size 0 bytes, stm32g0xx_hal_uart.o(.text.HAL_UART_ErrorCallback))
<BR><BR>[Called By]<UL><LI><a href="#[25]">&gt;&gt;</a>&nbsp;&nbsp;&nbsp;UART_DMAAbortOnError
<LI><a href="#[2c]">&gt;&gt;</a>&nbsp;&nbsp;&nbsp;UART_RxISR_8BIT_FIFOEN
<LI><a href="#[2b]">&gt;&gt;</a>&nbsp;&nbsp;&nbsp;UART_RxISR_16BIT_FIFOEN
<LI><a href="#[47]">&gt;&gt;</a>&nbsp;&nbsp;&nbsp;HAL_UART_IRQHandler
</UL>

<P><STRONG><a name="[47]"></a>HAL_UART_IRQHandler</STRONG> (Thumb, 936 bytes, Stack size 64 bytes, stm32g0xx_hal_uart.o(.text.HAL_UART_IRQHandler))
<BR><BR>[Stack]<UL><LI>Max Depth = 80<LI>Call Chain = HAL_UART_IRQHandler &rArr; HAL_DMA_Abort_IT
</UL>
<BR>[Calls]<UL><LI><a href="#[4f]">&gt;&gt;</a>&nbsp;&nbsp;&nbsp;HAL_UARTEx_RxFifoFullCallback
<LI><a href="#[4e]">&gt;&gt;</a>&nbsp;&nbsp;&nbsp;HAL_UARTEx_TxFifoEmptyCallback
<LI><a href="#[4a]">&gt;&gt;</a>&nbsp;&nbsp;&nbsp;HAL_UARTEx_WakeupCallback
<LI><a href="#[48]">&gt;&gt;</a>&nbsp;&nbsp;&nbsp;HAL_UARTEx_RxEventCallback
<LI><a href="#[4d]">&gt;&gt;</a>&nbsp;&nbsp;&nbsp;HAL_DMA_Abort_IT
<LI><a href="#[4b]">&gt;&gt;</a>&nbsp;&nbsp;&nbsp;HAL_DMA_Abort
<LI><a href="#[49]">&gt;&gt;</a>&nbsp;&nbsp;&nbsp;HAL_UART_ErrorCallback
<LI><a href="#[4c]">&gt;&gt;</a>&nbsp;&nbsp;&nbsp;HAL_UART_TxCpltCallback
</UL>
<BR>[Called By]<UL><LI><a href="#[20]">&gt;&gt;</a>&nbsp;&nbsp;&nbsp;USART2_IRQHandler
<LI><a href="#[1f]">&gt;&gt;</a>&nbsp;&nbsp;&nbsp;USART1_IRQHandler
</UL>

<P><STRONG><a name="[50]"></a>HAL_UART_Init</STRONG> (Thumb, 108 bytes, Stack size 16 bytes, stm32g0xx_hal_uart.o(.text.HAL_UART_Init))
<BR><BR>[Stack]<UL><LI>Max Depth = 120<LI>Call Chain = HAL_UART_Init &rArr; HAL_UART_MspInit &rArr; HAL_GPIO_Init
</UL>
<BR>[Calls]<UL><LI><a href="#[54]">&gt;&gt;</a>&nbsp;&nbsp;&nbsp;UART_CheckIdleState
<LI><a href="#[53]">&gt;&gt;</a>&nbsp;&nbsp;&nbsp;UART_AdvFeatureConfig
<LI><a href="#[52]">&gt;&gt;</a>&nbsp;&nbsp;&nbsp;UART_SetConfig
<LI><a href="#[51]">&gt;&gt;</a>&nbsp;&nbsp;&nbsp;HAL_UART_MspInit
</UL>
<BR>[Called By]<UL><LI><a href="#[22]">&gt;&gt;</a>&nbsp;&nbsp;&nbsp;main
</UL>

<P><STRONG><a name="[51]"></a>HAL_UART_MspInit</STRONG> (Thumb, 156 bytes, Stack size 40 bytes, stm32g0xx_hal_msp.o(.text.HAL_UART_MspInit))
<BR><BR>[Stack]<UL><LI>Max Depth = 104<LI>Call Chain = HAL_UART_MspInit &rArr; HAL_GPIO_Init
</UL>
<BR>[Calls]<UL><LI><a href="#[56]">&gt;&gt;</a>&nbsp;&nbsp;&nbsp;HAL_NVIC_EnableIRQ
<LI><a href="#[3f]">&gt;&gt;</a>&nbsp;&nbsp;&nbsp;HAL_NVIC_SetPriority
<LI><a href="#[55]">&gt;&gt;</a>&nbsp;&nbsp;&nbsp;HAL_GPIO_Init
</UL>
<BR>[Called By]<UL><LI><a href="#[50]">&gt;&gt;</a>&nbsp;&nbsp;&nbsp;HAL_UART_Init
</UL>

<P><STRONG><a name="[57]"></a>HAL_UART_Receive_IT</STRONG> (Thumb, 76 bytes, Stack size 16 bytes, stm32g0xx_hal_uart.o(.text.HAL_UART_Receive_IT))
<BR><BR>[Stack]<UL><LI>Max Depth = 52<LI>Call Chain = HAL_UART_Receive_IT &rArr; UART_Start_Receive_IT
</UL>
<BR>[Calls]<UL><LI><a href="#[58]">&gt;&gt;</a>&nbsp;&nbsp;&nbsp;UART_Start_Receive_IT
</UL>
<BR>[Called By]<UL><LI><a href="#[22]">&gt;&gt;</a>&nbsp;&nbsp;&nbsp;main
<LI><a href="#[59]">&gt;&gt;</a>&nbsp;&nbsp;&nbsp;HAL_UART_RxCpltCallback
</UL>

<P><STRONG><a name="[59]"></a>HAL_UART_RxCpltCallback</STRONG> (Thumb, 32 bytes, Stack size 16 bytes, main.o(.text.HAL_UART_RxCpltCallback))
<BR><BR>[Stack]<UL><LI>Max Depth = 68<LI>Call Chain = HAL_UART_RxCpltCallback &rArr; HAL_UART_Receive_IT &rArr; UART_Start_Receive_IT
</UL>
<BR>[Calls]<UL><LI><a href="#[57]">&gt;&gt;</a>&nbsp;&nbsp;&nbsp;HAL_UART_Receive_IT
</UL>
<BR>[Called By]<UL><LI><a href="#[2d]">&gt;&gt;</a>&nbsp;&nbsp;&nbsp;UART_RxISR_8BIT
<LI><a href="#[2a]">&gt;&gt;</a>&nbsp;&nbsp;&nbsp;UART_RxISR_16BIT
<LI><a href="#[2c]">&gt;&gt;</a>&nbsp;&nbsp;&nbsp;UART_RxISR_8BIT_FIFOEN
<LI><a href="#[2b]">&gt;&gt;</a>&nbsp;&nbsp;&nbsp;UART_RxISR_16BIT_FIFOEN
</UL>

<P><STRONG><a name="[60]"></a>HAL_UART_Transmit_IT</STRONG> (Thumb, 168 bytes, Stack size 24 bytes, stm32g0xx_hal_uart.o(.text.HAL_UART_Transmit_IT))
<BR><BR>[Stack]<UL><LI>Max Depth = 24<LI>Call Chain = HAL_UART_Transmit_IT
</UL>
<BR>[Called By]<UL><LI><a href="#[22]">&gt;&gt;</a>&nbsp;&nbsp;&nbsp;main
<LI><a href="#[5e]">&gt;&gt;</a>&nbsp;&nbsp;&nbsp;sendCommand
</UL>

<P><STRONG><a name="[4c]"></a>HAL_UART_TxCpltCallback</STRONG> (Thumb, 2 bytes, Stack size 0 bytes, stm32g0xx_hal_uart.o(.text.HAL_UART_TxCpltCallback))
<BR><BR>[Called By]<UL><LI><a href="#[47]">&gt;&gt;</a>&nbsp;&nbsp;&nbsp;HAL_UART_IRQHandler
</UL>

<P><STRONG><a name="[2]"></a>HardFault_Handler</STRONG> (Thumb, 2 bytes, Stack size 0 bytes, stm32g0xx_it.o(.text.HardFault_Handler))
<BR><BR>[Calls]<UL><LI><a href="#[2]">&gt;&gt;</a>&nbsp;&nbsp;&nbsp;HardFault_Handler
</UL>
<BR>[Called By]<UL><LI><a href="#[2]">&gt;&gt;</a>&nbsp;&nbsp;&nbsp;HardFault_Handler
</UL>
<BR>[Address Reference Count : 1]<UL><LI> startup_stm32g031xx.o(RESET)
</UL>
<P><STRONG><a name="[1]"></a>NMI_Handler</STRONG> (Thumb, 2 bytes, Stack size 0 bytes, stm32g0xx_it.o(.text.NMI_Handler))
<BR><BR>[Calls]<UL><LI><a href="#[1]">&gt;&gt;</a>&nbsp;&nbsp;&nbsp;NMI_Handler
</UL>
<BR>[Called By]<UL><LI><a href="#[1]">&gt;&gt;</a>&nbsp;&nbsp;&nbsp;NMI_Handler
</UL>
<BR>[Address Reference Count : 1]<UL><LI> startup_stm32g031xx.o(RESET)
</UL>
<P><STRONG><a name="[4]"></a>PendSV_Handler</STRONG> (Thumb, 2 bytes, Stack size 0 bytes, stm32g0xx_it.o(.text.PendSV_Handler))
<BR>[Address Reference Count : 1]<UL><LI> startup_stm32g031xx.o(RESET)
</UL>
<P><STRONG><a name="[3]"></a>SVC_Handler</STRONG> (Thumb, 2 bytes, Stack size 0 bytes, stm32g0xx_it.o(.text.SVC_Handler))
<BR>[Address Reference Count : 1]<UL><LI> startup_stm32g031xx.o(RESET)
</UL>
<P><STRONG><a name="[5]"></a>SysTick_Handler</STRONG> (Thumb, 8 bytes, Stack size 8 bytes, stm32g0xx_it.o(.text.SysTick_Handler))
<BR><BR>[Stack]<UL><LI>Max Depth = 8<LI>Call Chain = SysTick_Handler
</UL>
<BR>[Calls]<UL><LI><a href="#[5a]">&gt;&gt;</a>&nbsp;&nbsp;&nbsp;HAL_IncTick
</UL>
<BR>[Address Reference Count : 1]<UL><LI> startup_stm32g031xx.o(RESET)
</UL>
<P><STRONG><a name="[23]"></a>SystemInit</STRONG> (Thumb, 12 bytes, Stack size 0 bytes, system_stm32g0xx.o(.text.SystemInit))
<BR>[Address Reference Count : 1]<UL><LI> startup_stm32g031xx.o(.text)
</UL>
<P><STRONG><a name="[53]"></a>UART_AdvFeatureConfig</STRONG> (Thumb, 210 bytes, Stack size 16 bytes, stm32g0xx_hal_uart.o(.text.UART_AdvFeatureConfig))
<BR><BR>[Stack]<UL><LI>Max Depth = 16<LI>Call Chain = UART_AdvFeatureConfig
</UL>
<BR>[Called By]<UL><LI><a href="#[50]">&gt;&gt;</a>&nbsp;&nbsp;&nbsp;HAL_UART_Init
</UL>

<P><STRONG><a name="[54]"></a>UART_CheckIdleState</STRONG> (Thumb, 296 bytes, Stack size 40 bytes, stm32g0xx_hal_uart.o(.text.UART_CheckIdleState))
<BR><BR>[Stack]<UL><LI>Max Depth = 40<LI>Call Chain = UART_CheckIdleState
</UL>
<BR>[Calls]<UL><LI><a href="#[39]">&gt;&gt;</a>&nbsp;&nbsp;&nbsp;HAL_GetTick
</UL>
<BR>[Called By]<UL><LI><a href="#[50]">&gt;&gt;</a>&nbsp;&nbsp;&nbsp;HAL_UART_Init
</UL>

<P><STRONG><a name="[52]"></a>UART_SetConfig</STRONG> (Thumb, 456 bytes, Stack size 24 bytes, stm32g0xx_hal_uart.o(.text.UART_SetConfig))
<BR><BR>[Stack]<UL><LI>Max Depth = 80<LI>Call Chain = UART_SetConfig &rArr; __aeabi_uldivmod &rArr; __aeabi_llsr
</UL>
<BR>[Calls]<UL><LI><a href="#[43]">&gt;&gt;</a>&nbsp;&nbsp;&nbsp;HAL_RCC_GetSysClockFreq
<LI><a href="#[5b]">&gt;&gt;</a>&nbsp;&nbsp;&nbsp;HAL_RCC_GetPCLK1Freq
<LI><a href="#[3d]">&gt;&gt;</a>&nbsp;&nbsp;&nbsp;__aeabi_uidiv
<LI><a href="#[31]">&gt;&gt;</a>&nbsp;&nbsp;&nbsp;__aeabi_uldivmod
</UL>
<BR>[Called By]<UL><LI><a href="#[50]">&gt;&gt;</a>&nbsp;&nbsp;&nbsp;HAL_UART_Init
</UL>

<P><STRONG><a name="[58]"></a>UART_Start_Receive_IT</STRONG> (Thumb, 208 bytes, Stack size 36 bytes, stm32g0xx_hal_uart.o(.text.UART_Start_Receive_IT))
<BR><BR>[Stack]<UL><LI>Max Depth = 36<LI>Call Chain = UART_Start_Receive_IT
</UL>
<BR>[Called By]<UL><LI><a href="#[57]">&gt;&gt;</a>&nbsp;&nbsp;&nbsp;HAL_UART_Receive_IT
</UL>

<P><STRONG><a name="[1f]"></a>USART1_IRQHandler</STRONG> (Thumb, 12 bytes, Stack size 8 bytes, stm32g0xx_it.o(.text.USART1_IRQHandler))
<BR><BR>[Stack]<UL><LI>Max Depth = 88<LI>Call Chain = USART1_IRQHandler &rArr; HAL_UART_IRQHandler &rArr; HAL_DMA_Abort_IT
</UL>
<BR>[Calls]<UL><LI><a href="#[47]">&gt;&gt;</a>&nbsp;&nbsp;&nbsp;HAL_UART_IRQHandler
</UL>
<BR>[Address Reference Count : 1]<UL><LI> startup_stm32g031xx.o(RESET)
</UL>
<P><STRONG><a name="[20]"></a>USART2_IRQHandler</STRONG> (Thumb, 12 bytes, Stack size 8 bytes, stm32g0xx_it.o(.text.USART2_IRQHandler))
<BR><BR>[Stack]<UL><LI>Max Depth = 88<LI>Call Chain = USART2_IRQHandler &rArr; HAL_UART_IRQHandler &rArr; HAL_DMA_Abort_IT
</UL>
<BR>[Calls]<UL><LI><a href="#[47]">&gt;&gt;</a>&nbsp;&nbsp;&nbsp;HAL_UART_IRQHandler
</UL>
<BR>[Address Reference Count : 1]<UL><LI> startup_stm32g031xx.o(RESET)
</UL>
<P><STRONG><a name="[22]"></a>main</STRONG> (Thumb, 376 bytes, Stack size 120 bytes, main.o(.text.main))
<BR><BR>[Stack]<UL><LI>Max Depth = 240<LI>Call Chain = main &rArr; HAL_UART_Init &rArr; HAL_UART_MspInit &rArr; HAL_GPIO_Init
</UL>
<BR>[Calls]<UL><LI><a href="#[5d]">&gt;&gt;</a>&nbsp;&nbsp;&nbsp;HAL_UARTEx_DisableFifoMode
<LI><a href="#[45]">&gt;&gt;</a>&nbsp;&nbsp;&nbsp;HAL_UARTEx_SetRxFifoThreshold
<LI><a href="#[46]">&gt;&gt;</a>&nbsp;&nbsp;&nbsp;HAL_UARTEx_SetTxFifoThreshold
<LI><a href="#[50]">&gt;&gt;</a>&nbsp;&nbsp;&nbsp;HAL_UART_Init
<LI><a href="#[41]">&gt;&gt;</a>&nbsp;&nbsp;&nbsp;HAL_RCCEx_PeriphCLKConfig
<LI><a href="#[42]">&gt;&gt;</a>&nbsp;&nbsp;&nbsp;HAL_RCC_ClockConfig
<LI><a href="#[44]">&gt;&gt;</a>&nbsp;&nbsp;&nbsp;HAL_RCC_OscConfig
<LI><a href="#[40]">&gt;&gt;</a>&nbsp;&nbsp;&nbsp;HAL_PWREx_ControlVoltageScaling
<LI><a href="#[3a]">&gt;&gt;</a>&nbsp;&nbsp;&nbsp;HAL_Init
<LI><a href="#[38]">&gt;&gt;</a>&nbsp;&nbsp;&nbsp;HAL_Delay
<LI><a href="#[60]">&gt;&gt;</a>&nbsp;&nbsp;&nbsp;HAL_UART_Transmit_IT
<LI><a href="#[5e]">&gt;&gt;</a>&nbsp;&nbsp;&nbsp;sendCommand
<LI><a href="#[57]">&gt;&gt;</a>&nbsp;&nbsp;&nbsp;HAL_UART_Receive_IT
<LI><a href="#[5f]">&gt;&gt;</a>&nbsp;&nbsp;&nbsp;__2sprintf
<LI><a href="#[5c]">&gt;&gt;</a>&nbsp;&nbsp;&nbsp;__aeabi_memclr4
</UL>
<BR>[Address Reference Count : 1]<UL><LI> entry9a.o(.ARM.Collect$$$$0000000B)
</UL>
<P><STRONG><a name="[5e]"></a>sendCommand</STRONG> (Thumb, 188 bytes, Stack size 32 bytes, main.o(.text.sendCommand))
<BR><BR>[Stack]<UL><LI>Max Depth = 56<LI>Call Chain = sendCommand &rArr; HAL_UART_Transmit_IT
</UL>
<BR>[Calls]<UL><LI><a href="#[38]">&gt;&gt;</a>&nbsp;&nbsp;&nbsp;HAL_Delay
<LI><a href="#[60]">&gt;&gt;</a>&nbsp;&nbsp;&nbsp;HAL_UART_Transmit_IT
<LI><a href="#[5f]">&gt;&gt;</a>&nbsp;&nbsp;&nbsp;__2sprintf
<LI><a href="#[64]">&gt;&gt;</a>&nbsp;&nbsp;&nbsp;strtok
<LI><a href="#[65]">&gt;&gt;</a>&nbsp;&nbsp;&nbsp;strcmp
<LI><a href="#[61]">&gt;&gt;</a>&nbsp;&nbsp;&nbsp;strlen
<LI><a href="#[63]">&gt;&gt;</a>&nbsp;&nbsp;&nbsp;strchr
<LI><a href="#[62]">&gt;&gt;</a>&nbsp;&nbsp;&nbsp;strncpy
<LI><a href="#[5c]">&gt;&gt;</a>&nbsp;&nbsp;&nbsp;__aeabi_memclr4
</UL>
<BR>[Called By]<UL><LI><a href="#[22]">&gt;&gt;</a>&nbsp;&nbsp;&nbsp;main
</UL>

<P><STRONG><a name="[66]"></a>__0sprintf$2</STRONG> (Thumb, 36 bytes, Stack size 24 bytes, printf2.o(i.__0sprintf$2), UNUSED)
<BR><BR>[Calls]<UL><LI><a href="#[2e]">&gt;&gt;</a>&nbsp;&nbsp;&nbsp;_sputc
<LI><a href="#[67]">&gt;&gt;</a>&nbsp;&nbsp;&nbsp;_printf_core
</UL>

<P><STRONG><a name="[75]"></a>__1sprintf$2</STRONG> (Thumb, 0 bytes, Stack size 24 bytes, printf2.o(i.__0sprintf$2), UNUSED)

<P><STRONG><a name="[5f]"></a>__2sprintf</STRONG> (Thumb, 0 bytes, Stack size 24 bytes, printf2.o(i.__0sprintf$2))
<BR><BR>[Stack]<UL><LI>Max Depth = 24<LI>Call Chain = __2sprintf
</UL>
<BR>[Called By]<UL><LI><a href="#[22]">&gt;&gt;</a>&nbsp;&nbsp;&nbsp;main
<LI><a href="#[5e]">&gt;&gt;</a>&nbsp;&nbsp;&nbsp;sendCommand
</UL>

<P><STRONG><a name="[76]"></a>__scatterload_copy</STRONG> (Thumb, 14 bytes, Stack size unknown bytes, handlers.o(i.__scatterload_copy), UNUSED)

<P><STRONG><a name="[77]"></a>__scatterload_null</STRONG> (Thumb, 2 bytes, Stack size unknown bytes, handlers.o(i.__scatterload_null), UNUSED)

<P><STRONG><a name="[78]"></a>__scatterload_zeroinit</STRONG> (Thumb, 14 bytes, Stack size unknown bytes, handlers.o(i.__scatterload_zeroinit), UNUSED)
<P>
<H3>
Local Symbols
</H3>
<P><STRONG><a name="[26]"></a>UART_TxISR_16BIT</STRONG> (Thumb, 64 bytes, Stack size 8 bytes, stm32g0xx_hal_uart.o(.text.UART_TxISR_16BIT))
<BR><BR>[Stack]<UL><LI>Max Depth = 8<LI>Call Chain = UART_TxISR_16BIT
</UL>
<BR>[Address Reference Count : 1]<UL><LI> stm32g0xx_hal_uart.o(.text.HAL_UART_Transmit_IT)
</UL>
<P><STRONG><a name="[27]"></a>UART_TxISR_8BIT</STRONG> (Thumb, 60 bytes, Stack size 8 bytes, stm32g0xx_hal_uart.o(.text.UART_TxISR_8BIT))
<BR><BR>[Stack]<UL><LI>Max Depth = 8<LI>Call Chain = UART_TxISR_8BIT
</UL>
<BR>[Address Reference Count : 1]<UL><LI> stm32g0xx_hal_uart.o(.text.HAL_UART_Transmit_IT)
</UL>
<P><STRONG><a name="[28]"></a>UART_TxISR_16BIT_FIFOEN</STRONG> (Thumb, 88 bytes, Stack size 16 bytes, stm32g0xx_hal_uart.o(.text.UART_TxISR_16BIT_FIFOEN))
<BR><BR>[Stack]<UL><LI>Max Depth = 16<LI>Call Chain = UART_TxISR_16BIT_FIFOEN
</UL>
<BR>[Address Reference Count : 1]<UL><LI> stm32g0xx_hal_uart.o(.text.HAL_UART_Transmit_IT)
</UL>
<P><STRONG><a name="[29]"></a>UART_TxISR_8BIT_FIFOEN</STRONG> (Thumb, 82 bytes, Stack size 16 bytes, stm32g0xx_hal_uart.o(.text.UART_TxISR_8BIT_FIFOEN))
<BR><BR>[Stack]<UL><LI>Max Depth = 16<LI>Call Chain = UART_TxISR_8BIT_FIFOEN
</UL>
<BR>[Address Reference Count : 1]<UL><LI> stm32g0xx_hal_uart.o(.text.HAL_UART_Transmit_IT)
</UL>
<P><STRONG><a name="[2b]"></a>UART_RxISR_16BIT_FIFOEN</STRONG> (Thumb, 336 bytes, Stack size 40 bytes, stm32g0xx_hal_uart.o(.text.UART_RxISR_16BIT_FIFOEN))
<BR><BR>[Stack]<UL><LI>Max Depth = 108<LI>Call Chain = UART_RxISR_16BIT_FIFOEN &rArr; HAL_UART_RxCpltCallback &rArr; HAL_UART_Receive_IT &rArr; UART_Start_Receive_IT
</UL>
<BR>[Calls]<UL><LI><a href="#[48]">&gt;&gt;</a>&nbsp;&nbsp;&nbsp;HAL_UARTEx_RxEventCallback
<LI><a href="#[49]">&gt;&gt;</a>&nbsp;&nbsp;&nbsp;HAL_UART_ErrorCallback
<LI><a href="#[59]">&gt;&gt;</a>&nbsp;&nbsp;&nbsp;HAL_UART_RxCpltCallback
</UL>
<BR>[Address Reference Count : 1]<UL><LI> stm32g0xx_hal_uart.o(.text.UART_Start_Receive_IT)
</UL>
<P><STRONG><a name="[2c]"></a>UART_RxISR_8BIT_FIFOEN</STRONG> (Thumb, 340 bytes, Stack size 40 bytes, stm32g0xx_hal_uart.o(.text.UART_RxISR_8BIT_FIFOEN))
<BR><BR>[Stack]<UL><LI>Max Depth = 108<LI>Call Chain = UART_RxISR_8BIT_FIFOEN &rArr; HAL_UART_RxCpltCallback &rArr; HAL_UART_Receive_IT &rArr; UART_Start_Receive_IT
</UL>
<BR>[Calls]<UL><LI><a href="#[48]">&gt;&gt;</a>&nbsp;&nbsp;&nbsp;HAL_UARTEx_RxEventCallback
<LI><a href="#[49]">&gt;&gt;</a>&nbsp;&nbsp;&nbsp;HAL_UART_ErrorCallback
<LI><a href="#[59]">&gt;&gt;</a>&nbsp;&nbsp;&nbsp;HAL_UART_RxCpltCallback
</UL>
<BR>[Address Reference Count : 1]<UL><LI> stm32g0xx_hal_uart.o(.text.UART_Start_Receive_IT)
</UL>
<P><STRONG><a name="[2a]"></a>UART_RxISR_16BIT</STRONG> (Thumb, 120 bytes, Stack size 16 bytes, stm32g0xx_hal_uart.o(.text.UART_RxISR_16BIT))
<BR><BR>[Stack]<UL><LI>Max Depth = 84<LI>Call Chain = UART_RxISR_16BIT &rArr; HAL_UART_RxCpltCallback &rArr; HAL_UART_Receive_IT &rArr; UART_Start_Receive_IT
</UL>
<BR>[Calls]<UL><LI><a href="#[48]">&gt;&gt;</a>&nbsp;&nbsp;&nbsp;HAL_UARTEx_RxEventCallback
<LI><a href="#[59]">&gt;&gt;</a>&nbsp;&nbsp;&nbsp;HAL_UART_RxCpltCallback
</UL>
<BR>[Address Reference Count : 2]<UL><LI> stm32g0xx_hal_uart.o(.text.UART_Start_Receive_IT)
<LI> stm32g0xx_hal_uart.o(.text.UART_RxISR_16BIT_FIFOEN)
</UL>
<P><STRONG><a name="[2d]"></a>UART_RxISR_8BIT</STRONG> (Thumb, 124 bytes, Stack size 16 bytes, stm32g0xx_hal_uart.o(.text.UART_RxISR_8BIT))
<BR><BR>[Stack]<UL><LI>Max Depth = 84<LI>Call Chain = UART_RxISR_8BIT &rArr; HAL_UART_RxCpltCallback &rArr; HAL_UART_Receive_IT &rArr; UART_Start_Receive_IT
</UL>
<BR>[Calls]<UL><LI><a href="#[48]">&gt;&gt;</a>&nbsp;&nbsp;&nbsp;HAL_UARTEx_RxEventCallback
<LI><a href="#[59]">&gt;&gt;</a>&nbsp;&nbsp;&nbsp;HAL_UART_RxCpltCallback
</UL>
<BR>[Address Reference Count : 1]<UL><LI> stm32g0xx_hal_uart.o(.text.UART_Start_Receive_IT)
</UL>
<P><STRONG><a name="[25]"></a>UART_DMAAbortOnError</STRONG> (Thumb, 22 bytes, Stack size 8 bytes, stm32g0xx_hal_uart.o(.text.UART_DMAAbortOnError))
<BR><BR>[Stack]<UL><LI>Max Depth = 8<LI>Call Chain = UART_DMAAbortOnError
</UL>
<BR>[Calls]<UL><LI><a href="#[49]">&gt;&gt;</a>&nbsp;&nbsp;&nbsp;HAL_UART_ErrorCallback
</UL>
<BR>[Address Reference Count : 1]<UL><LI> stm32g0xx_hal_uart.o(.text.HAL_UART_IRQHandler)
</UL>
<P><STRONG><a name="[67]"></a>_printf_core</STRONG> (Thumb, 210 bytes, Stack size 40 bytes, printf2.o(i._printf_core), UNUSED)
<BR><BR>[Called By]<UL><LI><a href="#[66]">&gt;&gt;</a>&nbsp;&nbsp;&nbsp;__0sprintf$2
</UL>

<P><STRONG><a name="[2e]"></a>_sputc</STRONG> (Thumb, 10 bytes, Stack size 0 bytes, printf2.o(i._sputc))
<BR><BR>[Called By]<UL><LI><a href="#[66]">&gt;&gt;</a>&nbsp;&nbsp;&nbsp;__0sprintf$2
</UL>
<BR>[Address Reference Count : 1]<UL><LI> printf2.o(i.__0sprintf$2)
</UL><P>
<H3>
Undefined Global Symbols
</H3><HR></body></html>
