13:21:47 **** Incremental Build of configuration Debug for project BLE_MeshLightingPRFNode ****
make -j8 all 
arm-none-eabi-gcc "C:/Users/KDS-LTP-0415/STM32Cube/Repository/STM32Cube_FW_WB_V1.16.0/Projects/P-NUCLEO-WB55.Nucleo/Applications/BLE/BLE_MeshLightingPRFNode/STM32_WPAN/app/appli_config.c" -mcpu=cortex-m4 -std=gnu11 -g3 -DUSE_HAL_DRIVER -DUSE_STM32WBXX_NUCLEO -DENABLE_USART -DSTM32WB55xx -c -I../../../../../../../Drivers/CMSIS/Device/ST/STM32WBxx/Include -I../../../../../../../Drivers/CMSIS/Include -I../../../../../../../Drivers/STM32WBxx_HAL_Driver/Inc -I../../../../../../../Drivers/BSP/P-NUCLEO-WB55.Nucleo -I../../../../../../../Middlewares/ST/STM32_WPAN/ble/mesh/Inc -I../../Core/Inc -I../../../../../../../Middlewares/ST/STM32_WPAN -I../../../../../../../Middlewares/ST/STM32_WPAN/ble/core/auto -I../../../../../../../Middlewares/ST/STM32_WPAN/utilities -I../../../../../../../Utilities/lpm/tiny_lpm -I../../../../../../../Utilities/sequencer -I../../../../../../../Middlewares/ST/STM32_WPAN/ble/core/template -I../../../../../../../Middlewares/ST/STM32_WPAN/ble/core -I../../../../../../../Middlewares/ST/STM32_WPAN/interface/patterns/ble_thread/tl -I../../../../../../../Middlewares/ST/STM32_WPAN/interface/patterns/ble_thread/shci -I../../../../../../../Middlewares/ST/STM32_WPAN/ble/mesh/MeshModel/Inc -I../../../../../../../Middlewares/ST/STM32_WPAN/interface/patterns/ble_thread -I../../STM32_WPAN/app -I../../../../../../../Middlewares/ST/STM32_WPAN/ble -O0 -ffunction-sections -fdata-sections -Wall -fstack-usage -fcyclomatic-complexity -MMD -MP -MF"Application/STM32_WPAN/app/appli_config.d" -MT"Application/STM32_WPAN/app/appli_config.o" --specs=nano.specs -mfpu=fpv4-sp-d16 -mfloat-abi=hard -mthumb -o "Application/STM32_WPAN/app/appli_config.o"
arm-none-eabi-gcc -o "BLE_MeshLightingPRFNode.elf" @"objects.list"  -l:libBle_Mesh_CM4_GCC.a -mcpu=cortex-m4 -T"C:\Users\KDS-LTP-0415\STM32Cube\Repository\STM32Cube_FW_WB_V1.16.0\Projects\P-NUCLEO-WB55.Nucleo\Applications\BLE\BLE_MeshLightingPRFNode\STM32CubeIDE\STM32WB55RGVX_FLASH.ld" --specs=nosys.specs -Wl,-Map="BLE_MeshLightingPRFNode.map" -Wl,--gc-sections -static -L../../../../../../../Middlewares/ST/STM32_WPAN/ble/mesh/Library --specs=nano.specs -mfpu=fpv4-sp-d16 -mfloat-abi=hard -mthumb -Wl,--start-group -lc -lm -Wl,--end-group
Finished building target: BLE_MeshLightingPRFNode.elf
 
arm-none-eabi-size   BLE_MeshLightingPRFNode.elf 
arm-none-eabi-objdump -h -S  BLE_MeshLightingPRFNode.elf  > "BLE_MeshLightingPRFNode.list"
arm-none-eabi-objcopy  -O ihex  BLE_MeshLightingPRFNode.elf  "BLE_MeshLightingPRFNode.hex"
   text	   data	    bss	    dec	    hex	filename
 204348	    394	  39583	 244325	  3ba65	BLE_MeshLightingPRFNode.elf
Finished building: default.size.stdout
 
Finished building: BLE_MeshLightingPRFNode.hex
 
Finished building: BLE_MeshLightingPRFNode.list
 

13:21:49 Build Finished. 0 errors, 0 warnings. (took 2s.200ms)

