14:44:46 **** Incremental Build of configuration Debug for project low_pass_filter ****
make -j8 all 
arm-none-eabi-gcc "../Core/Src/main.c" -mcpu=cortex-m0plus -std=gnu11 -g3 -DDEBUG -DUSE_HAL_DRIVER -DSTM32G030xx -c -I../Core/Inc -I../Drivers/STM32G0xx_HAL_Driver/Inc -I../Drivers/STM32G0xx_HAL_Driver/Inc/Legacy -I../Drivers/CMSIS/Device/ST/STM32G0xx/Include -I../Drivers/CMSIS/Include -O3 -ffunction-sections -fdata-sections -Wall -fstack-usage -fcyclomatic-complexity -MMD -MP -MF"Core/Src/main.d" -MT"Core/Src/main.o" --specs=nano.specs -mfloat-abi=soft -mthumb -o "Core/Src/main.o"
arm-none-eabi-gcc -o "low_pass_filter.elf" @"objects.list"   -mcpu=cortex-m0plus -T"D:\Self-Learning\learn-stm32\low_pass_filter\STM32G030C6TX_FLASH.ld" --specs=nosys.specs -Wl,-Map="low_pass_filter.map" -Wl,--gc-sections -static --specs=nano.specs -mfloat-abi=soft -mthumb -Wl,--start-group -lc -lm -Wl,--end-group
Finished building target: low_pass_filter.elf
 
arm-none-eabi-size   low_pass_filter.elf 
arm-none-eabi-objdump -h -S  low_pass_filter.elf  > "low_pass_filter.list"
   text	   data	    bss	    dec	    hex	filename
  20044	     20	   1936	  22000	   55f0	low_pass_filter.elf
Finished building: default.size.stdout
 
Finished building: low_pass_filter.list
 

14:44:47 Build Finished. 0 errors, 0 warnings. (took 1s.66ms)

