16:47:11 **** Incremental Build of configuration Debug for project STM32WB15CC_BLE Logger ****
make -j8 all 
arm-none-eabi-gcc "../Core/Src/app_debug.c" -mcpu=cortex-m4 -std=gnu11 -g3 -DDEBUG -DUSE_HAL_DRIVER -DSTM32WB15xx -c -I../Core/Inc -I../STM32_WPAN/App -I../Drivers/STM32WBxx_HAL_Driver/Inc -I../Drivers/STM32WBxx_HAL_Driver/Inc/Legacy -I../Utilities/lpm/tiny_lpm -I../Middlewares/ST/STM32_WPAN -I../Middlewares/ST/STM32_WPAN/interface/patterns/ble_thread -I../Middlewares/ST/STM32_WPAN/interface/patterns/ble_thread/tl -I../Middlewares/ST/STM32_WPAN/interface/patterns/ble_thread/shci -I../Middlewares/ST/STM32_WPAN/utilities -I../Middlewares/ST/STM32_WPAN/ble/core -I../Middlewares/ST/STM32_WPAN/ble/core/auto -I../Middlewares/ST/STM32_WPAN/ble/core/template -I../Middlewares/ST/STM32_WPAN/ble/svc/Inc -I../Middlewares/ST/STM32_WPAN/ble/svc/Src -I../Drivers/CMSIS/Device/ST/STM32WBxx/Include -I../Utilities/sequencer -I../Middlewares/ST/STM32_WPAN/ble -I../Drivers/CMSIS/Include -O0 -ffunction-sections -fdata-sections -Wall -fstack-usage -fcyclomatic-complexity -MMD -MP -MF"Core/Src/app_debug.d" -MT"Core/Src/app_debug.o" --specs=nano.specs -mfpu=fpv4-sp-d16 -mfloat-abi=hard -mthumb -o "Core/Src/app_debug.o"
arm-none-eabi-gcc -o "STM32WB15CC_BLE Logger.elf" @"objects.list"   -mcpu=cortex-m4 -T"D:\Project\Rice Cooker\BluetoothDebugger\STM32\STM32WB15CCUX_FLASH.ld" --specs=nosys.specs -Wl,-Map="STM32WB15CC_BLE Logger.map" -Wl,--gc-sections -static --specs=nano.specs -mfpu=fpv4-sp-d16 -mfloat-abi=hard -mthumb -Wl,--start-group -lc -lm -Wl,--end-group
Finished building target: STM32WB15CC_BLE Logger.elf
 
arm-none-eabi-size   STM32WB15CC_BLE\ Logger.elf 
arm-none-eabi-objdump -h -S  STM32WB15CC_BLE\ Logger.elf  > "STM32WB15CC_BLE Logger.list"
   text	   data	    bss	    dec	    hex	filename
  48704	   2397	   6671	  57772	   e1ac	STM32WB15CC_BLE Logger.elf
Finished building: default.size.stdout
 
Finished building: STM32WB15CC_BLE Logger.list
 

16:47:12 Build Finished. 0 errors, 0 warnings. (took 1s.466ms)

