08:37:16 **** Build of configuration Debug for project VL53L5CX_SimpleRanging ****
make -j8 all 
arm-none-eabi-gcc "D:/Fiverr/TOF Sensor with Servo_NUCLEO F446RE/VL53L5CX_SimpleRanging/Drivers/STM32F4xx_HAL_Driver/Src/stm32f4xx_hal.c" -mcpu=cortex-m4 -std=gnu11 -g3 -DDEBUG -DUSE_HAL_DRIVER -DSTM32F401xE -c -I../../Inc -I../../Drivers/STM32F4xx_HAL_Driver/Inc -I../../Drivers/STM32F4xx_HAL_Driver/Inc/Legacy -I../../Drivers/CMSIS/Device/ST/STM32F4xx/Include -I../../Drivers/CMSIS/Include -I../../Drivers/BSP/Components/vl53l5cx/modules -I../../Drivers/BSP/Components/vl53l5cx/porting -I../../Drivers/BSP/Components/vl53l5cx -I"D:/Fiverr/TOF Sensor with Servo_NUCLEO F446RE/VL53L5CX_SimpleRanging/STM32CubeIDE/Drivers/BSP/Components/Common" -I"D:/Fiverr/TOF Sensor with Servo_NUCLEO F446RE/VL53L5CX_SimpleRanging/STM32CubeIDE/Drivers/BSP/Components/l6208" -I"D:/Fiverr/TOF Sensor with Servo_NUCLEO F446RE/VL53L5CX_SimpleRanging/STM32CubeIDE/Drivers/BSP/STM32F4xx-Nucleo_Servo" -I"D:/Fiverr/TOF Sensor with Servo_NUCLEO F446RE/VL53L5CX_SimpleRanging/STM32CubeIDE/Drivers/BSP/X-NUCLEO-IHMxx" -O0 -ffunction-sections -fdata-sections -Wall -fstack-usage -fcyclomatic-complexity -MMD -MP -MF"Drivers/STM32F4xx_HAL_Driver/stm32f4xx_hal.d" -MT"Drivers/STM32F4xx_HAL_Driver/stm32f4xx_hal.o" --specs=nano.specs -mfpu=fpv4-sp-d16 -mfloat-abi=hard -mthumb -o "Drivers/STM32F4xx_HAL_Driver/stm32f4xx_hal.o"
arm-none-eabi-gcc "D:/Fiverr/TOF Sensor with Servo_NUCLEO F446RE/VL53L5CX_SimpleRanging/Drivers/STM32F4xx_HAL_Driver/Src/stm32f4xx_hal_cortex.c" -mcpu=cortex-m4 -std=gnu11 -g3 -DDEBUG -DUSE_HAL_DRIVER -DSTM32F401xE -c -I../../Inc -I../../Drivers/STM32F4xx_HAL_Driver/Inc -I../../Drivers/STM32F4xx_HAL_Driver/Inc/Legacy -I../../Drivers/CMSIS/Device/ST/STM32F4xx/Include -I../../Drivers/CMSIS/Include -I../../Drivers/BSP/Components/vl53l5cx/modules -I../../Drivers/BSP/Components/vl53l5cx/porting -I../../Drivers/BSP/Components/vl53l5cx -I"D:/Fiverr/TOF Sensor with Servo_NUCLEO F446RE/VL53L5CX_SimpleRanging/STM32CubeIDE/Drivers/BSP/Components/Common" -I"D:/Fiverr/TOF Sensor with Servo_NUCLEO F446RE/VL53L5CX_SimpleRanging/STM32CubeIDE/Drivers/BSP/Components/l6208" -I"D:/Fiverr/TOF Sensor with Servo_NUCLEO F446RE/VL53L5CX_SimpleRanging/STM32CubeIDE/Drivers/BSP/STM32F4xx-Nucleo_Servo" -I"D:/Fiverr/TOF Sensor with Servo_NUCLEO F446RE/VL53L5CX_SimpleRanging/STM32CubeIDE/Drivers/BSP/X-NUCLEO-IHMxx" -O0 -ffunction-sections -fdata-sections -Wall -fstack-usage -fcyclomatic-complexity -MMD -MP -MF"Drivers/STM32F4xx_HAL_Driver/stm32f4xx_hal_cortex.d" -MT"Drivers/STM32F4xx_HAL_Driver/stm32f4xx_hal_cortex.o" --specs=nano.specs -mfpu=fpv4-sp-d16 -mfloat-abi=hard -mthumb -o "Drivers/STM32F4xx_HAL_Driver/stm32f4xx_hal_cortex.o"
arm-none-eabi-gcc "D:/Fiverr/TOF Sensor with Servo_NUCLEO F446RE/VL53L5CX_SimpleRanging/Drivers/STM32F4xx_HAL_Driver/Src/stm32f4xx_hal_dma.c" -mcpu=cortex-m4 -std=gnu11 -g3 -DDEBUG -DUSE_HAL_DRIVER -DSTM32F401xE -c -I../../Inc -I../../Drivers/STM32F4xx_HAL_Driver/Inc -I../../Drivers/STM32F4xx_HAL_Driver/Inc/Legacy -I../../Drivers/CMSIS/Device/ST/STM32F4xx/Include -I../../Drivers/CMSIS/Include -I../../Drivers/BSP/Components/vl53l5cx/modules -I../../Drivers/BSP/Components/vl53l5cx/porting -I../../Drivers/BSP/Components/vl53l5cx -I"D:/Fiverr/TOF Sensor with Servo_NUCLEO F446RE/VL53L5CX_SimpleRanging/STM32CubeIDE/Drivers/BSP/Components/Common" -I"D:/Fiverr/TOF Sensor with Servo_NUCLEO F446RE/VL53L5CX_SimpleRanging/STM32CubeIDE/Drivers/BSP/Components/l6208" -I"D:/Fiverr/TOF Sensor with Servo_NUCLEO F446RE/VL53L5CX_SimpleRanging/STM32CubeIDE/Drivers/BSP/STM32F4xx-Nucleo_Servo" -I"D:/Fiverr/TOF Sensor with Servo_NUCLEO F446RE/VL53L5CX_SimpleRanging/STM32CubeIDE/Drivers/BSP/X-NUCLEO-IHMxx" -O0 -ffunction-sections -fdata-sections -Wall -fstack-usage -fcyclomatic-complexity -MMD -MP -MF"Drivers/STM32F4xx_HAL_Driver/stm32f4xx_hal_dma.d" -MT"Drivers/STM32F4xx_HAL_Driver/stm32f4xx_hal_dma.o" --specs=nano.specs -mfpu=fpv4-sp-d16 -mfloat-abi=hard -mthumb -o "Drivers/STM32F4xx_HAL_Driver/stm32f4xx_hal_dma.o"
arm-none-eabi-gcc "D:/Fiverr/TOF Sensor with Servo_NUCLEO F446RE/VL53L5CX_SimpleRanging/Drivers/STM32F4xx_HAL_Driver/Src/stm32f4xx_hal_dma_ex.c" -mcpu=cortex-m4 -std=gnu11 -g3 -DDEBUG -DUSE_HAL_DRIVER -DSTM32F401xE -c -I../../Inc -I../../Drivers/STM32F4xx_HAL_Driver/Inc -I../../Drivers/STM32F4xx_HAL_Driver/Inc/Legacy -I../../Drivers/CMSIS/Device/ST/STM32F4xx/Include -I../../Drivers/CMSIS/Include -I../../Drivers/BSP/Components/vl53l5cx/modules -I../../Drivers/BSP/Components/vl53l5cx/porting -I../../Drivers/BSP/Components/vl53l5cx -I"D:/Fiverr/TOF Sensor with Servo_NUCLEO F446RE/VL53L5CX_SimpleRanging/STM32CubeIDE/Drivers/BSP/Components/Common" -I"D:/Fiverr/TOF Sensor with Servo_NUCLEO F446RE/VL53L5CX_SimpleRanging/STM32CubeIDE/Drivers/BSP/Components/l6208" -I"D:/Fiverr/TOF Sensor with Servo_NUCLEO F446RE/VL53L5CX_SimpleRanging/STM32CubeIDE/Drivers/BSP/STM32F4xx-Nucleo_Servo" -I"D:/Fiverr/TOF Sensor with Servo_NUCLEO F446RE/VL53L5CX_SimpleRanging/STM32CubeIDE/Drivers/BSP/X-NUCLEO-IHMxx" -O0 -ffunction-sections -fdata-sections -Wall -fstack-usage -fcyclomatic-complexity -MMD -MP -MF"Drivers/STM32F4xx_HAL_Driver/stm32f4xx_hal_dma_ex.d" -MT"Drivers/STM32F4xx_HAL_Driver/stm32f4xx_hal_dma_ex.o" --specs=nano.specs -mfpu=fpv4-sp-d16 -mfloat-abi=hard -mthumb -o "Drivers/STM32F4xx_HAL_Driver/stm32f4xx_hal_dma_ex.o"
arm-none-eabi-gcc "D:/Fiverr/TOF Sensor with Servo_NUCLEO F446RE/VL53L5CX_SimpleRanging/Drivers/STM32F4xx_HAL_Driver/Src/stm32f4xx_hal_exti.c" -mcpu=cortex-m4 -std=gnu11 -g3 -DDEBUG -DUSE_HAL_DRIVER -DSTM32F401xE -c -I../../Inc -I../../Drivers/STM32F4xx_HAL_Driver/Inc -I../../Drivers/STM32F4xx_HAL_Driver/Inc/Legacy -I../../Drivers/CMSIS/Device/ST/STM32F4xx/Include -I../../Drivers/CMSIS/Include -I../../Drivers/BSP/Components/vl53l5cx/modules -I../../Drivers/BSP/Components/vl53l5cx/porting -I../../Drivers/BSP/Components/vl53l5cx -I"D:/Fiverr/TOF Sensor with Servo_NUCLEO F446RE/VL53L5CX_SimpleRanging/STM32CubeIDE/Drivers/BSP/Components/Common" -I"D:/Fiverr/TOF Sensor with Servo_NUCLEO F446RE/VL53L5CX_SimpleRanging/STM32CubeIDE/Drivers/BSP/Components/l6208" -I"D:/Fiverr/TOF Sensor with Servo_NUCLEO F446RE/VL53L5CX_SimpleRanging/STM32CubeIDE/Drivers/BSP/STM32F4xx-Nucleo_Servo" -I"D:/Fiverr/TOF Sensor with Servo_NUCLEO F446RE/VL53L5CX_SimpleRanging/STM32CubeIDE/Drivers/BSP/X-NUCLEO-IHMxx" -O0 -ffunction-sections -fdata-sections -Wall -fstack-usage -fcyclomatic-complexity -MMD -MP -MF"Drivers/STM32F4xx_HAL_Driver/stm32f4xx_hal_exti.d" -MT"Drivers/STM32F4xx_HAL_Driver/stm32f4xx_hal_exti.o" --specs=nano.specs -mfpu=fpv4-sp-d16 -mfloat-abi=hard -mthumb -o "Drivers/STM32F4xx_HAL_Driver/stm32f4xx_hal_exti.o"
arm-none-eabi-gcc "D:/Fiverr/TOF Sensor with Servo_NUCLEO F446RE/VL53L5CX_SimpleRanging/Drivers/STM32F4xx_HAL_Driver/Src/stm32f4xx_hal_flash.c" -mcpu=cortex-m4 -std=gnu11 -g3 -DDEBUG -DUSE_HAL_DRIVER -DSTM32F401xE -c -I../../Inc -I../../Drivers/STM32F4xx_HAL_Driver/Inc -I../../Drivers/STM32F4xx_HAL_Driver/Inc/Legacy -I../../Drivers/CMSIS/Device/ST/STM32F4xx/Include -I../../Drivers/CMSIS/Include -I../../Drivers/BSP/Components/vl53l5cx/modules -I../../Drivers/BSP/Components/vl53l5cx/porting -I../../Drivers/BSP/Components/vl53l5cx -I"D:/Fiverr/TOF Sensor with Servo_NUCLEO F446RE/VL53L5CX_SimpleRanging/STM32CubeIDE/Drivers/BSP/Components/Common" -I"D:/Fiverr/TOF Sensor with Servo_NUCLEO F446RE/VL53L5CX_SimpleRanging/STM32CubeIDE/Drivers/BSP/Components/l6208" -I"D:/Fiverr/TOF Sensor with Servo_NUCLEO F446RE/VL53L5CX_SimpleRanging/STM32CubeIDE/Drivers/BSP/STM32F4xx-Nucleo_Servo" -I"D:/Fiverr/TOF Sensor with Servo_NUCLEO F446RE/VL53L5CX_SimpleRanging/STM32CubeIDE/Drivers/BSP/X-NUCLEO-IHMxx" -O0 -ffunction-sections -fdata-sections -Wall -fstack-usage -fcyclomatic-complexity -MMD -MP -MF"Drivers/STM32F4xx_HAL_Driver/stm32f4xx_hal_flash.d" -MT"Drivers/STM32F4xx_HAL_Driver/stm32f4xx_hal_flash.o" --specs=nano.specs -mfpu=fpv4-sp-d16 -mfloat-abi=hard -mthumb -o "Drivers/STM32F4xx_HAL_Driver/stm32f4xx_hal_flash.o"
arm-none-eabi-gcc "D:/Fiverr/TOF Sensor with Servo_NUCLEO F446RE/VL53L5CX_SimpleRanging/Drivers/STM32F4xx_HAL_Driver/Src/stm32f4xx_hal_flash_ex.c" -mcpu=cortex-m4 -std=gnu11 -g3 -DDEBUG -DUSE_HAL_DRIVER -DSTM32F401xE -c -I../../Inc -I../../Drivers/STM32F4xx_HAL_Driver/Inc -I../../Drivers/STM32F4xx_HAL_Driver/Inc/Legacy -I../../Drivers/CMSIS/Device/ST/STM32F4xx/Include -I../../Drivers/CMSIS/Include -I../../Drivers/BSP/Components/vl53l5cx/modules -I../../Drivers/BSP/Components/vl53l5cx/porting -I../../Drivers/BSP/Components/vl53l5cx -I"D:/Fiverr/TOF Sensor with Servo_NUCLEO F446RE/VL53L5CX_SimpleRanging/STM32CubeIDE/Drivers/BSP/Components/Common" -I"D:/Fiverr/TOF Sensor with Servo_NUCLEO F446RE/VL53L5CX_SimpleRanging/STM32CubeIDE/Drivers/BSP/Components/l6208" -I"D:/Fiverr/TOF Sensor with Servo_NUCLEO F446RE/VL53L5CX_SimpleRanging/STM32CubeIDE/Drivers/BSP/STM32F4xx-Nucleo_Servo" -I"D:/Fiverr/TOF Sensor with Servo_NUCLEO F446RE/VL53L5CX_SimpleRanging/STM32CubeIDE/Drivers/BSP/X-NUCLEO-IHMxx" -O0 -ffunction-sections -fdata-sections -Wall -fstack-usage -fcyclomatic-complexity -MMD -MP -MF"Drivers/STM32F4xx_HAL_Driver/stm32f4xx_hal_flash_ex.d" -MT"Drivers/STM32F4xx_HAL_Driver/stm32f4xx_hal_flash_ex.o" --specs=nano.specs -mfpu=fpv4-sp-d16 -mfloat-abi=hard -mthumb -o "Drivers/STM32F4xx_HAL_Driver/stm32f4xx_hal_flash_ex.o"
arm-none-eabi-gcc "D:/Fiverr/TOF Sensor with Servo_NUCLEO F446RE/VL53L5CX_SimpleRanging/Drivers/STM32F4xx_HAL_Driver/Src/stm32f4xx_hal_flash_ramfunc.c" -mcpu=cortex-m4 -std=gnu11 -g3 -DDEBUG -DUSE_HAL_DRIVER -DSTM32F401xE -c -I../../Inc -I../../Drivers/STM32F4xx_HAL_Driver/Inc -I../../Drivers/STM32F4xx_HAL_Driver/Inc/Legacy -I../../Drivers/CMSIS/Device/ST/STM32F4xx/Include -I../../Drivers/CMSIS/Include -I../../Drivers/BSP/Components/vl53l5cx/modules -I../../Drivers/BSP/Components/vl53l5cx/porting -I../../Drivers/BSP/Components/vl53l5cx -I"D:/Fiverr/TOF Sensor with Servo_NUCLEO F446RE/VL53L5CX_SimpleRanging/STM32CubeIDE/Drivers/BSP/Components/Common" -I"D:/Fiverr/TOF Sensor with Servo_NUCLEO F446RE/VL53L5CX_SimpleRanging/STM32CubeIDE/Drivers/BSP/Components/l6208" -I"D:/Fiverr/TOF Sensor with Servo_NUCLEO F446RE/VL53L5CX_SimpleRanging/STM32CubeIDE/Drivers/BSP/STM32F4xx-Nucleo_Servo" -I"D:/Fiverr/TOF Sensor with Servo_NUCLEO F446RE/VL53L5CX_SimpleRanging/STM32CubeIDE/Drivers/BSP/X-NUCLEO-IHMxx" -O0 -ffunction-sections -fdata-sections -Wall -fstack-usage -fcyclomatic-complexity -MMD -MP -MF"Drivers/STM32F4xx_HAL_Driver/stm32f4xx_hal_flash_ramfunc.d" -MT"Drivers/STM32F4xx_HAL_Driver/stm32f4xx_hal_flash_ramfunc.o" --specs=nano.specs -mfpu=fpv4-sp-d16 -mfloat-abi=hard -mthumb -o "Drivers/STM32F4xx_HAL_Driver/stm32f4xx_hal_flash_ramfunc.o"
arm-none-eabi-gcc "D:/Fiverr/TOF Sensor with Servo_NUCLEO F446RE/VL53L5CX_SimpleRanging/Drivers/STM32F4xx_HAL_Driver/Src/stm32f4xx_hal_gpio.c" -mcpu=cortex-m4 -std=gnu11 -g3 -DDEBUG -DUSE_HAL_DRIVER -DSTM32F401xE -c -I../../Inc -I../../Drivers/STM32F4xx_HAL_Driver/Inc -I../../Drivers/STM32F4xx_HAL_Driver/Inc/Legacy -I../../Drivers/CMSIS/Device/ST/STM32F4xx/Include -I../../Drivers/CMSIS/Include -I../../Drivers/BSP/Components/vl53l5cx/modules -I../../Drivers/BSP/Components/vl53l5cx/porting -I../../Drivers/BSP/Components/vl53l5cx -I"D:/Fiverr/TOF Sensor with Servo_NUCLEO F446RE/VL53L5CX_SimpleRanging/STM32CubeIDE/Drivers/BSP/Components/Common" -I"D:/Fiverr/TOF Sensor with Servo_NUCLEO F446RE/VL53L5CX_SimpleRanging/STM32CubeIDE/Drivers/BSP/Components/l6208" -I"D:/Fiverr/TOF Sensor with Servo_NUCLEO F446RE/VL53L5CX_SimpleRanging/STM32CubeIDE/Drivers/BSP/STM32F4xx-Nucleo_Servo" -I"D:/Fiverr/TOF Sensor with Servo_NUCLEO F446RE/VL53L5CX_SimpleRanging/STM32CubeIDE/Drivers/BSP/X-NUCLEO-IHMxx" -O0 -ffunction-sections -fdata-sections -Wall -fstack-usage -fcyclomatic-complexity -MMD -MP -MF"Drivers/STM32F4xx_HAL_Driver/stm32f4xx_hal_gpio.d" -MT"Drivers/STM32F4xx_HAL_Driver/stm32f4xx_hal_gpio.o" --specs=nano.specs -mfpu=fpv4-sp-d16 -mfloat-abi=hard -mthumb -o "Drivers/STM32F4xx_HAL_Driver/stm32f4xx_hal_gpio.o"
arm-none-eabi-gcc "D:/Fiverr/TOF Sensor with Servo_NUCLEO F446RE/VL53L5CX_SimpleRanging/Src/system_stm32f4xx.c" -mcpu=cortex-m4 -std=gnu11 -g3 -DDEBUG -DUSE_HAL_DRIVER -DSTM32F401xE -c -I../../Inc -I../../Drivers/STM32F4xx_HAL_Driver/Inc -I../../Drivers/STM32F4xx_HAL_Driver/Inc/Legacy -I../../Drivers/CMSIS/Device/ST/STM32F4xx/Include -I../../Drivers/CMSIS/Include -I../../Drivers/BSP/Components/vl53l5cx/modules -I../../Drivers/BSP/Components/vl53l5cx/porting -I../../Drivers/BSP/Components/vl53l5cx -I"D:/Fiverr/TOF Sensor with Servo_NUCLEO F446RE/VL53L5CX_SimpleRanging/STM32CubeIDE/Drivers/BSP/Components/Common" -I"D:/Fiverr/TOF Sensor with Servo_NUCLEO F446RE/VL53L5CX_SimpleRanging/STM32CubeIDE/Drivers/BSP/Components/l6208" -I"D:/Fiverr/TOF Sensor with Servo_NUCLEO F446RE/VL53L5CX_SimpleRanging/STM32CubeIDE/Drivers/BSP/STM32F4xx-Nucleo_Servo" -I"D:/Fiverr/TOF Sensor with Servo_NUCLEO F446RE/VL53L5CX_SimpleRanging/STM32CubeIDE/Drivers/BSP/X-NUCLEO-IHMxx" -O0 -ffunction-sections -fdata-sections -Wall -fstack-usage -fcyclomatic-complexity -MMD -MP -MF"Drivers/CMSIS/system_stm32f4xx.d" -MT"Drivers/CMSIS/system_stm32f4xx.o" --specs=nano.specs -mfpu=fpv4-sp-d16 -mfloat-abi=hard -mthumb -o "Drivers/CMSIS/system_stm32f4xx.o"
arm-none-eabi-gcc "../Drivers/BSP/X-NUCLEO-IHMxx/x_nucleo_ihm05a1_stm32f4xx.c" -mcpu=cortex-m4 -std=gnu11 -g3 -DDEBUG -DUSE_HAL_DRIVER -DSTM32F401xE -c -I../../Inc -I../../Drivers/STM32F4xx_HAL_Driver/Inc -I../../Drivers/STM32F4xx_HAL_Driver/Inc/Legacy -I../../Drivers/CMSIS/Device/ST/STM32F4xx/Include -I../../Drivers/CMSIS/Include -I../../Drivers/BSP/Components/vl53l5cx/modules -I../../Drivers/BSP/Components/vl53l5cx/porting -I../../Drivers/BSP/Components/vl53l5cx -I"D:/Fiverr/TOF Sensor with Servo_NUCLEO F446RE/VL53L5CX_SimpleRanging/STM32CubeIDE/Drivers/BSP/Components/Common" -I"D:/Fiverr/TOF Sensor with Servo_NUCLEO F446RE/VL53L5CX_SimpleRanging/STM32CubeIDE/Drivers/BSP/Components/l6208" -I"D:/Fiverr/TOF Sensor with Servo_NUCLEO F446RE/VL53L5CX_SimpleRanging/STM32CubeIDE/Drivers/BSP/STM32F4xx-Nucleo_Servo" -I"D:/Fiverr/TOF Sensor with Servo_NUCLEO F446RE/VL53L5CX_SimpleRanging/STM32CubeIDE/Drivers/BSP/X-NUCLEO-IHMxx" -O0 -ffunction-sections -fdata-sections -Wall -fstack-usage -fcyclomatic-complexity -MMD -MP -MF"Drivers/BSP/X-NUCLEO-IHMxx/x_nucleo_ihm05a1_stm32f4xx.d" -MT"Drivers/BSP/X-NUCLEO-IHMxx/x_nucleo_ihm05a1_stm32f4xx.o" --specs=nano.specs -mfpu=fpv4-sp-d16 -mfloat-abi=hard -mthumb -o "Drivers/BSP/X-NUCLEO-IHMxx/x_nucleo_ihm05a1_stm32f4xx.o"
arm-none-eabi-gcc "../Drivers/BSP/X-NUCLEO-IHMxx/x_nucleo_ihmxx.c" -mcpu=cortex-m4 -std=gnu11 -g3 -DDEBUG -DUSE_HAL_DRIVER -DSTM32F401xE -c -I../../Inc -I../../Drivers/STM32F4xx_HAL_Driver/Inc -I../../Drivers/STM32F4xx_HAL_Driver/Inc/Legacy -I../../Drivers/CMSIS/Device/ST/STM32F4xx/Include -I../../Drivers/CMSIS/Include -I../../Drivers/BSP/Components/vl53l5cx/modules -I../../Drivers/BSP/Components/vl53l5cx/porting -I../../Drivers/BSP/Components/vl53l5cx -I"D:/Fiverr/TOF Sensor with Servo_NUCLEO F446RE/VL53L5CX_SimpleRanging/STM32CubeIDE/Drivers/BSP/Components/Common" -I"D:/Fiverr/TOF Sensor with Servo_NUCLEO F446RE/VL53L5CX_SimpleRanging/STM32CubeIDE/Drivers/BSP/Components/l6208" -I"D:/Fiverr/TOF Sensor with Servo_NUCLEO F446RE/VL53L5CX_SimpleRanging/STM32CubeIDE/Drivers/BSP/STM32F4xx-Nucleo_Servo" -I"D:/Fiverr/TOF Sensor with Servo_NUCLEO F446RE/VL53L5CX_SimpleRanging/STM32CubeIDE/Drivers/BSP/X-NUCLEO-IHMxx" -O0 -ffunction-sections -fdata-sections -Wall -fstack-usage -fcyclomatic-complexity -MMD -MP -MF"Drivers/BSP/X-NUCLEO-IHMxx/x_nucleo_ihmxx.d" -MT"Drivers/BSP/X-NUCLEO-IHMxx/x_nucleo_ihmxx.o" --specs=nano.specs -mfpu=fpv4-sp-d16 -mfloat-abi=hard -mthumb -o "Drivers/BSP/X-NUCLEO-IHMxx/x_nucleo_ihmxx.o"
arm-none-eabi-gcc "../Drivers/BSP/STM32F4xx-Nucleo_Servo/stm32f4xx_nucleo_servo.c" -mcpu=cortex-m4 -std=gnu11 -g3 -DDEBUG -DUSE_HAL_DRIVER -DSTM32F401xE -c -I../../Inc -I../../Drivers/STM32F4xx_HAL_Driver/Inc -I../../Drivers/STM32F4xx_HAL_Driver/Inc/Legacy -I../../Drivers/CMSIS/Device/ST/STM32F4xx/Include -I../../Drivers/CMSIS/Include -I../../Drivers/BSP/Components/vl53l5cx/modules -I../../Drivers/BSP/Components/vl53l5cx/porting -I../../Drivers/BSP/Components/vl53l5cx -I"D:/Fiverr/TOF Sensor with Servo_NUCLEO F446RE/VL53L5CX_SimpleRanging/STM32CubeIDE/Drivers/BSP/Components/Common" -I"D:/Fiverr/TOF Sensor with Servo_NUCLEO F446RE/VL53L5CX_SimpleRanging/STM32CubeIDE/Drivers/BSP/Components/l6208" -I"D:/Fiverr/TOF Sensor with Servo_NUCLEO F446RE/VL53L5CX_SimpleRanging/STM32CubeIDE/Drivers/BSP/STM32F4xx-Nucleo_Servo" -I"D:/Fiverr/TOF Sensor with Servo_NUCLEO F446RE/VL53L5CX_SimpleRanging/STM32CubeIDE/Drivers/BSP/X-NUCLEO-IHMxx" -O0 -ffunction-sections -fdata-sections -Wall -fstack-usage -fcyclomatic-complexity -MMD -MP -MF"Drivers/BSP/STM32F4xx-Nucleo_Servo/stm32f4xx_nucleo_servo.d" -MT"Drivers/BSP/STM32F4xx-Nucleo_Servo/stm32f4xx_nucleo_servo.o" --specs=nano.specs -mfpu=fpv4-sp-d16 -mfloat-abi=hard -mthumb -o "Drivers/BSP/STM32F4xx-Nucleo_Servo/stm32f4xx_nucleo_servo.o"
arm-none-eabi-gcc "../Drivers/BSP/Components/l6208/l6208.c" -mcpu=cortex-m4 -std=gnu11 -g3 -DDEBUG -DUSE_HAL_DRIVER -DSTM32F401xE -c -I../../Inc -I../../Drivers/STM32F4xx_HAL_Driver/Inc -I../../Drivers/STM32F4xx_HAL_Driver/Inc/Legacy -I../../Drivers/CMSIS/Device/ST/STM32F4xx/Include -I../../Drivers/CMSIS/Include -I../../Drivers/BSP/Components/vl53l5cx/modules -I../../Drivers/BSP/Components/vl53l5cx/porting -I../../Drivers/BSP/Components/vl53l5cx -I"D:/Fiverr/TOF Sensor with Servo_NUCLEO F446RE/VL53L5CX_SimpleRanging/STM32CubeIDE/Drivers/BSP/Components/Common" -I"D:/Fiverr/TOF Sensor with Servo_NUCLEO F446RE/VL53L5CX_SimpleRanging/STM32CubeIDE/Drivers/BSP/Components/l6208" -I"D:/Fiverr/TOF Sensor with Servo_NUCLEO F446RE/VL53L5CX_SimpleRanging/STM32CubeIDE/Drivers/BSP/STM32F4xx-Nucleo_Servo" -I"D:/Fiverr/TOF Sensor with Servo_NUCLEO F446RE/VL53L5CX_SimpleRanging/STM32CubeIDE/Drivers/BSP/X-NUCLEO-IHMxx" -O0 -ffunction-sections -fdata-sections -Wall -fstack-usage -fcyclomatic-complexity -MMD -MP -MF"Drivers/BSP/Components/l6208/l6208.d" -MT"Drivers/BSP/Components/l6208/l6208.o" --specs=nano.specs -mfpu=fpv4-sp-d16 -mfloat-abi=hard -mthumb -o "Drivers/BSP/Components/l6208/l6208.o"
arm-none-eabi-gcc "D:/Fiverr/TOF Sensor with Servo_NUCLEO F446RE/VL53L5CX_SimpleRanging/Src/app_tof.c" -mcpu=cortex-m4 -std=gnu11 -g3 -DDEBUG -DUSE_HAL_DRIVER -DSTM32F401xE -c -I../../Inc -I../../Drivers/STM32F4xx_HAL_Driver/Inc -I../../Drivers/STM32F4xx_HAL_Driver/Inc/Legacy -I../../Drivers/CMSIS/Device/ST/STM32F4xx/Include -I../../Drivers/CMSIS/Include -I../../Drivers/BSP/Components/vl53l5cx/modules -I../../Drivers/BSP/Components/vl53l5cx/porting -I../../Drivers/BSP/Components/vl53l5cx -I"D:/Fiverr/TOF Sensor with Servo_NUCLEO F446RE/VL53L5CX_SimpleRanging/STM32CubeIDE/Drivers/BSP/Components/Common" -I"D:/Fiverr/TOF Sensor with Servo_NUCLEO F446RE/VL53L5CX_SimpleRanging/STM32CubeIDE/Drivers/BSP/Components/l6208" -I"D:/Fiverr/TOF Sensor with Servo_NUCLEO F446RE/VL53L5CX_SimpleRanging/STM32CubeIDE/Drivers/BSP/STM32F4xx-Nucleo_Servo" -I"D:/Fiverr/TOF Sensor with Servo_NUCLEO F446RE/VL53L5CX_SimpleRanging/STM32CubeIDE/Drivers/BSP/X-NUCLEO-IHMxx" -O0 -ffunction-sections -fdata-sections -Wall -fstack-usage -fcyclomatic-complexity -MMD -MP -MF"Application/User/app_tof.d" -MT"Application/User/app_tof.o" --specs=nano.specs -mfpu=fpv4-sp-d16 -mfloat-abi=hard -mthumb -o "Application/User/app_tof.o"
arm-none-eabi-gcc "D:/Fiverr/TOF Sensor with Servo_NUCLEO F446RE/VL53L5CX_SimpleRanging/Src/app_tof_pin_conf.c" -mcpu=cortex-m4 -std=gnu11 -g3 -DDEBUG -DUSE_HAL_DRIVER -DSTM32F401xE -c -I../../Inc -I../../Drivers/STM32F4xx_HAL_Driver/Inc -I../../Drivers/STM32F4xx_HAL_Driver/Inc/Legacy -I../../Drivers/CMSIS/Device/ST/STM32F4xx/Include -I../../Drivers/CMSIS/Include -I../../Drivers/BSP/Components/vl53l5cx/modules -I../../Drivers/BSP/Components/vl53l5cx/porting -I../../Drivers/BSP/Components/vl53l5cx -I"D:/Fiverr/TOF Sensor with Servo_NUCLEO F446RE/VL53L5CX_SimpleRanging/STM32CubeIDE/Drivers/BSP/Components/Common" -I"D:/Fiverr/TOF Sensor with Servo_NUCLEO F446RE/VL53L5CX_SimpleRanging/STM32CubeIDE/Drivers/BSP/Components/l6208" -I"D:/Fiverr/TOF Sensor with Servo_NUCLEO F446RE/VL53L5CX_SimpleRanging/STM32CubeIDE/Drivers/BSP/STM32F4xx-Nucleo_Servo" -I"D:/Fiverr/TOF Sensor with Servo_NUCLEO F446RE/VL53L5CX_SimpleRanging/STM32CubeIDE/Drivers/BSP/X-NUCLEO-IHMxx" -O0 -ffunction-sections -fdata-sections -Wall -fstack-usage -fcyclomatic-complexity -MMD -MP -MF"Application/User/app_tof_pin_conf.d" -MT"Application/User/app_tof_pin_conf.o" --specs=nano.specs -mfpu=fpv4-sp-d16 -mfloat-abi=hard -mthumb -o "Application/User/app_tof_pin_conf.o"
arm-none-eabi-gcc "D:/Fiverr/TOF Sensor with Servo_NUCLEO F446RE/VL53L5CX_SimpleRanging/Src/custom_ranging_sensor.c" -mcpu=cortex-m4 -std=gnu11 -g3 -DDEBUG -DUSE_HAL_DRIVER -DSTM32F401xE -c -I../../Inc -I../../Drivers/STM32F4xx_HAL_Driver/Inc -I../../Drivers/STM32F4xx_HAL_Driver/Inc/Legacy -I../../Drivers/CMSIS/Device/ST/STM32F4xx/Include -I../../Drivers/CMSIS/Include -I../../Drivers/BSP/Components/vl53l5cx/modules -I../../Drivers/BSP/Components/vl53l5cx/porting -I../../Drivers/BSP/Components/vl53l5cx -I"D:/Fiverr/TOF Sensor with Servo_NUCLEO F446RE/VL53L5CX_SimpleRanging/STM32CubeIDE/Drivers/BSP/Components/Common" -I"D:/Fiverr/TOF Sensor with Servo_NUCLEO F446RE/VL53L5CX_SimpleRanging/STM32CubeIDE/Drivers/BSP/Components/l6208" -I"D:/Fiverr/TOF Sensor with Servo_NUCLEO F446RE/VL53L5CX_SimpleRanging/STM32CubeIDE/Drivers/BSP/STM32F4xx-Nucleo_Servo" -I"D:/Fiverr/TOF Sensor with Servo_NUCLEO F446RE/VL53L5CX_SimpleRanging/STM32CubeIDE/Drivers/BSP/X-NUCLEO-IHMxx" -O0 -ffunction-sections -fdata-sections -Wall -fstack-usage -fcyclomatic-complexity -MMD -MP -MF"Application/User/custom_ranging_sensor.d" -MT"Application/User/custom_ranging_sensor.o" --specs=nano.specs -mfpu=fpv4-sp-d16 -mfloat-abi=hard -mthumb -o "Application/User/custom_ranging_sensor.o"
arm-none-eabi-gcc "D:/Fiverr/TOF Sensor with Servo_NUCLEO F446RE/VL53L5CX_SimpleRanging/Src/main.c" -mcpu=cortex-m4 -std=gnu11 -g3 -DDEBUG -DUSE_HAL_DRIVER -DSTM32F401xE -c -I../../Inc -I../../Drivers/STM32F4xx_HAL_Driver/Inc -I../../Drivers/STM32F4xx_HAL_Driver/Inc/Legacy -I../../Drivers/CMSIS/Device/ST/STM32F4xx/Include -I../../Drivers/CMSIS/Include -I../../Drivers/BSP/Components/vl53l5cx/modules -I../../Drivers/BSP/Components/vl53l5cx/porting -I../../Drivers/BSP/Components/vl53l5cx -I"D:/Fiverr/TOF Sensor with Servo_NUCLEO F446RE/VL53L5CX_SimpleRanging/STM32CubeIDE/Drivers/BSP/Components/Common" -I"D:/Fiverr/TOF Sensor with Servo_NUCLEO F446RE/VL53L5CX_SimpleRanging/STM32CubeIDE/Drivers/BSP/Components/l6208" -I"D:/Fiverr/TOF Sensor with Servo_NUCLEO F446RE/VL53L5CX_SimpleRanging/STM32CubeIDE/Drivers/BSP/STM32F4xx-Nucleo_Servo" -I"D:/Fiverr/TOF Sensor with Servo_NUCLEO F446RE/VL53L5CX_SimpleRanging/STM32CubeIDE/Drivers/BSP/X-NUCLEO-IHMxx" -O0 -ffunction-sections -fdata-sections -Wall -fstack-usage -fcyclomatic-complexity -MMD -MP -MF"Application/User/main.d" -MT"Application/User/main.o" --specs=nano.specs -mfpu=fpv4-sp-d16 -mfloat-abi=hard -mthumb -o "Application/User/main.o"
arm-none-eabi-gcc "D:/Fiverr/TOF Sensor with Servo_NUCLEO F446RE/VL53L5CX_SimpleRanging/Src/stm32f4xx_hal_msp.c" -mcpu=cortex-m4 -std=gnu11 -g3 -DDEBUG -DUSE_HAL_DRIVER -DSTM32F401xE -c -I../../Inc -I../../Drivers/STM32F4xx_HAL_Driver/Inc -I../../Drivers/STM32F4xx_HAL_Driver/Inc/Legacy -I../../Drivers/CMSIS/Device/ST/STM32F4xx/Include -I../../Drivers/CMSIS/Include -I../../Drivers/BSP/Components/vl53l5cx/modules -I../../Drivers/BSP/Components/vl53l5cx/porting -I../../Drivers/BSP/Components/vl53l5cx -I"D:/Fiverr/TOF Sensor with Servo_NUCLEO F446RE/VL53L5CX_SimpleRanging/STM32CubeIDE/Drivers/BSP/Components/Common" -I"D:/Fiverr/TOF Sensor with Servo_NUCLEO F446RE/VL53L5CX_SimpleRanging/STM32CubeIDE/Drivers/BSP/Components/l6208" -I"D:/Fiverr/TOF Sensor with Servo_NUCLEO F446RE/VL53L5CX_SimpleRanging/STM32CubeIDE/Drivers/BSP/STM32F4xx-Nucleo_Servo" -I"D:/Fiverr/TOF Sensor with Servo_NUCLEO F446RE/VL53L5CX_SimpleRanging/STM32CubeIDE/Drivers/BSP/X-NUCLEO-IHMxx" -O0 -ffunction-sections -fdata-sections -Wall -fstack-usage -fcyclomatic-complexity -MMD -MP -MF"Application/User/stm32f4xx_hal_msp.d" -MT"Application/User/stm32f4xx_hal_msp.o" --specs=nano.specs -mfpu=fpv4-sp-d16 -mfloat-abi=hard -mthumb -o "Application/User/stm32f4xx_hal_msp.o"
arm-none-eabi-gcc "D:/Fiverr/TOF Sensor with Servo_NUCLEO F446RE/VL53L5CX_SimpleRanging/Src/stm32f4xx_it.c" -mcpu=cortex-m4 -std=gnu11 -g3 -DDEBUG -DUSE_HAL_DRIVER -DSTM32F401xE -c -I../../Inc -I../../Drivers/STM32F4xx_HAL_Driver/Inc -I../../Drivers/STM32F4xx_HAL_Driver/Inc/Legacy -I../../Drivers/CMSIS/Device/ST/STM32F4xx/Include -I../../Drivers/CMSIS/Include -I../../Drivers/BSP/Components/vl53l5cx/modules -I../../Drivers/BSP/Components/vl53l5cx/porting -I../../Drivers/BSP/Components/vl53l5cx -I"D:/Fiverr/TOF Sensor with Servo_NUCLEO F446RE/VL53L5CX_SimpleRanging/STM32CubeIDE/Drivers/BSP/Components/Common" -I"D:/Fiverr/TOF Sensor with Servo_NUCLEO F446RE/VL53L5CX_SimpleRanging/STM32CubeIDE/Drivers/BSP/Components/l6208" -I"D:/Fiverr/TOF Sensor with Servo_NUCLEO F446RE/VL53L5CX_SimpleRanging/STM32CubeIDE/Drivers/BSP/STM32F4xx-Nucleo_Servo" -I"D:/Fiverr/TOF Sensor with Servo_NUCLEO F446RE/VL53L5CX_SimpleRanging/STM32CubeIDE/Drivers/BSP/X-NUCLEO-IHMxx" -O0 -ffunction-sections -fdata-sections -Wall -fstack-usage -fcyclomatic-complexity -MMD -MP -MF"Application/User/stm32f4xx_it.d" -MT"Application/User/stm32f4xx_it.o" --specs=nano.specs -mfpu=fpv4-sp-d16 -mfloat-abi=hard -mthumb -o "Application/User/stm32f4xx_it.o"
arm-none-eabi-gcc "D:/Fiverr/TOF Sensor with Servo_NUCLEO F446RE/VL53L5CX_SimpleRanging/Src/stm32f4xx_nucleo.c" -mcpu=cortex-m4 -std=gnu11 -g3 -DDEBUG -DUSE_HAL_DRIVER -DSTM32F401xE -c -I../../Inc -I../../Drivers/STM32F4xx_HAL_Driver/Inc -I../../Drivers/STM32F4xx_HAL_Driver/Inc/Legacy -I../../Drivers/CMSIS/Device/ST/STM32F4xx/Include -I../../Drivers/CMSIS/Include -I../../Drivers/BSP/Components/vl53l5cx/modules -I../../Drivers/BSP/Components/vl53l5cx/porting -I../../Drivers/BSP/Components/vl53l5cx -I"D:/Fiverr/TOF Sensor with Servo_NUCLEO F446RE/VL53L5CX_SimpleRanging/STM32CubeIDE/Drivers/BSP/Components/Common" -I"D:/Fiverr/TOF Sensor with Servo_NUCLEO F446RE/VL53L5CX_SimpleRanging/STM32CubeIDE/Drivers/BSP/Components/l6208" -I"D:/Fiverr/TOF Sensor with Servo_NUCLEO F446RE/VL53L5CX_SimpleRanging/STM32CubeIDE/Drivers/BSP/STM32F4xx-Nucleo_Servo" -I"D:/Fiverr/TOF Sensor with Servo_NUCLEO F446RE/VL53L5CX_SimpleRanging/STM32CubeIDE/Drivers/BSP/X-NUCLEO-IHMxx" -O0 -ffunction-sections -fdata-sections -Wall -fstack-usage -fcyclomatic-complexity -MMD -MP -MF"Application/User/stm32f4xx_nucleo.d" -MT"Application/User/stm32f4xx_nucleo.o" --specs=nano.specs -mfpu=fpv4-sp-d16 -mfloat-abi=hard -mthumb -o "Application/User/stm32f4xx_nucleo.o"
arm-none-eabi-gcc "D:/Fiverr/TOF Sensor with Servo_NUCLEO F446RE/VL53L5CX_SimpleRanging/Src/stm32f4xx_nucleo_bus.c" -mcpu=cortex-m4 -std=gnu11 -g3 -DDEBUG -DUSE_HAL_DRIVER -DSTM32F401xE -c -I../../Inc -I../../Drivers/STM32F4xx_HAL_Driver/Inc -I../../Drivers/STM32F4xx_HAL_Driver/Inc/Legacy -I../../Drivers/CMSIS/Device/ST/STM32F4xx/Include -I../../Drivers/CMSIS/Include -I../../Drivers/BSP/Components/vl53l5cx/modules -I../../Drivers/BSP/Components/vl53l5cx/porting -I../../Drivers/BSP/Components/vl53l5cx -I"D:/Fiverr/TOF Sensor with Servo_NUCLEO F446RE/VL53L5CX_SimpleRanging/STM32CubeIDE/Drivers/BSP/Components/Common" -I"D:/Fiverr/TOF Sensor with Servo_NUCLEO F446RE/VL53L5CX_SimpleRanging/STM32CubeIDE/Drivers/BSP/Components/l6208" -I"D:/Fiverr/TOF Sensor with Servo_NUCLEO F446RE/VL53L5CX_SimpleRanging/STM32CubeIDE/Drivers/BSP/STM32F4xx-Nucleo_Servo" -I"D:/Fiverr/TOF Sensor with Servo_NUCLEO F446RE/VL53L5CX_SimpleRanging/STM32CubeIDE/Drivers/BSP/X-NUCLEO-IHMxx" -O0 -ffunction-sections -fdata-sections -Wall -fstack-usage -fcyclomatic-complexity -MMD -MP -MF"Application/User/stm32f4xx_nucleo_bus.d" -MT"Application/User/stm32f4xx_nucleo_bus.o" --specs=nano.specs -mfpu=fpv4-sp-d16 -mfloat-abi=hard -mthumb -o "Application/User/stm32f4xx_nucleo_bus.o"
arm-none-eabi-gcc -o "VL53L5CX_SimpleRanging.elf" @"objects.list"   -mcpu=cortex-m4 -T"D:\Fiverr\TOF Sensor with Servo_NUCLEO F446RE\VL53L5CX_SimpleRanging\STM32CubeIDE\STM32F401RETX_FLASH.ld" --specs=nosys.specs -Wl,-Map="VL53L5CX_SimpleRanging.map" -Wl,--gc-sections -static --specs=nano.specs -mfpu=fpv4-sp-d16 -mfloat-abi=hard -mthumb -Wl,--start-group -lc -lm -Wl,--end-group
C:/ST/STM32CubeIDE_1.15.1/STM32CubeIDE/plugins/com.st.stm32cube.ide.mcu.externaltools.gnu-tools-for-stm32.12.3.rel1.win32_1.0.100.202403111256/tools/bin/../lib/gcc/arm-none-eabi/12.3.1/../../../../arm-none-eabi/bin/ld.exe: warning: VL53L5CX_SimpleRanging.elf has a LOAD segment with RWX permissions
Finished building target: VL53L5CX_SimpleRanging.elf
 
arm-none-eabi-size  VL53L5CX_SimpleRanging.elf 
arm-none-eabi-objdump -h -S VL53L5CX_SimpleRanging.elf  > "VL53L5CX_SimpleRanging.list"
   text	   data	    bss	    dec	    hex	filename
 138860	    536	   9152	 148548	  24444	VL53L5CX_SimpleRanging.elf
Finished building: default.size.stdout
 
Finished building: VL53L5CX_SimpleRanging.list
 

08:37:19 Build Finished. 0 errors, 1 warnings. (took 2s.395ms)

